   text	   data	    bss	    dec	    hex	filename
    728	      0	     25	    753	    2f1	build/apollo4p_blue_kxr_evb/arm-none-eabi/src/ns-core/heap_4.o
    220	      0	     16	    236	     ec	build/apollo4p_blue_kxr_evb/arm-none-eabi/src/ns-core/ns_core.o
    668	  53248	      4	  53920	   d2a0	build/apollo4p_blue_kxr_evb/arm-none-eabi/src/ns-core/apollo4p/gcc/startup_gcc.o
    484	      0	      0	    484	    1e4	build/apollo4p_blue_kxr_evb/arm-none-eabi/src/edge-impulse/edge-impulse-sdk/CMSIS/DSP/Source/TransformFunctions/arm_bitreversal.o
    244	      0	      0	    244	     f4	build/apollo4p_blue_kxr_evb/arm-none-eabi/src/edge-impulse/edge-impulse-sdk/CMSIS/DSP/Source/TransformFunctions/arm_bitreversal2.o
      0	      0	      0	      0	      0	build/apollo4p_blue_kxr_evb/arm-none-eabi/src/edge-impulse/edge-impulse-sdk/CMSIS/DSP/Source/TransformFunctions/arm_bitreversal_f16.o
      0	      0	      0	      0	      0	build/apollo4p_blue_kxr_evb/arm-none-eabi/src/edge-impulse/edge-impulse-sdk/CMSIS/DSP/Source/TransformFunctions/arm_cfft_f16.o
   1884	      0	      0	   1884	    75c	build/apollo4p_blue_kxr_evb/arm-none-eabi/src/edge-impulse/edge-impulse-sdk/CMSIS/DSP/Source/TransformFunctions/arm_cfft_f32.o
   1544	      0	      0	   1544	    608	build/apollo4p_blue_kxr_evb/arm-none-eabi/src/edge-impulse/edge-impulse-sdk/CMSIS/DSP/Source/TransformFunctions/arm_cfft_f64.o
      0	      0	      0	      0	      0	build/apollo4p_blue_kxr_evb/arm-none-eabi/src/edge-impulse/edge-impulse-sdk/CMSIS/DSP/Source/TransformFunctions/arm_cfft_init_f16.o
    152	      0	      0	    152	     98	build/apollo4p_blue_kxr_evb/arm-none-eabi/src/edge-impulse/edge-impulse-sdk/CMSIS/DSP/Source/TransformFunctions/arm_cfft_init_f32.o
    152	      0	      0	    152	     98	build/apollo4p_blue_kxr_evb/arm-none-eabi/src/edge-impulse/edge-impulse-sdk/CMSIS/DSP/Source/TransformFunctions/arm_cfft_init_f64.o
    152	      0	      0	    152	     98	build/apollo4p_blue_kxr_evb/arm-none-eabi/src/edge-impulse/edge-impulse-sdk/CMSIS/DSP/Source/TransformFunctions/arm_cfft_init_q15.o
    152	      0	      0	    152	     98	build/apollo4p_blue_kxr_evb/arm-none-eabi/src/edge-impulse/edge-impulse-sdk/CMSIS/DSP/Source/TransformFunctions/arm_cfft_init_q31.o
    608	      0	      0	    608	    260	build/apollo4p_blue_kxr_evb/arm-none-eabi/src/edge-impulse/edge-impulse-sdk/CMSIS/DSP/Source/TransformFunctions/arm_cfft_q15.o
    768	      0	      0	    768	    300	build/apollo4p_blue_kxr_evb/arm-none-eabi/src/edge-impulse/edge-impulse-sdk/CMSIS/DSP/Source/TransformFunctions/arm_cfft_q31.o
      0	      0	      0	      0	      0	build/apollo4p_blue_kxr_evb/arm-none-eabi/src/edge-impulse/edge-impulse-sdk/CMSIS/DSP/Source/TransformFunctions/arm_cfft_radix2_f16.o
    856	      0	      0	    856	    358	build/apollo4p_blue_kxr_evb/arm-none-eabi/src/edge-impulse/edge-impulse-sdk/CMSIS/DSP/Source/TransformFunctions/arm_cfft_radix2_f32.o
      0	      0	      0	      0	      0	build/apollo4p_blue_kxr_evb/arm-none-eabi/src/edge-impulse/edge-impulse-sdk/CMSIS/DSP/Source/TransformFunctions/arm_cfft_radix2_init_f16.o
    284	      0	      0	    284	    11c	build/apollo4p_blue_kxr_evb/arm-none-eabi/src/edge-impulse/edge-impulse-sdk/CMSIS/DSP/Source/TransformFunctions/arm_cfft_radix2_init_f32.o
    228	      0	      0	    228	     e4	build/apollo4p_blue_kxr_evb/arm-none-eabi/src/edge-impulse/edge-impulse-sdk/CMSIS/DSP/Source/TransformFunctions/arm_cfft_radix2_init_q15.o
    228	      0	      0	    228	     e4	build/apollo4p_blue_kxr_evb/arm-none-eabi/src/edge-impulse/edge-impulse-sdk/CMSIS/DSP/Source/TransformFunctions/arm_cfft_radix2_init_q31.o
    960	      0	      0	    960	    3c0	build/apollo4p_blue_kxr_evb/arm-none-eabi/src/edge-impulse/edge-impulse-sdk/CMSIS/DSP/Source/TransformFunctions/arm_cfft_radix2_q15.o
   1144	      0	      0	   1144	    478	build/apollo4p_blue_kxr_evb/arm-none-eabi/src/edge-impulse/edge-impulse-sdk/CMSIS/DSP/Source/TransformFunctions/arm_cfft_radix2_q31.o
      0	      0	      0	      0	      0	build/apollo4p_blue_kxr_evb/arm-none-eabi/src/edge-impulse/edge-impulse-sdk/CMSIS/DSP/Source/TransformFunctions/arm_cfft_radix4_f16.o
   1196	      0	      0	   1196	    4ac	build/apollo4p_blue_kxr_evb/arm-none-eabi/src/edge-impulse/edge-impulse-sdk/CMSIS/DSP/Source/TransformFunctions/arm_cfft_radix4_f32.o
      0	      0	      0	      0	      0	build/apollo4p_blue_kxr_evb/arm-none-eabi/src/edge-impulse/edge-impulse-sdk/CMSIS/DSP/Source/TransformFunctions/arm_cfft_radix4_init_f16.o
    172	      0	      0	    172	     ac	build/apollo4p_blue_kxr_evb/arm-none-eabi/src/edge-impulse/edge-impulse-sdk/CMSIS/DSP/Source/TransformFunctions/arm_cfft_radix4_init_f32.o
    140	      0	      0	    140	     8c	build/apollo4p_blue_kxr_evb/arm-none-eabi/src/edge-impulse/edge-impulse-sdk/CMSIS/DSP/Source/TransformFunctions/arm_cfft_radix4_init_q15.o
    140	      0	      0	    140	     8c	build/apollo4p_blue_kxr_evb/arm-none-eabi/src/edge-impulse/edge-impulse-sdk/CMSIS/DSP/Source/TransformFunctions/arm_cfft_radix4_init_q31.o
   1260	      0	      0	   1260	    4ec	build/apollo4p_blue_kxr_evb/arm-none-eabi/src/edge-impulse/edge-impulse-sdk/CMSIS/DSP/Source/TransformFunctions/arm_cfft_radix4_q15.o
   1856	      0	      0	   1856	    740	build/apollo4p_blue_kxr_evb/arm-none-eabi/src/edge-impulse/edge-impulse-sdk/CMSIS/DSP/Source/TransformFunctions/arm_cfft_radix4_q31.o
      0	      0	      0	      0	      0	build/apollo4p_blue_kxr_evb/arm-none-eabi/src/edge-impulse/edge-impulse-sdk/CMSIS/DSP/Source/TransformFunctions/arm_cfft_radix8_f16.o
   1396	      0	      0	   1396	    574	build/apollo4p_blue_kxr_evb/arm-none-eabi/src/edge-impulse/edge-impulse-sdk/CMSIS/DSP/Source/TransformFunctions/arm_cfft_radix8_f32.o
    200	      0	      0	    200	     c8	build/apollo4p_blue_kxr_evb/arm-none-eabi/src/edge-impulse/edge-impulse-sdk/CMSIS/DSP/Source/TransformFunctions/arm_dct4_f32.o
    168	      0	      0	    168	     a8	build/apollo4p_blue_kxr_evb/arm-none-eabi/src/edge-impulse/edge-impulse-sdk/CMSIS/DSP/Source/TransformFunctions/arm_dct4_init_f32.o
    156	      0	      0	    156	     9c	build/apollo4p_blue_kxr_evb/arm-none-eabi/src/edge-impulse/edge-impulse-sdk/CMSIS/DSP/Source/TransformFunctions/arm_dct4_init_q15.o
    156	      0	      0	    156	     9c	build/apollo4p_blue_kxr_evb/arm-none-eabi/src/edge-impulse/edge-impulse-sdk/CMSIS/DSP/Source/TransformFunctions/arm_dct4_init_q31.o
    188	      0	      0	    188	     bc	build/apollo4p_blue_kxr_evb/arm-none-eabi/src/edge-impulse/edge-impulse-sdk/CMSIS/DSP/Source/TransformFunctions/arm_dct4_q15.o
    220	      0	      0	    220	     dc	build/apollo4p_blue_kxr_evb/arm-none-eabi/src/edge-impulse/edge-impulse-sdk/CMSIS/DSP/Source/TransformFunctions/arm_dct4_q31.o
      0	      0	      0	      0	      0	build/apollo4p_blue_kxr_evb/arm-none-eabi/src/edge-impulse/edge-impulse-sdk/CMSIS/DSP/Source/TransformFunctions/arm_mfcc_f16.o
    220	      0	      0	    220	     dc	build/apollo4p_blue_kxr_evb/arm-none-eabi/src/edge-impulse/edge-impulse-sdk/CMSIS/DSP/Source/TransformFunctions/arm_mfcc_f32.o
      0	      0	      0	      0	      0	build/apollo4p_blue_kxr_evb/arm-none-eabi/src/edge-impulse/edge-impulse-sdk/CMSIS/DSP/Source/TransformFunctions/arm_mfcc_init_f16.o
     48	      0	      0	     48	     30	build/apollo4p_blue_kxr_evb/arm-none-eabi/src/edge-impulse/edge-impulse-sdk/CMSIS/DSP/Source/TransformFunctions/arm_mfcc_init_f32.o
     56	      0	      0	     56	     38	build/apollo4p_blue_kxr_evb/arm-none-eabi/src/edge-impulse/edge-impulse-sdk/CMSIS/DSP/Source/TransformFunctions/arm_mfcc_init_q15.o
     56	      0	      0	     56	     38	build/apollo4p_blue_kxr_evb/arm-none-eabi/src/edge-impulse/edge-impulse-sdk/CMSIS/DSP/Source/TransformFunctions/arm_mfcc_init_q31.o
    344	      0	      0	    344	    158	build/apollo4p_blue_kxr_evb/arm-none-eabi/src/edge-impulse/edge-impulse-sdk/CMSIS/DSP/Source/TransformFunctions/arm_mfcc_q15.o
    312	      0	      0	    312	    138	build/apollo4p_blue_kxr_evb/arm-none-eabi/src/edge-impulse/edge-impulse-sdk/CMSIS/DSP/Source/TransformFunctions/arm_mfcc_q31.o
    468	      0	      0	    468	    1d4	build/apollo4p_blue_kxr_evb/arm-none-eabi/src/edge-impulse/edge-impulse-sdk/CMSIS/DSP/Source/TransformFunctions/arm_rfft_f32.o
      0	      0	      0	      0	      0	build/apollo4p_blue_kxr_evb/arm-none-eabi/src/edge-impulse/edge-impulse-sdk/CMSIS/DSP/Source/TransformFunctions/arm_rfft_fast_f16.o
    388	      0	      0	    388	    184	build/apollo4p_blue_kxr_evb/arm-none-eabi/src/edge-impulse/edge-impulse-sdk/CMSIS/DSP/Source/TransformFunctions/arm_rfft_fast_f32.o
    836	      0	      0	    836	    344	build/apollo4p_blue_kxr_evb/arm-none-eabi/src/edge-impulse/edge-impulse-sdk/CMSIS/DSP/Source/TransformFunctions/arm_rfft_fast_f64.o
      0	      0	      0	      0	      0	build/apollo4p_blue_kxr_evb/arm-none-eabi/src/edge-impulse/edge-impulse-sdk/CMSIS/DSP/Source/TransformFunctions/arm_rfft_fast_init_f16.o
    420	      0	      0	    420	    1a4	build/apollo4p_blue_kxr_evb/arm-none-eabi/src/edge-impulse/edge-impulse-sdk/CMSIS/DSP/Source/TransformFunctions/arm_rfft_fast_init_f32.o
    596	      0	      0	    596	    254	build/apollo4p_blue_kxr_evb/arm-none-eabi/src/edge-impulse/edge-impulse-sdk/CMSIS/DSP/Source/TransformFunctions/arm_rfft_fast_init_f64.o
    148	      0	      0	    148	     94	build/apollo4p_blue_kxr_evb/arm-none-eabi/src/edge-impulse/edge-impulse-sdk/CMSIS/DSP/Source/TransformFunctions/arm_rfft_init_f32.o
    224	      0	      0	    224	     e0	build/apollo4p_blue_kxr_evb/arm-none-eabi/src/edge-impulse/edge-impulse-sdk/CMSIS/DSP/Source/TransformFunctions/arm_rfft_init_q15.o
    224	      0	      0	    224	     e0	build/apollo4p_blue_kxr_evb/arm-none-eabi/src/edge-impulse/edge-impulse-sdk/CMSIS/DSP/Source/TransformFunctions/arm_rfft_init_q31.o
    364	      0	      0	    364	    16c	build/apollo4p_blue_kxr_evb/arm-none-eabi/src/edge-impulse/edge-impulse-sdk/CMSIS/DSP/Source/TransformFunctions/arm_rfft_q15.o
    668	      0	      0	    668	    29c	build/apollo4p_blue_kxr_evb/arm-none-eabi/src/edge-impulse/edge-impulse-sdk/CMSIS/DSP/Source/TransformFunctions/arm_rfft_q31.o
 919138	      0	      0	 919138	  e0662	build/apollo4p_blue_kxr_evb/arm-none-eabi/src/edge-impulse/edge-impulse-sdk/CMSIS/DSP/Source/CommonTables/arm_common_tables.o
      0	      0	      0	      0	      0	build/apollo4p_blue_kxr_evb/arm-none-eabi/src/edge-impulse/edge-impulse-sdk/CMSIS/DSP/Source/CommonTables/arm_common_tables_f16.o
   1392	      0	      0	   1392	    570	build/apollo4p_blue_kxr_evb/arm-none-eabi/src/edge-impulse/edge-impulse-sdk/CMSIS/DSP/Source/CommonTables/arm_const_structs.o
      0	      0	      0	      0	      0	build/apollo4p_blue_kxr_evb/arm-none-eabi/src/edge-impulse/edge-impulse-sdk/CMSIS/DSP/Source/CommonTables/arm_const_structs_f16.o
      0	      0	      0	      0	      0	build/apollo4p_blue_kxr_evb/arm-none-eabi/src/edge-impulse/edge-impulse-sdk/CMSIS/DSP/Source/CommonTables/arm_mve_tables.o
      0	      0	      0	      0	      0	build/apollo4p_blue_kxr_evb/arm-none-eabi/src/edge-impulse/edge-impulse-sdk/CMSIS/DSP/Source/CommonTables/arm_mve_tables_f16.o
      0	      0	      0	      0	      0	build/apollo4p_blue_kxr_evb/arm-none-eabi/src/edge-impulse/edge-impulse-sdk/CMSIS/DSP/Source/BasicMathFunctions/arm_abs_f16.o
     20	      0	      0	     20	     14	build/apollo4p_blue_kxr_evb/arm-none-eabi/src/edge-impulse/edge-impulse-sdk/CMSIS/DSP/Source/BasicMathFunctions/arm_abs_f32.o
     32	      0	      0	     32	     20	build/apollo4p_blue_kxr_evb/arm-none-eabi/src/edge-impulse/edge-impulse-sdk/CMSIS/DSP/Source/BasicMathFunctions/arm_abs_f64.o
     32	      0	      0	     32	     20	build/apollo4p_blue_kxr_evb/arm-none-eabi/src/edge-impulse/edge-impulse-sdk/CMSIS/DSP/Source/BasicMathFunctions/arm_abs_q15.o
     28	      0	      0	     28	     1c	build/apollo4p_blue_kxr_evb/arm-none-eabi/src/edge-impulse/edge-impulse-sdk/CMSIS/DSP/Source/BasicMathFunctions/arm_abs_q31.o
     32	      0	      0	     32	     20	build/apollo4p_blue_kxr_evb/arm-none-eabi/src/edge-impulse/edge-impulse-sdk/CMSIS/DSP/Source/BasicMathFunctions/arm_abs_q7.o
      0	      0	      0	      0	      0	build/apollo4p_blue_kxr_evb/arm-none-eabi/src/edge-impulse/edge-impulse-sdk/CMSIS/DSP/Source/BasicMathFunctions/arm_add_f16.o
     24	      0	      0	     24	     18	build/apollo4p_blue_kxr_evb/arm-none-eabi/src/edge-impulse/edge-impulse-sdk/CMSIS/DSP/Source/BasicMathFunctions/arm_add_f32.o
     36	      0	      0	     36	     24	build/apollo4p_blue_kxr_evb/arm-none-eabi/src/edge-impulse/edge-impulse-sdk/CMSIS/DSP/Source/BasicMathFunctions/arm_add_f64.o
     32	      0	      0	     32	     20	build/apollo4p_blue_kxr_evb/arm-none-eabi/src/edge-impulse/edge-impulse-sdk/CMSIS/DSP/Source/BasicMathFunctions/arm_add_q15.o
     32	      0	      0	     32	     20	build/apollo4p_blue_kxr_evb/arm-none-eabi/src/edge-impulse/edge-impulse-sdk/CMSIS/DSP/Source/BasicMathFunctions/arm_add_q31.o
     36	      0	      0	     36	     24	build/apollo4p_blue_kxr_evb/arm-none-eabi/src/edge-impulse/edge-impulse-sdk/CMSIS/DSP/Source/BasicMathFunctions/arm_add_q7.o
     32	      0	      0	     32	     20	build/apollo4p_blue_kxr_evb/arm-none-eabi/src/edge-impulse/edge-impulse-sdk/CMSIS/DSP/Source/BasicMathFunctions/arm_and_u16.o
     32	      0	      0	     32	     20	build/apollo4p_blue_kxr_evb/arm-none-eabi/src/edge-impulse/edge-impulse-sdk/CMSIS/DSP/Source/BasicMathFunctions/arm_and_u32.o
     32	      0	      0	     32	     20	build/apollo4p_blue_kxr_evb/arm-none-eabi/src/edge-impulse/edge-impulse-sdk/CMSIS/DSP/Source/BasicMathFunctions/arm_and_u8.o
      0	      0	      0	      0	      0	build/apollo4p_blue_kxr_evb/arm-none-eabi/src/edge-impulse/edge-impulse-sdk/CMSIS/DSP/Source/BasicMathFunctions/arm_clip_f16.o
     52	      0	      0	     52	     34	build/apollo4p_blue_kxr_evb/arm-none-eabi/src/edge-impulse/edge-impulse-sdk/CMSIS/DSP/Source/BasicMathFunctions/arm_clip_f32.o
     44	      0	      0	     44	     2c	build/apollo4p_blue_kxr_evb/arm-none-eabi/src/edge-impulse/edge-impulse-sdk/CMSIS/DSP/Source/BasicMathFunctions/arm_clip_q15.o
     44	      0	      0	     44	     2c	build/apollo4p_blue_kxr_evb/arm-none-eabi/src/edge-impulse/edge-impulse-sdk/CMSIS/DSP/Source/BasicMathFunctions/arm_clip_q31.o
     44	      0	      0	     44	     2c	build/apollo4p_blue_kxr_evb/arm-none-eabi/src/edge-impulse/edge-impulse-sdk/CMSIS/DSP/Source/BasicMathFunctions/arm_clip_q7.o
      0	      0	      0	      0	      0	build/apollo4p_blue_kxr_evb/arm-none-eabi/src/edge-impulse/edge-impulse-sdk/CMSIS/DSP/Source/BasicMathFunctions/arm_dot_prod_f16.o
     32	      0	      0	     32	     20	build/apollo4p_blue_kxr_evb/arm-none-eabi/src/edge-impulse/edge-impulse-sdk/CMSIS/DSP/Source/BasicMathFunctions/arm_dot_prod_f32.o
     72	      0	      0	     72	     48	build/apollo4p_blue_kxr_evb/arm-none-eabi/src/edge-impulse/edge-impulse-sdk/CMSIS/DSP/Source/BasicMathFunctions/arm_dot_prod_f64.o
     32	      0	      0	     32	     20	build/apollo4p_blue_kxr_evb/arm-none-eabi/src/edge-impulse/edge-impulse-sdk/CMSIS/DSP/Source/BasicMathFunctions/arm_dot_prod_q15.o
     60	      0	      0	     60	     3c	build/apollo4p_blue_kxr_evb/arm-none-eabi/src/edge-impulse/edge-impulse-sdk/CMSIS/DSP/Source/BasicMathFunctions/arm_dot_prod_q31.o
     32	      0	      0	     32	     20	build/apollo4p_blue_kxr_evb/arm-none-eabi/src/edge-impulse/edge-impulse-sdk/CMSIS/DSP/Source/BasicMathFunctions/arm_dot_prod_q7.o
      0	      0	      0	      0	      0	build/apollo4p_blue_kxr_evb/arm-none-eabi/src/edge-impulse/edge-impulse-sdk/CMSIS/DSP/Source/BasicMathFunctions/arm_mult_f16.o
     24	      0	      0	     24	     18	build/apollo4p_blue_kxr_evb/arm-none-eabi/src/edge-impulse/edge-impulse-sdk/CMSIS/DSP/Source/BasicMathFunctions/arm_mult_f32.o
     36	      0	      0	     36	     24	build/apollo4p_blue_kxr_evb/arm-none-eabi/src/edge-impulse/edge-impulse-sdk/CMSIS/DSP/Source/BasicMathFunctions/arm_mult_f64.o
     40	      0	      0	     40	     28	build/apollo4p_blue_kxr_evb/arm-none-eabi/src/edge-impulse/edge-impulse-sdk/CMSIS/DSP/Source/BasicMathFunctions/arm_mult_q15.o
     36	      0	      0	     36	     24	build/apollo4p_blue_kxr_evb/arm-none-eabi/src/edge-impulse/edge-impulse-sdk/CMSIS/DSP/Source/BasicMathFunctions/arm_mult_q31.o
     40	      0	      0	     40	     28	build/apollo4p_blue_kxr_evb/arm-none-eabi/src/edge-impulse/edge-impulse-sdk/CMSIS/DSP/Source/BasicMathFunctions/arm_mult_q7.o
      0	      0	      0	      0	      0	build/apollo4p_blue_kxr_evb/arm-none-eabi/src/edge-impulse/edge-impulse-sdk/CMSIS/DSP/Source/BasicMathFunctions/arm_negate_f16.o
     20	      0	      0	     20	     14	build/apollo4p_blue_kxr_evb/arm-none-eabi/src/edge-impulse/edge-impulse-sdk/CMSIS/DSP/Source/BasicMathFunctions/arm_negate_f32.o
     32	      0	      0	     32	     20	build/apollo4p_blue_kxr_evb/arm-none-eabi/src/edge-impulse/edge-impulse-sdk/CMSIS/DSP/Source/BasicMathFunctions/arm_negate_f64.o
     32	      0	      0	     32	     20	build/apollo4p_blue_kxr_evb/arm-none-eabi/src/edge-impulse/edge-impulse-sdk/CMSIS/DSP/Source/BasicMathFunctions/arm_negate_q15.o
     24	      0	      0	     24	     18	build/apollo4p_blue_kxr_evb/arm-none-eabi/src/edge-impulse/edge-impulse-sdk/CMSIS/DSP/Source/BasicMathFunctions/arm_negate_q31.o
     28	      0	      0	     28	     1c	build/apollo4p_blue_kxr_evb/arm-none-eabi/src/edge-impulse/edge-impulse-sdk/CMSIS/DSP/Source/BasicMathFunctions/arm_negate_q7.o
     20	      0	      0	     20	     14	build/apollo4p_blue_kxr_evb/arm-none-eabi/src/edge-impulse/edge-impulse-sdk/CMSIS/DSP/Source/BasicMathFunctions/arm_not_u16.o
     20	      0	      0	     20	     14	build/apollo4p_blue_kxr_evb/arm-none-eabi/src/edge-impulse/edge-impulse-sdk/CMSIS/DSP/Source/BasicMathFunctions/arm_not_u32.o
     20	      0	      0	     20	     14	build/apollo4p_blue_kxr_evb/arm-none-eabi/src/edge-impulse/edge-impulse-sdk/CMSIS/DSP/Source/BasicMathFunctions/arm_not_u8.o
      0	      0	      0	      0	      0	build/apollo4p_blue_kxr_evb/arm-none-eabi/src/edge-impulse/edge-impulse-sdk/CMSIS/DSP/Source/BasicMathFunctions/arm_offset_f16.o
     20	      0	      0	     20	     14	build/apollo4p_blue_kxr_evb/arm-none-eabi/src/edge-impulse/edge-impulse-sdk/CMSIS/DSP/Source/BasicMathFunctions/arm_offset_f32.o
     44	      0	      0	     44	     2c	build/apollo4p_blue_kxr_evb/arm-none-eabi/src/edge-impulse/edge-impulse-sdk/CMSIS/DSP/Source/BasicMathFunctions/arm_offset_f64.o
     20	      0	      0	     20	     14	build/apollo4p_blue_kxr_evb/arm-none-eabi/src/edge-impulse/edge-impulse-sdk/CMSIS/DSP/Source/BasicMathFunctions/arm_offset_q15.o
     28	      0	      0	     28	     1c	build/apollo4p_blue_kxr_evb/arm-none-eabi/src/edge-impulse/edge-impulse-sdk/CMSIS/DSP/Source/BasicMathFunctions/arm_offset_q31.o
     24	      0	      0	     24	     18	build/apollo4p_blue_kxr_evb/arm-none-eabi/src/edge-impulse/edge-impulse-sdk/CMSIS/DSP/Source/BasicMathFunctions/arm_offset_q7.o
     32	      0	      0	     32	     20	build/apollo4p_blue_kxr_evb/arm-none-eabi/src/edge-impulse/edge-impulse-sdk/CMSIS/DSP/Source/BasicMathFunctions/arm_or_u16.o
     32	      0	      0	     32	     20	build/apollo4p_blue_kxr_evb/arm-none-eabi/src/edge-impulse/edge-impulse-sdk/CMSIS/DSP/Source/BasicMathFunctions/arm_or_u32.o
     32	      0	      0	     32	     20	build/apollo4p_blue_kxr_evb/arm-none-eabi/src/edge-impulse/edge-impulse-sdk/CMSIS/DSP/Source/BasicMathFunctions/arm_or_u8.o
      0	      0	      0	      0	      0	build/apollo4p_blue_kxr_evb/arm-none-eabi/src/edge-impulse/edge-impulse-sdk/CMSIS/DSP/Source/BasicMathFunctions/arm_scale_f16.o
     20	      0	      0	     20	     14	build/apollo4p_blue_kxr_evb/arm-none-eabi/src/edge-impulse/edge-impulse-sdk/CMSIS/DSP/Source/BasicMathFunctions/arm_scale_f32.o
     44	      0	      0	     44	     2c	build/apollo4p_blue_kxr_evb/arm-none-eabi/src/edge-impulse/edge-impulse-sdk/CMSIS/DSP/Source/BasicMathFunctions/arm_scale_f64.o
     44	      0	      0	     44	     2c	build/apollo4p_blue_kxr_evb/arm-none-eabi/src/edge-impulse/edge-impulse-sdk/CMSIS/DSP/Source/BasicMathFunctions/arm_scale_q15.o
     88	      0	      0	     88	     58	build/apollo4p_blue_kxr_evb/arm-none-eabi/src/edge-impulse/edge-impulse-sdk/CMSIS/DSP/Source/BasicMathFunctions/arm_scale_q31.o
     44	      0	      0	     44	     2c	build/apollo4p_blue_kxr_evb/arm-none-eabi/src/edge-impulse/edge-impulse-sdk/CMSIS/DSP/Source/BasicMathFunctions/arm_scale_q7.o
     52	      0	      0	     52	     34	build/apollo4p_blue_kxr_evb/arm-none-eabi/src/edge-impulse/edge-impulse-sdk/CMSIS/DSP/Source/BasicMathFunctions/arm_shift_q15.o
    100	      0	      0	    100	     64	build/apollo4p_blue_kxr_evb/arm-none-eabi/src/edge-impulse/edge-impulse-sdk/CMSIS/DSP/Source/BasicMathFunctions/arm_shift_q31.o
     56	      0	      0	     56	     38	build/apollo4p_blue_kxr_evb/arm-none-eabi/src/edge-impulse/edge-impulse-sdk/CMSIS/DSP/Source/BasicMathFunctions/arm_shift_q7.o
      0	      0	      0	      0	      0	build/apollo4p_blue_kxr_evb/arm-none-eabi/src/edge-impulse/edge-impulse-sdk/CMSIS/DSP/Source/BasicMathFunctions/arm_sub_f16.o
     24	      0	      0	     24	     18	build/apollo4p_blue_kxr_evb/arm-none-eabi/src/edge-impulse/edge-impulse-sdk/CMSIS/DSP/Source/BasicMathFunctions/arm_sub_f32.o
     36	      0	      0	     36	     24	build/apollo4p_blue_kxr_evb/arm-none-eabi/src/edge-impulse/edge-impulse-sdk/CMSIS/DSP/Source/BasicMathFunctions/arm_sub_f64.o
     32	      0	      0	     32	     20	build/apollo4p_blue_kxr_evb/arm-none-eabi/src/edge-impulse/edge-impulse-sdk/CMSIS/DSP/Source/BasicMathFunctions/arm_sub_q15.o
     32	      0	      0	     32	     20	build/apollo4p_blue_kxr_evb/arm-none-eabi/src/edge-impulse/edge-impulse-sdk/CMSIS/DSP/Source/BasicMathFunctions/arm_sub_q31.o
     36	      0	      0	     36	     24	build/apollo4p_blue_kxr_evb/arm-none-eabi/src/edge-impulse/edge-impulse-sdk/CMSIS/DSP/Source/BasicMathFunctions/arm_sub_q7.o
     32	      0	      0	     32	     20	build/apollo4p_blue_kxr_evb/arm-none-eabi/src/edge-impulse/edge-impulse-sdk/CMSIS/DSP/Source/BasicMathFunctions/arm_xor_u16.o
     32	      0	      0	     32	     20	build/apollo4p_blue_kxr_evb/arm-none-eabi/src/edge-impulse/edge-impulse-sdk/CMSIS/DSP/Source/BasicMathFunctions/arm_xor_u32.o
     32	      0	      0	     32	     20	build/apollo4p_blue_kxr_evb/arm-none-eabi/src/edge-impulse/edge-impulse-sdk/CMSIS/DSP/Source/BasicMathFunctions/arm_xor_u8.o
      0	      0	      0	      0	      0	build/apollo4p_blue_kxr_evb/arm-none-eabi/src/edge-impulse/edge-impulse-sdk/CMSIS/DSP/Source/ComplexMathFunctions/arm_cmplx_conj_f16.o
     40	      0	      0	     40	     28	build/apollo4p_blue_kxr_evb/arm-none-eabi/src/edge-impulse/edge-impulse-sdk/CMSIS/DSP/Source/ComplexMathFunctions/arm_cmplx_conj_f32.o
     48	      0	      0	     48	     30	build/apollo4p_blue_kxr_evb/arm-none-eabi/src/edge-impulse/edge-impulse-sdk/CMSIS/DSP/Source/ComplexMathFunctions/arm_cmplx_conj_q15.o
     44	      0	      0	     44	     2c	build/apollo4p_blue_kxr_evb/arm-none-eabi/src/edge-impulse/edge-impulse-sdk/CMSIS/DSP/Source/ComplexMathFunctions/arm_cmplx_conj_q31.o
      0	      0	      0	      0	      0	build/apollo4p_blue_kxr_evb/arm-none-eabi/src/edge-impulse/edge-impulse-sdk/CMSIS/DSP/Source/ComplexMathFunctions/arm_cmplx_dot_prod_f16.o
    100	      0	      0	    100	     64	build/apollo4p_blue_kxr_evb/arm-none-eabi/src/edge-impulse/edge-impulse-sdk/CMSIS/DSP/Source/ComplexMathFunctions/arm_cmplx_dot_prod_f32.o
    132	      0	      0	    132	     84	build/apollo4p_blue_kxr_evb/arm-none-eabi/src/edge-impulse/edge-impulse-sdk/CMSIS/DSP/Source/ComplexMathFunctions/arm_cmplx_dot_prod_q15.o
    180	      0	      0	    180	     b4	build/apollo4p_blue_kxr_evb/arm-none-eabi/src/edge-impulse/edge-impulse-sdk/CMSIS/DSP/Source/ComplexMathFunctions/arm_cmplx_dot_prod_q31.o
      0	      0	      0	      0	      0	build/apollo4p_blue_kxr_evb/arm-none-eabi/src/edge-impulse/edge-impulse-sdk/CMSIS/DSP/Source/ComplexMathFunctions/arm_cmplx_mag_f16.o
     40	      0	      0	     40	     28	build/apollo4p_blue_kxr_evb/arm-none-eabi/src/edge-impulse/edge-impulse-sdk/CMSIS/DSP/Source/ComplexMathFunctions/arm_cmplx_mag_f32.o
     84	      0	      0	     84	     54	build/apollo4p_blue_kxr_evb/arm-none-eabi/src/edge-impulse/edge-impulse-sdk/CMSIS/DSP/Source/ComplexMathFunctions/arm_cmplx_mag_f64.o
     40	      0	      0	     40	     28	build/apollo4p_blue_kxr_evb/arm-none-eabi/src/edge-impulse/edge-impulse-sdk/CMSIS/DSP/Source/ComplexMathFunctions/arm_cmplx_mag_fast_q15.o
     48	      0	      0	     48	     30	build/apollo4p_blue_kxr_evb/arm-none-eabi/src/edge-impulse/edge-impulse-sdk/CMSIS/DSP/Source/ComplexMathFunctions/arm_cmplx_mag_q15.o
     52	      0	      0	     52	     34	build/apollo4p_blue_kxr_evb/arm-none-eabi/src/edge-impulse/edge-impulse-sdk/CMSIS/DSP/Source/ComplexMathFunctions/arm_cmplx_mag_q31.o
      0	      0	      0	      0	      0	build/apollo4p_blue_kxr_evb/arm-none-eabi/src/edge-impulse/edge-impulse-sdk/CMSIS/DSP/Source/ComplexMathFunctions/arm_cmplx_mag_squared_f16.o
     36	      0	      0	     36	     24	build/apollo4p_blue_kxr_evb/arm-none-eabi/src/edge-impulse/edge-impulse-sdk/CMSIS/DSP/Source/ComplexMathFunctions/arm_cmplx_mag_squared_f32.o
     76	      0	      0	     76	     4c	build/apollo4p_blue_kxr_evb/arm-none-eabi/src/edge-impulse/edge-impulse-sdk/CMSIS/DSP/Source/ComplexMathFunctions/arm_cmplx_mag_squared_f64.o
     24	      0	      0	     24	     18	build/apollo4p_blue_kxr_evb/arm-none-eabi/src/edge-impulse/edge-impulse-sdk/CMSIS/DSP/Source/ComplexMathFunctions/arm_cmplx_mag_squared_q15.o
     44	      0	      0	     44	     2c	build/apollo4p_blue_kxr_evb/arm-none-eabi/src/edge-impulse/edge-impulse-sdk/CMSIS/DSP/Source/ComplexMathFunctions/arm_cmplx_mag_squared_q31.o
      0	      0	      0	      0	      0	build/apollo4p_blue_kxr_evb/arm-none-eabi/src/edge-impulse/edge-impulse-sdk/CMSIS/DSP/Source/ComplexMathFunctions/arm_cmplx_mult_cmplx_f16.o
     68	      0	      0	     68	     44	build/apollo4p_blue_kxr_evb/arm-none-eabi/src/edge-impulse/edge-impulse-sdk/CMSIS/DSP/Source/ComplexMathFunctions/arm_cmplx_mult_cmplx_f32.o
    164	      0	      0	    164	     a4	build/apollo4p_blue_kxr_evb/arm-none-eabi/src/edge-impulse/edge-impulse-sdk/CMSIS/DSP/Source/ComplexMathFunctions/arm_cmplx_mult_cmplx_f64.o
     84	      0	      0	     84	     54	build/apollo4p_blue_kxr_evb/arm-none-eabi/src/edge-impulse/edge-impulse-sdk/CMSIS/DSP/Source/ComplexMathFunctions/arm_cmplx_mult_cmplx_q15.o
     88	      0	      0	     88	     58	build/apollo4p_blue_kxr_evb/arm-none-eabi/src/edge-impulse/edge-impulse-sdk/CMSIS/DSP/Source/ComplexMathFunctions/arm_cmplx_mult_cmplx_q31.o
      0	      0	      0	      0	      0	build/apollo4p_blue_kxr_evb/arm-none-eabi/src/edge-impulse/edge-impulse-sdk/CMSIS/DSP/Source/ComplexMathFunctions/arm_cmplx_mult_real_f16.o
     48	      0	      0	     48	     30	build/apollo4p_blue_kxr_evb/arm-none-eabi/src/edge-impulse/edge-impulse-sdk/CMSIS/DSP/Source/ComplexMathFunctions/arm_cmplx_mult_real_f32.o
     68	      0	      0	     68	     44	build/apollo4p_blue_kxr_evb/arm-none-eabi/src/edge-impulse/edge-impulse-sdk/CMSIS/DSP/Source/ComplexMathFunctions/arm_cmplx_mult_real_q15.o
     68	      0	      0	     68	     44	build/apollo4p_blue_kxr_evb/arm-none-eabi/src/edge-impulse/edge-impulse-sdk/CMSIS/DSP/Source/ComplexMathFunctions/arm_cmplx_mult_real_q31.o
      0	      0	      0	      0	      0	build/apollo4p_blue_kxr_evb/arm-none-eabi/src/edge-impulse/edge-impulse-sdk/CMSIS/DSP/Source/FastMathFunctions/arm_atan2_f16.o
    460	      0	      0	    460	    1cc	build/apollo4p_blue_kxr_evb/arm-none-eabi/src/edge-impulse/edge-impulse-sdk/CMSIS/DSP/Source/FastMathFunctions/arm_atan2_f32.o
    628	      0	      0	    628	    274	build/apollo4p_blue_kxr_evb/arm-none-eabi/src/edge-impulse/edge-impulse-sdk/CMSIS/DSP/Source/FastMathFunctions/arm_atan2_q15.o
   1136	      0	      0	   1136	    470	build/apollo4p_blue_kxr_evb/arm-none-eabi/src/edge-impulse/edge-impulse-sdk/CMSIS/DSP/Source/FastMathFunctions/arm_atan2_q31.o
    164	      0	      0	    164	     a4	build/apollo4p_blue_kxr_evb/arm-none-eabi/src/edge-impulse/edge-impulse-sdk/CMSIS/DSP/Source/FastMathFunctions/arm_cos_f32.o
     72	      0	      0	     72	     48	build/apollo4p_blue_kxr_evb/arm-none-eabi/src/edge-impulse/edge-impulse-sdk/CMSIS/DSP/Source/FastMathFunctions/arm_cos_q15.o
     68	      0	      0	     68	     44	build/apollo4p_blue_kxr_evb/arm-none-eabi/src/edge-impulse/edge-impulse-sdk/CMSIS/DSP/Source/FastMathFunctions/arm_cos_q31.o
    120	      0	      0	    120	     78	build/apollo4p_blue_kxr_evb/arm-none-eabi/src/edge-impulse/edge-impulse-sdk/CMSIS/DSP/Source/FastMathFunctions/arm_divide_q15.o
    156	      0	      0	    156	     9c	build/apollo4p_blue_kxr_evb/arm-none-eabi/src/edge-impulse/edge-impulse-sdk/CMSIS/DSP/Source/FastMathFunctions/arm_divide_q31.o
    152	      0	      0	    152	     98	build/apollo4p_blue_kxr_evb/arm-none-eabi/src/edge-impulse/edge-impulse-sdk/CMSIS/DSP/Source/FastMathFunctions/arm_sin_f32.o
     64	      0	      0	     64	     40	build/apollo4p_blue_kxr_evb/arm-none-eabi/src/edge-impulse/edge-impulse-sdk/CMSIS/DSP/Source/FastMathFunctions/arm_sin_q15.o
     68	      0	      0	     68	     44	build/apollo4p_blue_kxr_evb/arm-none-eabi/src/edge-impulse/edge-impulse-sdk/CMSIS/DSP/Source/FastMathFunctions/arm_sin_q31.o
    188	      0	      0	    188	     bc	build/apollo4p_blue_kxr_evb/arm-none-eabi/src/edge-impulse/edge-impulse-sdk/CMSIS/DSP/Source/FastMathFunctions/arm_sqrt_q15.o
    200	      0	      0	    200	     c8	build/apollo4p_blue_kxr_evb/arm-none-eabi/src/edge-impulse/edge-impulse-sdk/CMSIS/DSP/Source/FastMathFunctions/arm_sqrt_q31.o
      0	      0	      0	      0	      0	build/apollo4p_blue_kxr_evb/arm-none-eabi/src/edge-impulse/edge-impulse-sdk/CMSIS/DSP/Source/FastMathFunctions/arm_vexp_f16.o
     32	      0	      0	     32	     20	build/apollo4p_blue_kxr_evb/arm-none-eabi/src/edge-impulse/edge-impulse-sdk/CMSIS/DSP/Source/FastMathFunctions/arm_vexp_f32.o
     32	      0	      0	     32	     20	build/apollo4p_blue_kxr_evb/arm-none-eabi/src/edge-impulse/edge-impulse-sdk/CMSIS/DSP/Source/FastMathFunctions/arm_vexp_f64.o
      0	      0	      0	      0	      0	build/apollo4p_blue_kxr_evb/arm-none-eabi/src/edge-impulse/edge-impulse-sdk/CMSIS/DSP/Source/FastMathFunctions/arm_vinverse_f16.o
      0	      0	      0	      0	      0	build/apollo4p_blue_kxr_evb/arm-none-eabi/src/edge-impulse/edge-impulse-sdk/CMSIS/DSP/Source/FastMathFunctions/arm_vlog_f16.o
     32	      0	      0	     32	     20	build/apollo4p_blue_kxr_evb/arm-none-eabi/src/edge-impulse/edge-impulse-sdk/CMSIS/DSP/Source/FastMathFunctions/arm_vlog_f32.o
     32	      0	      0	     32	     20	build/apollo4p_blue_kxr_evb/arm-none-eabi/src/edge-impulse/edge-impulse-sdk/CMSIS/DSP/Source/FastMathFunctions/arm_vlog_f64.o
    112	      0	      0	    112	     70	build/apollo4p_blue_kxr_evb/arm-none-eabi/src/edge-impulse/edge-impulse-sdk/CMSIS/DSP/Source/FastMathFunctions/arm_vlog_q15.o
    108	      0	      0	    108	     6c	build/apollo4p_blue_kxr_evb/arm-none-eabi/src/edge-impulse/edge-impulse-sdk/CMSIS/DSP/Source/FastMathFunctions/arm_vlog_q31.o
      0	      0	      0	      0	      0	build/apollo4p_blue_kxr_evb/arm-none-eabi/src/edge-impulse/edge-impulse-sdk/CMSIS/DSP/Source/SupportFunctions/arm_barycenter_f16.o
    128	      0	      0	    128	     80	build/apollo4p_blue_kxr_evb/arm-none-eabi/src/edge-impulse/edge-impulse-sdk/CMSIS/DSP/Source/SupportFunctions/arm_barycenter_f32.o
    268	      0	      0	    268	    10c	build/apollo4p_blue_kxr_evb/arm-none-eabi/src/edge-impulse/edge-impulse-sdk/CMSIS/DSP/Source/SupportFunctions/arm_bitonic_sort_f32.o
     96	      0	      0	     96	     60	build/apollo4p_blue_kxr_evb/arm-none-eabi/src/edge-impulse/edge-impulse-sdk/CMSIS/DSP/Source/SupportFunctions/arm_bubble_sort_f32.o
      0	      0	      0	      0	      0	build/apollo4p_blue_kxr_evb/arm-none-eabi/src/edge-impulse/edge-impulse-sdk/CMSIS/DSP/Source/SupportFunctions/arm_copy_f16.o
     16	      0	      0	     16	     10	build/apollo4p_blue_kxr_evb/arm-none-eabi/src/edge-impulse/edge-impulse-sdk/CMSIS/DSP/Source/SupportFunctions/arm_copy_f32.o
     16	      0	      0	     16	     10	build/apollo4p_blue_kxr_evb/arm-none-eabi/src/edge-impulse/edge-impulse-sdk/CMSIS/DSP/Source/SupportFunctions/arm_copy_f64.o
     20	      0	      0	     20	     14	build/apollo4p_blue_kxr_evb/arm-none-eabi/src/edge-impulse/edge-impulse-sdk/CMSIS/DSP/Source/SupportFunctions/arm_copy_q15.o
     20	      0	      0	     20	     14	build/apollo4p_blue_kxr_evb/arm-none-eabi/src/edge-impulse/edge-impulse-sdk/CMSIS/DSP/Source/SupportFunctions/arm_copy_q31.o
     20	      0	      0	     20	     14	build/apollo4p_blue_kxr_evb/arm-none-eabi/src/edge-impulse/edge-impulse-sdk/CMSIS/DSP/Source/SupportFunctions/arm_copy_q7.o
      0	      0	      0	      0	      0	build/apollo4p_blue_kxr_evb/arm-none-eabi/src/edge-impulse/edge-impulse-sdk/CMSIS/DSP/Source/SupportFunctions/arm_f16_to_float.o
      0	      0	      0	      0	      0	build/apollo4p_blue_kxr_evb/arm-none-eabi/src/edge-impulse/edge-impulse-sdk/CMSIS/DSP/Source/SupportFunctions/arm_f16_to_q15.o
      0	      0	      0	      0	      0	build/apollo4p_blue_kxr_evb/arm-none-eabi/src/edge-impulse/edge-impulse-sdk/CMSIS/DSP/Source/SupportFunctions/arm_fill_f16.o
     12	      0	      0	     12	      c	build/apollo4p_blue_kxr_evb/arm-none-eabi/src/edge-impulse/edge-impulse-sdk/CMSIS/DSP/Source/SupportFunctions/arm_fill_f32.o
     12	      0	      0	     12	      c	build/apollo4p_blue_kxr_evb/arm-none-eabi/src/edge-impulse/edge-impulse-sdk/CMSIS/DSP/Source/SupportFunctions/arm_fill_f64.o
     12	      0	      0	     12	      c	build/apollo4p_blue_kxr_evb/arm-none-eabi/src/edge-impulse/edge-impulse-sdk/CMSIS/DSP/Source/SupportFunctions/arm_fill_q15.o
     12	      0	      0	     12	      c	build/apollo4p_blue_kxr_evb/arm-none-eabi/src/edge-impulse/edge-impulse-sdk/CMSIS/DSP/Source/SupportFunctions/arm_fill_q31.o
     16	      0	      0	     16	     10	build/apollo4p_blue_kxr_evb/arm-none-eabi/src/edge-impulse/edge-impulse-sdk/CMSIS/DSP/Source/SupportFunctions/arm_fill_q7.o
      0	      0	      0	      0	      0	build/apollo4p_blue_kxr_evb/arm-none-eabi/src/edge-impulse/edge-impulse-sdk/CMSIS/DSP/Source/SupportFunctions/arm_float_to_f16.o
     72	      0	      0	     72	     48	build/apollo4p_blue_kxr_evb/arm-none-eabi/src/edge-impulse/edge-impulse-sdk/CMSIS/DSP/Source/SupportFunctions/arm_float_to_q15.o
    100	      0	      0	    100	     64	build/apollo4p_blue_kxr_evb/arm-none-eabi/src/edge-impulse/edge-impulse-sdk/CMSIS/DSP/Source/SupportFunctions/arm_float_to_q31.o
     76	      0	      0	     76	     4c	build/apollo4p_blue_kxr_evb/arm-none-eabi/src/edge-impulse/edge-impulse-sdk/CMSIS/DSP/Source/SupportFunctions/arm_float_to_q7.o
    248	      0	      0	    248	     f8	build/apollo4p_blue_kxr_evb/arm-none-eabi/src/edge-impulse/edge-impulse-sdk/CMSIS/DSP/Source/SupportFunctions/arm_heap_sort_f32.o
    100	      0	      0	    100	     64	build/apollo4p_blue_kxr_evb/arm-none-eabi/src/edge-impulse/edge-impulse-sdk/CMSIS/DSP/Source/SupportFunctions/arm_insertion_sort_f32.o
    224	      0	      0	    224	     e0	build/apollo4p_blue_kxr_evb/arm-none-eabi/src/edge-impulse/edge-impulse-sdk/CMSIS/DSP/Source/SupportFunctions/arm_merge_sort_f32.o
      8	      0	      0	      8	      8	build/apollo4p_blue_kxr_evb/arm-none-eabi/src/edge-impulse/edge-impulse-sdk/CMSIS/DSP/Source/SupportFunctions/arm_merge_sort_init_f32.o
      0	      0	      0	      0	      0	build/apollo4p_blue_kxr_evb/arm-none-eabi/src/edge-impulse/edge-impulse-sdk/CMSIS/DSP/Source/SupportFunctions/arm_q15_to_f16.o
     36	      0	      0	     36	     24	build/apollo4p_blue_kxr_evb/arm-none-eabi/src/edge-impulse/edge-impulse-sdk/CMSIS/DSP/Source/SupportFunctions/arm_q15_to_float.o
     20	      0	      0	     20	     14	build/apollo4p_blue_kxr_evb/arm-none-eabi/src/edge-impulse/edge-impulse-sdk/CMSIS/DSP/Source/SupportFunctions/arm_q15_to_q31.o
     20	      0	      0	     20	     14	build/apollo4p_blue_kxr_evb/arm-none-eabi/src/edge-impulse/edge-impulse-sdk/CMSIS/DSP/Source/SupportFunctions/arm_q15_to_q7.o
     32	      0	      0	     32	     20	build/apollo4p_blue_kxr_evb/arm-none-eabi/src/edge-impulse/edge-impulse-sdk/CMSIS/DSP/Source/SupportFunctions/arm_q31_to_float.o
     20	      0	      0	     20	     14	build/apollo4p_blue_kxr_evb/arm-none-eabi/src/edge-impulse/edge-impulse-sdk/CMSIS/DSP/Source/SupportFunctions/arm_q31_to_q15.o
     20	      0	      0	     20	     14	build/apollo4p_blue_kxr_evb/arm-none-eabi/src/edge-impulse/edge-impulse-sdk/CMSIS/DSP/Source/SupportFunctions/arm_q31_to_q7.o
     40	      0	      0	     40	     28	build/apollo4p_blue_kxr_evb/arm-none-eabi/src/edge-impulse/edge-impulse-sdk/CMSIS/DSP/Source/SupportFunctions/arm_q7_to_float.o
     20	      0	      0	     20	     14	build/apollo4p_blue_kxr_evb/arm-none-eabi/src/edge-impulse/edge-impulse-sdk/CMSIS/DSP/Source/SupportFunctions/arm_q7_to_q15.o
     20	      0	      0	     20	     14	build/apollo4p_blue_kxr_evb/arm-none-eabi/src/edge-impulse/edge-impulse-sdk/CMSIS/DSP/Source/SupportFunctions/arm_q7_to_q31.o
    248	      0	      0	    248	     f8	build/apollo4p_blue_kxr_evb/arm-none-eabi/src/edge-impulse/edge-impulse-sdk/CMSIS/DSP/Source/SupportFunctions/arm_quick_sort_f32.o
    124	      0	      0	    124	     7c	build/apollo4p_blue_kxr_evb/arm-none-eabi/src/edge-impulse/edge-impulse-sdk/CMSIS/DSP/Source/SupportFunctions/arm_selection_sort_f32.o
     76	      0	      0	     76	     4c	build/apollo4p_blue_kxr_evb/arm-none-eabi/src/edge-impulse/edge-impulse-sdk/CMSIS/DSP/Source/SupportFunctions/arm_sort_f32.o
      8	      0	      0	      8	      8	build/apollo4p_blue_kxr_evb/arm-none-eabi/src/edge-impulse/edge-impulse-sdk/CMSIS/DSP/Source/SupportFunctions/arm_sort_init_f32.o
      0	      0	      0	      0	      0	build/apollo4p_blue_kxr_evb/arm-none-eabi/src/edge-impulse/edge-impulse-sdk/CMSIS/DSP/Source/SupportFunctions/arm_weighted_sum_f16.o
     52	      0	      0	     52	     34	build/apollo4p_blue_kxr_evb/arm-none-eabi/src/edge-impulse/edge-impulse-sdk/CMSIS/DSP/Source/SupportFunctions/arm_weighted_sum_f32.o
      0	      0	      0	      0	      0	build/apollo4p_blue_kxr_evb/arm-none-eabi/src/edge-impulse/edge-impulse-sdk/CMSIS/DSP/Source/MatrixFunctions/arm_householder_f16.o
    188	      0	      0	    188	     bc	build/apollo4p_blue_kxr_evb/arm-none-eabi/src/edge-impulse/edge-impulse-sdk/CMSIS/DSP/Source/MatrixFunctions/arm_householder_f32.o
    252	      0	      0	    252	     fc	build/apollo4p_blue_kxr_evb/arm-none-eabi/src/edge-impulse/edge-impulse-sdk/CMSIS/DSP/Source/MatrixFunctions/arm_householder_f64.o
      0	      0	      0	      0	      0	build/apollo4p_blue_kxr_evb/arm-none-eabi/src/edge-impulse/edge-impulse-sdk/CMSIS/DSP/Source/MatrixFunctions/arm_mat_add_f16.o
     44	      0	      0	     44	     2c	build/apollo4p_blue_kxr_evb/arm-none-eabi/src/edge-impulse/edge-impulse-sdk/CMSIS/DSP/Source/MatrixFunctions/arm_mat_add_f32.o
     48	      0	      0	     48	     30	build/apollo4p_blue_kxr_evb/arm-none-eabi/src/edge-impulse/edge-impulse-sdk/CMSIS/DSP/Source/MatrixFunctions/arm_mat_add_q15.o
     44	      0	      0	     44	     2c	build/apollo4p_blue_kxr_evb/arm-none-eabi/src/edge-impulse/edge-impulse-sdk/CMSIS/DSP/Source/MatrixFunctions/arm_mat_add_q31.o
      0	      0	      0	      0	      0	build/apollo4p_blue_kxr_evb/arm-none-eabi/src/edge-impulse/edge-impulse-sdk/CMSIS/DSP/Source/MatrixFunctions/arm_mat_cholesky_f16.o
    236	      0	      0	    236	     ec	build/apollo4p_blue_kxr_evb/arm-none-eabi/src/edge-impulse/edge-impulse-sdk/CMSIS/DSP/Source/MatrixFunctions/arm_mat_cholesky_f32.o
    340	      0	      0	    340	    154	build/apollo4p_blue_kxr_evb/arm-none-eabi/src/edge-impulse/edge-impulse-sdk/CMSIS/DSP/Source/MatrixFunctions/arm_mat_cholesky_f64.o
      0	      0	      0	      0	      0	build/apollo4p_blue_kxr_evb/arm-none-eabi/src/edge-impulse/edge-impulse-sdk/CMSIS/DSP/Source/MatrixFunctions/arm_mat_cmplx_mult_f16.o
    148	      0	      0	    148	     94	build/apollo4p_blue_kxr_evb/arm-none-eabi/src/edge-impulse/edge-impulse-sdk/CMSIS/DSP/Source/MatrixFunctions/arm_mat_cmplx_mult_f32.o
    344	      0	      0	    344	    158	build/apollo4p_blue_kxr_evb/arm-none-eabi/src/edge-impulse/edge-impulse-sdk/CMSIS/DSP/Source/MatrixFunctions/arm_mat_cmplx_mult_q15.o
    232	      0	      0	    232	     e8	build/apollo4p_blue_kxr_evb/arm-none-eabi/src/edge-impulse/edge-impulse-sdk/CMSIS/DSP/Source/MatrixFunctions/arm_mat_cmplx_mult_q31.o
      0	      0	      0	      0	      0	build/apollo4p_blue_kxr_evb/arm-none-eabi/src/edge-impulse/edge-impulse-sdk/CMSIS/DSP/Source/MatrixFunctions/arm_mat_cmplx_trans_f16.o
     96	      0	      0	     96	     60	build/apollo4p_blue_kxr_evb/arm-none-eabi/src/edge-impulse/edge-impulse-sdk/CMSIS/DSP/Source/MatrixFunctions/arm_mat_cmplx_trans_f32.o
     92	      0	      0	     92	     5c	build/apollo4p_blue_kxr_evb/arm-none-eabi/src/edge-impulse/edge-impulse-sdk/CMSIS/DSP/Source/MatrixFunctions/arm_mat_cmplx_trans_q15.o
     92	      0	      0	     92	     5c	build/apollo4p_blue_kxr_evb/arm-none-eabi/src/edge-impulse/edge-impulse-sdk/CMSIS/DSP/Source/MatrixFunctions/arm_mat_cmplx_trans_q31.o
      0	      0	      0	      0	      0	build/apollo4p_blue_kxr_evb/arm-none-eabi/src/edge-impulse/edge-impulse-sdk/CMSIS/DSP/Source/MatrixFunctions/arm_mat_init_f16.o
      8	      0	      0	      8	      8	build/apollo4p_blue_kxr_evb/arm-none-eabi/src/edge-impulse/edge-impulse-sdk/CMSIS/DSP/Source/MatrixFunctions/arm_mat_init_f32.o
      8	      0	      0	      8	      8	build/apollo4p_blue_kxr_evb/arm-none-eabi/src/edge-impulse/edge-impulse-sdk/CMSIS/DSP/Source/MatrixFunctions/arm_mat_init_q15.o
      8	      0	      0	      8	      8	build/apollo4p_blue_kxr_evb/arm-none-eabi/src/edge-impulse/edge-impulse-sdk/CMSIS/DSP/Source/MatrixFunctions/arm_mat_init_q31.o
      0	      0	      0	      0	      0	build/apollo4p_blue_kxr_evb/arm-none-eabi/src/edge-impulse/edge-impulse-sdk/CMSIS/DSP/Source/MatrixFunctions/arm_mat_inverse_f16.o
    736	      0	      0	    736	    2e0	build/apollo4p_blue_kxr_evb/arm-none-eabi/src/edge-impulse/edge-impulse-sdk/CMSIS/DSP/Source/MatrixFunctions/arm_mat_inverse_f32.o
    984	      0	      0	    984	    3d8	build/apollo4p_blue_kxr_evb/arm-none-eabi/src/edge-impulse/edge-impulse-sdk/CMSIS/DSP/Source/MatrixFunctions/arm_mat_inverse_f64.o
    588	      0	      0	    588	    24c	build/apollo4p_blue_kxr_evb/arm-none-eabi/src/edge-impulse/edge-impulse-sdk/CMSIS/DSP/Source/MatrixFunctions/arm_mat_ldlt_f32.o
    748	      0	      0	    748	    2ec	build/apollo4p_blue_kxr_evb/arm-none-eabi/src/edge-impulse/edge-impulse-sdk/CMSIS/DSP/Source/MatrixFunctions/arm_mat_ldlt_f64.o
      0	      0	      0	      0	      0	build/apollo4p_blue_kxr_evb/arm-none-eabi/src/edge-impulse/edge-impulse-sdk/CMSIS/DSP/Source/MatrixFunctions/arm_mat_mult_f16.o
    100	      0	      0	    100	     64	build/apollo4p_blue_kxr_evb/arm-none-eabi/src/edge-impulse/edge-impulse-sdk/CMSIS/DSP/Source/MatrixFunctions/arm_mat_mult_f32.o
    208	      0	      0	    208	     d0	build/apollo4p_blue_kxr_evb/arm-none-eabi/src/edge-impulse/edge-impulse-sdk/CMSIS/DSP/Source/MatrixFunctions/arm_mat_mult_f64.o
    992	      0	      0	    992	    3e0	build/apollo4p_blue_kxr_evb/arm-none-eabi/src/edge-impulse/edge-impulse-sdk/CMSIS/DSP/Source/MatrixFunctions/arm_mat_mult_fast_q15.o
    536	      0	      0	    536	    218	build/apollo4p_blue_kxr_evb/arm-none-eabi/src/edge-impulse/edge-impulse-sdk/CMSIS/DSP/Source/MatrixFunctions/arm_mat_mult_fast_q31.o
    128	      0	      0	    128	     80	build/apollo4p_blue_kxr_evb/arm-none-eabi/src/edge-impulse/edge-impulse-sdk/CMSIS/DSP/Source/MatrixFunctions/arm_mat_mult_opt_q31.o
    272	      0	      0	    272	    110	build/apollo4p_blue_kxr_evb/arm-none-eabi/src/edge-impulse/edge-impulse-sdk/CMSIS/DSP/Source/MatrixFunctions/arm_mat_mult_q15.o
    128	      0	      0	    128	     80	build/apollo4p_blue_kxr_evb/arm-none-eabi/src/edge-impulse/edge-impulse-sdk/CMSIS/DSP/Source/MatrixFunctions/arm_mat_mult_q31.o
    160	      0	      0	    160	     a0	build/apollo4p_blue_kxr_evb/arm-none-eabi/src/edge-impulse/edge-impulse-sdk/CMSIS/DSP/Source/MatrixFunctions/arm_mat_mult_q7.o
      0	      0	      0	      0	      0	build/apollo4p_blue_kxr_evb/arm-none-eabi/src/edge-impulse/edge-impulse-sdk/CMSIS/DSP/Source/MatrixFunctions/arm_mat_qr_f16.o
   1416	      0	      0	   1416	    588	build/apollo4p_blue_kxr_evb/arm-none-eabi/src/edge-impulse/edge-impulse-sdk/CMSIS/DSP/Source/MatrixFunctions/arm_mat_qr_f32.o
   1904	      0	      0	   1904	    770	build/apollo4p_blue_kxr_evb/arm-none-eabi/src/edge-impulse/edge-impulse-sdk/CMSIS/DSP/Source/MatrixFunctions/arm_mat_qr_f64.o
      0	      0	      0	      0	      0	build/apollo4p_blue_kxr_evb/arm-none-eabi/src/edge-impulse/edge-impulse-sdk/CMSIS/DSP/Source/MatrixFunctions/arm_mat_scale_f16.o
     36	      0	      0	     36	     24	build/apollo4p_blue_kxr_evb/arm-none-eabi/src/edge-impulse/edge-impulse-sdk/CMSIS/DSP/Source/MatrixFunctions/arm_mat_scale_f32.o
     48	      0	      0	     48	     30	build/apollo4p_blue_kxr_evb/arm-none-eabi/src/edge-impulse/edge-impulse-sdk/CMSIS/DSP/Source/MatrixFunctions/arm_mat_scale_q15.o
     60	      0	      0	     60	     3c	build/apollo4p_blue_kxr_evb/arm-none-eabi/src/edge-impulse/edge-impulse-sdk/CMSIS/DSP/Source/MatrixFunctions/arm_mat_scale_q31.o
      0	      0	      0	      0	      0	build/apollo4p_blue_kxr_evb/arm-none-eabi/src/edge-impulse/edge-impulse-sdk/CMSIS/DSP/Source/MatrixFunctions/arm_mat_solve_lower_triangular_f16.o
    192	      0	      0	    192	     c0	build/apollo4p_blue_kxr_evb/arm-none-eabi/src/edge-impulse/edge-impulse-sdk/CMSIS/DSP/Source/MatrixFunctions/arm_mat_solve_lower_triangular_f32.o
    244	      0	      0	    244	     f4	build/apollo4p_blue_kxr_evb/arm-none-eabi/src/edge-impulse/edge-impulse-sdk/CMSIS/DSP/Source/MatrixFunctions/arm_mat_solve_lower_triangular_f64.o
      0	      0	      0	      0	      0	build/apollo4p_blue_kxr_evb/arm-none-eabi/src/edge-impulse/edge-impulse-sdk/CMSIS/DSP/Source/MatrixFunctions/arm_mat_solve_upper_triangular_f16.o
    220	      0	      0	    220	     dc	build/apollo4p_blue_kxr_evb/arm-none-eabi/src/edge-impulse/edge-impulse-sdk/CMSIS/DSP/Source/MatrixFunctions/arm_mat_solve_upper_triangular_f32.o
    296	      0	      0	    296	    128	build/apollo4p_blue_kxr_evb/arm-none-eabi/src/edge-impulse/edge-impulse-sdk/CMSIS/DSP/Source/MatrixFunctions/arm_mat_solve_upper_triangular_f64.o
      0	      0	      0	      0	      0	build/apollo4p_blue_kxr_evb/arm-none-eabi/src/edge-impulse/edge-impulse-sdk/CMSIS/DSP/Source/MatrixFunctions/arm_mat_sub_f16.o
     44	      0	      0	     44	     2c	build/apollo4p_blue_kxr_evb/arm-none-eabi/src/edge-impulse/edge-impulse-sdk/CMSIS/DSP/Source/MatrixFunctions/arm_mat_sub_f32.o
     60	      0	      0	     60	     3c	build/apollo4p_blue_kxr_evb/arm-none-eabi/src/edge-impulse/edge-impulse-sdk/CMSIS/DSP/Source/MatrixFunctions/arm_mat_sub_f64.o
     48	      0	      0	     48	     30	build/apollo4p_blue_kxr_evb/arm-none-eabi/src/edge-impulse/edge-impulse-sdk/CMSIS/DSP/Source/MatrixFunctions/arm_mat_sub_q15.o
     44	      0	      0	     44	     2c	build/apollo4p_blue_kxr_evb/arm-none-eabi/src/edge-impulse/edge-impulse-sdk/CMSIS/DSP/Source/MatrixFunctions/arm_mat_sub_q31.o
      0	      0	      0	      0	      0	build/apollo4p_blue_kxr_evb/arm-none-eabi/src/edge-impulse/edge-impulse-sdk/CMSIS/DSP/Source/MatrixFunctions/arm_mat_trans_f16.o
     68	      0	      0	     68	     44	build/apollo4p_blue_kxr_evb/arm-none-eabi/src/edge-impulse/edge-impulse-sdk/CMSIS/DSP/Source/MatrixFunctions/arm_mat_trans_f32.o
     84	      0	      0	     84	     54	build/apollo4p_blue_kxr_evb/arm-none-eabi/src/edge-impulse/edge-impulse-sdk/CMSIS/DSP/Source/MatrixFunctions/arm_mat_trans_f64.o
     68	      0	      0	     68	     44	build/apollo4p_blue_kxr_evb/arm-none-eabi/src/edge-impulse/edge-impulse-sdk/CMSIS/DSP/Source/MatrixFunctions/arm_mat_trans_q15.o
     68	      0	      0	     68	     44	build/apollo4p_blue_kxr_evb/arm-none-eabi/src/edge-impulse/edge-impulse-sdk/CMSIS/DSP/Source/MatrixFunctions/arm_mat_trans_q31.o
     48	      0	      0	     48	     30	build/apollo4p_blue_kxr_evb/arm-none-eabi/src/edge-impulse/edge-impulse-sdk/CMSIS/DSP/Source/MatrixFunctions/arm_mat_trans_q7.o
      0	      0	      0	      0	      0	build/apollo4p_blue_kxr_evb/arm-none-eabi/src/edge-impulse/edge-impulse-sdk/CMSIS/DSP/Source/MatrixFunctions/arm_mat_vec_mult_f16.o
    360	      0	      0	    360	    168	build/apollo4p_blue_kxr_evb/arm-none-eabi/src/edge-impulse/edge-impulse-sdk/CMSIS/DSP/Source/MatrixFunctions/arm_mat_vec_mult_f32.o
    636	      0	      0	    636	    27c	build/apollo4p_blue_kxr_evb/arm-none-eabi/src/edge-impulse/edge-impulse-sdk/CMSIS/DSP/Source/MatrixFunctions/arm_mat_vec_mult_q15.o
    452	      0	      0	    452	    1c4	build/apollo4p_blue_kxr_evb/arm-none-eabi/src/edge-impulse/edge-impulse-sdk/CMSIS/DSP/Source/MatrixFunctions/arm_mat_vec_mult_q31.o
    620	      0	      0	    620	    26c	build/apollo4p_blue_kxr_evb/arm-none-eabi/src/edge-impulse/edge-impulse-sdk/CMSIS/DSP/Source/MatrixFunctions/arm_mat_vec_mult_q7.o
      0	      0	      0	      0	      0	build/apollo4p_blue_kxr_evb/arm-none-eabi/src/edge-impulse/edge-impulse-sdk/CMSIS/DSP/Source/StatisticsFunctions/arm_absmax_f16.o
     80	      0	      0	     80	     50	build/apollo4p_blue_kxr_evb/arm-none-eabi/src/edge-impulse/edge-impulse-sdk/CMSIS/DSP/Source/StatisticsFunctions/arm_absmax_f32.o
     96	      0	      0	     96	     60	build/apollo4p_blue_kxr_evb/arm-none-eabi/src/edge-impulse/edge-impulse-sdk/CMSIS/DSP/Source/StatisticsFunctions/arm_absmax_f64.o
      0	      0	      0	      0	      0	build/apollo4p_blue_kxr_evb/arm-none-eabi/src/edge-impulse/edge-impulse-sdk/CMSIS/DSP/Source/StatisticsFunctions/arm_absmax_no_idx_f16.o
     44	      0	      0	     44	     2c	build/apollo4p_blue_kxr_evb/arm-none-eabi/src/edge-impulse/edge-impulse-sdk/CMSIS/DSP/Source/StatisticsFunctions/arm_absmax_no_idx_f32.o
     64	      0	      0	     64	     40	build/apollo4p_blue_kxr_evb/arm-none-eabi/src/edge-impulse/edge-impulse-sdk/CMSIS/DSP/Source/StatisticsFunctions/arm_absmax_no_idx_f64.o
    188	      0	      0	    188	     bc	build/apollo4p_blue_kxr_evb/arm-none-eabi/src/edge-impulse/edge-impulse-sdk/CMSIS/DSP/Source/StatisticsFunctions/arm_absmax_no_idx_q15.o
    164	      0	      0	    164	     a4	build/apollo4p_blue_kxr_evb/arm-none-eabi/src/edge-impulse/edge-impulse-sdk/CMSIS/DSP/Source/StatisticsFunctions/arm_absmax_no_idx_q31.o
    188	      0	      0	    188	     bc	build/apollo4p_blue_kxr_evb/arm-none-eabi/src/edge-impulse/edge-impulse-sdk/CMSIS/DSP/Source/StatisticsFunctions/arm_absmax_no_idx_q7.o
    228	      0	      0	    228	     e4	build/apollo4p_blue_kxr_evb/arm-none-eabi/src/edge-impulse/edge-impulse-sdk/CMSIS/DSP/Source/StatisticsFunctions/arm_absmax_q15.o
    208	      0	      0	    208	     d0	build/apollo4p_blue_kxr_evb/arm-none-eabi/src/edge-impulse/edge-impulse-sdk/CMSIS/DSP/Source/StatisticsFunctions/arm_absmax_q31.o
    220	      0	      0	    220	     dc	build/apollo4p_blue_kxr_evb/arm-none-eabi/src/edge-impulse/edge-impulse-sdk/CMSIS/DSP/Source/StatisticsFunctions/arm_absmax_q7.o
      0	      0	      0	      0	      0	build/apollo4p_blue_kxr_evb/arm-none-eabi/src/edge-impulse/edge-impulse-sdk/CMSIS/DSP/Source/StatisticsFunctions/arm_absmin_f16.o
     80	      0	      0	     80	     50	build/apollo4p_blue_kxr_evb/arm-none-eabi/src/edge-impulse/edge-impulse-sdk/CMSIS/DSP/Source/StatisticsFunctions/arm_absmin_f32.o
     96	      0	      0	     96	     60	build/apollo4p_blue_kxr_evb/arm-none-eabi/src/edge-impulse/edge-impulse-sdk/CMSIS/DSP/Source/StatisticsFunctions/arm_absmin_f64.o
      0	      0	      0	      0	      0	build/apollo4p_blue_kxr_evb/arm-none-eabi/src/edge-impulse/edge-impulse-sdk/CMSIS/DSP/Source/StatisticsFunctions/arm_absmin_no_idx_f16.o
     44	      0	      0	     44	     2c	build/apollo4p_blue_kxr_evb/arm-none-eabi/src/edge-impulse/edge-impulse-sdk/CMSIS/DSP/Source/StatisticsFunctions/arm_absmin_no_idx_f32.o
     64	      0	      0	     64	     40	build/apollo4p_blue_kxr_evb/arm-none-eabi/src/edge-impulse/edge-impulse-sdk/CMSIS/DSP/Source/StatisticsFunctions/arm_absmin_no_idx_f64.o
    188	      0	      0	    188	     bc	build/apollo4p_blue_kxr_evb/arm-none-eabi/src/edge-impulse/edge-impulse-sdk/CMSIS/DSP/Source/StatisticsFunctions/arm_absmin_no_idx_q15.o
    164	      0	      0	    164	     a4	build/apollo4p_blue_kxr_evb/arm-none-eabi/src/edge-impulse/edge-impulse-sdk/CMSIS/DSP/Source/StatisticsFunctions/arm_absmin_no_idx_q31.o
    188	      0	      0	    188	     bc	build/apollo4p_blue_kxr_evb/arm-none-eabi/src/edge-impulse/edge-impulse-sdk/CMSIS/DSP/Source/StatisticsFunctions/arm_absmin_no_idx_q7.o
    228	      0	      0	    228	     e4	build/apollo4p_blue_kxr_evb/arm-none-eabi/src/edge-impulse/edge-impulse-sdk/CMSIS/DSP/Source/StatisticsFunctions/arm_absmin_q15.o
    208	      0	      0	    208	     d0	build/apollo4p_blue_kxr_evb/arm-none-eabi/src/edge-impulse/edge-impulse-sdk/CMSIS/DSP/Source/StatisticsFunctions/arm_absmin_q31.o
    220	      0	      0	    220	     dc	build/apollo4p_blue_kxr_evb/arm-none-eabi/src/edge-impulse/edge-impulse-sdk/CMSIS/DSP/Source/StatisticsFunctions/arm_absmin_q7.o
      0	      0	      0	      0	      0	build/apollo4p_blue_kxr_evb/arm-none-eabi/src/edge-impulse/edge-impulse-sdk/CMSIS/DSP/Source/StatisticsFunctions/arm_accumulate_f16.o
     28	      0	      0	     28	     1c	build/apollo4p_blue_kxr_evb/arm-none-eabi/src/edge-impulse/edge-impulse-sdk/CMSIS/DSP/Source/StatisticsFunctions/arm_accumulate_f32.o
     44	      0	      0	     44	     2c	build/apollo4p_blue_kxr_evb/arm-none-eabi/src/edge-impulse/edge-impulse-sdk/CMSIS/DSP/Source/StatisticsFunctions/arm_accumulate_f64.o
      0	      0	      0	      0	      0	build/apollo4p_blue_kxr_evb/arm-none-eabi/src/edge-impulse/edge-impulse-sdk/CMSIS/DSP/Source/StatisticsFunctions/arm_entropy_f16.o
     56	      0	      0	     56	     38	build/apollo4p_blue_kxr_evb/arm-none-eabi/src/edge-impulse/edge-impulse-sdk/CMSIS/DSP/Source/StatisticsFunctions/arm_entropy_f32.o
     88	      0	      0	     88	     58	build/apollo4p_blue_kxr_evb/arm-none-eabi/src/edge-impulse/edge-impulse-sdk/CMSIS/DSP/Source/StatisticsFunctions/arm_entropy_f64.o
      0	      0	      0	      0	      0	build/apollo4p_blue_kxr_evb/arm-none-eabi/src/edge-impulse/edge-impulse-sdk/CMSIS/DSP/Source/StatisticsFunctions/arm_kullback_leibler_f16.o
     64	      0	      0	     64	     40	build/apollo4p_blue_kxr_evb/arm-none-eabi/src/edge-impulse/edge-impulse-sdk/CMSIS/DSP/Source/StatisticsFunctions/arm_kullback_leibler_f32.o
     96	      0	      0	     96	     60	build/apollo4p_blue_kxr_evb/arm-none-eabi/src/edge-impulse/edge-impulse-sdk/CMSIS/DSP/Source/StatisticsFunctions/arm_kullback_leibler_f64.o
      0	      0	      0	      0	      0	build/apollo4p_blue_kxr_evb/arm-none-eabi/src/edge-impulse/edge-impulse-sdk/CMSIS/DSP/Source/StatisticsFunctions/arm_logsumexp_dot_prod_f16.o
     28	      0	      0	     28	     1c	build/apollo4p_blue_kxr_evb/arm-none-eabi/src/edge-impulse/edge-impulse-sdk/CMSIS/DSP/Source/StatisticsFunctions/arm_logsumexp_dot_prod_f32.o
      0	      0	      0	      0	      0	build/apollo4p_blue_kxr_evb/arm-none-eabi/src/edge-impulse/edge-impulse-sdk/CMSIS/DSP/Source/StatisticsFunctions/arm_logsumexp_f16.o
    116	      0	      0	    116	     74	build/apollo4p_blue_kxr_evb/arm-none-eabi/src/edge-impulse/edge-impulse-sdk/CMSIS/DSP/Source/StatisticsFunctions/arm_logsumexp_f32.o
      0	      0	      0	      0	      0	build/apollo4p_blue_kxr_evb/arm-none-eabi/src/edge-impulse/edge-impulse-sdk/CMSIS/DSP/Source/StatisticsFunctions/arm_max_f16.o
     72	      0	      0	     72	     48	build/apollo4p_blue_kxr_evb/arm-none-eabi/src/edge-impulse/edge-impulse-sdk/CMSIS/DSP/Source/StatisticsFunctions/arm_max_f32.o
     92	      0	      0	     92	     5c	build/apollo4p_blue_kxr_evb/arm-none-eabi/src/edge-impulse/edge-impulse-sdk/CMSIS/DSP/Source/StatisticsFunctions/arm_max_f64.o
      0	      0	      0	      0	      0	build/apollo4p_blue_kxr_evb/arm-none-eabi/src/edge-impulse/edge-impulse-sdk/CMSIS/DSP/Source/StatisticsFunctions/arm_max_no_idx_f16.o
     40	      0	      0	     40	     28	build/apollo4p_blue_kxr_evb/arm-none-eabi/src/edge-impulse/edge-impulse-sdk/CMSIS/DSP/Source/StatisticsFunctions/arm_max_no_idx_f32.o
     72	      0	      0	     72	     48	build/apollo4p_blue_kxr_evb/arm-none-eabi/src/edge-impulse/edge-impulse-sdk/CMSIS/DSP/Source/StatisticsFunctions/arm_max_no_idx_f64.o
     28	      0	      0	     28	     1c	build/apollo4p_blue_kxr_evb/arm-none-eabi/src/edge-impulse/edge-impulse-sdk/CMSIS/DSP/Source/StatisticsFunctions/arm_max_no_idx_q15.o
     36	      0	      0	     36	     24	build/apollo4p_blue_kxr_evb/arm-none-eabi/src/edge-impulse/edge-impulse-sdk/CMSIS/DSP/Source/StatisticsFunctions/arm_max_no_idx_q31.o
     32	      0	      0	     32	     20	build/apollo4p_blue_kxr_evb/arm-none-eabi/src/edge-impulse/edge-impulse-sdk/CMSIS/DSP/Source/StatisticsFunctions/arm_max_no_idx_q7.o
     56	      0	      0	     56	     38	build/apollo4p_blue_kxr_evb/arm-none-eabi/src/edge-impulse/edge-impulse-sdk/CMSIS/DSP/Source/StatisticsFunctions/arm_max_q15.o
     56	      0	      0	     56	     38	build/apollo4p_blue_kxr_evb/arm-none-eabi/src/edge-impulse/edge-impulse-sdk/CMSIS/DSP/Source/StatisticsFunctions/arm_max_q31.o
     52	      0	      0	     52	     34	build/apollo4p_blue_kxr_evb/arm-none-eabi/src/edge-impulse/edge-impulse-sdk/CMSIS/DSP/Source/StatisticsFunctions/arm_max_q7.o
      0	      0	      0	      0	      0	build/apollo4p_blue_kxr_evb/arm-none-eabi/src/edge-impulse/edge-impulse-sdk/CMSIS/DSP/Source/StatisticsFunctions/arm_mean_f16.o
     56	      0	      0	     56	     38	build/apollo4p_blue_kxr_evb/arm-none-eabi/src/edge-impulse/edge-impulse-sdk/CMSIS/DSP/Source/StatisticsFunctions/arm_mean_f32.o
     72	      0	      0	     72	     48	build/apollo4p_blue_kxr_evb/arm-none-eabi/src/edge-impulse/edge-impulse-sdk/CMSIS/DSP/Source/StatisticsFunctions/arm_mean_f64.o
     36	      0	      0	     36	     24	build/apollo4p_blue_kxr_evb/arm-none-eabi/src/edge-impulse/edge-impulse-sdk/CMSIS/DSP/Source/StatisticsFunctions/arm_mean_q15.o
     44	      0	      0	     44	     2c	build/apollo4p_blue_kxr_evb/arm-none-eabi/src/edge-impulse/edge-impulse-sdk/CMSIS/DSP/Source/StatisticsFunctions/arm_mean_q31.o
     36	      0	      0	     36	     24	build/apollo4p_blue_kxr_evb/arm-none-eabi/src/edge-impulse/edge-impulse-sdk/CMSIS/DSP/Source/StatisticsFunctions/arm_mean_q7.o
      0	      0	      0	      0	      0	build/apollo4p_blue_kxr_evb/arm-none-eabi/src/edge-impulse/edge-impulse-sdk/CMSIS/DSP/Source/StatisticsFunctions/arm_min_f16.o
     72	      0	      0	     72	     48	build/apollo4p_blue_kxr_evb/arm-none-eabi/src/edge-impulse/edge-impulse-sdk/CMSIS/DSP/Source/StatisticsFunctions/arm_min_f32.o
     92	      0	      0	     92	     5c	build/apollo4p_blue_kxr_evb/arm-none-eabi/src/edge-impulse/edge-impulse-sdk/CMSIS/DSP/Source/StatisticsFunctions/arm_min_f64.o
      0	      0	      0	      0	      0	build/apollo4p_blue_kxr_evb/arm-none-eabi/src/edge-impulse/edge-impulse-sdk/CMSIS/DSP/Source/StatisticsFunctions/arm_min_no_idx_f16.o
     40	      0	      0	     40	     28	build/apollo4p_blue_kxr_evb/arm-none-eabi/src/edge-impulse/edge-impulse-sdk/CMSIS/DSP/Source/StatisticsFunctions/arm_min_no_idx_f32.o
     76	      0	      0	     76	     4c	build/apollo4p_blue_kxr_evb/arm-none-eabi/src/edge-impulse/edge-impulse-sdk/CMSIS/DSP/Source/StatisticsFunctions/arm_min_no_idx_f64.o
     28	      0	      0	     28	     1c	build/apollo4p_blue_kxr_evb/arm-none-eabi/src/edge-impulse/edge-impulse-sdk/CMSIS/DSP/Source/StatisticsFunctions/arm_min_no_idx_q15.o
     36	      0	      0	     36	     24	build/apollo4p_blue_kxr_evb/arm-none-eabi/src/edge-impulse/edge-impulse-sdk/CMSIS/DSP/Source/StatisticsFunctions/arm_min_no_idx_q31.o
     32	      0	      0	     32	     20	build/apollo4p_blue_kxr_evb/arm-none-eabi/src/edge-impulse/edge-impulse-sdk/CMSIS/DSP/Source/StatisticsFunctions/arm_min_no_idx_q7.o
     56	      0	      0	     56	     38	build/apollo4p_blue_kxr_evb/arm-none-eabi/src/edge-impulse/edge-impulse-sdk/CMSIS/DSP/Source/StatisticsFunctions/arm_min_q15.o
     56	      0	      0	     56	     38	build/apollo4p_blue_kxr_evb/arm-none-eabi/src/edge-impulse/edge-impulse-sdk/CMSIS/DSP/Source/StatisticsFunctions/arm_min_q31.o
     52	      0	      0	     52	     34	build/apollo4p_blue_kxr_evb/arm-none-eabi/src/edge-impulse/edge-impulse-sdk/CMSIS/DSP/Source/StatisticsFunctions/arm_min_q7.o
      0	      0	      0	      0	      0	build/apollo4p_blue_kxr_evb/arm-none-eabi/src/edge-impulse/edge-impulse-sdk/CMSIS/DSP/Source/StatisticsFunctions/arm_mse_f16.o
     56	      0	      0	     56	     38	build/apollo4p_blue_kxr_evb/arm-none-eabi/src/edge-impulse/edge-impulse-sdk/CMSIS/DSP/Source/StatisticsFunctions/arm_mse_f32.o
     92	      0	      0	     92	     5c	build/apollo4p_blue_kxr_evb/arm-none-eabi/src/edge-impulse/edge-impulse-sdk/CMSIS/DSP/Source/StatisticsFunctions/arm_mse_f64.o
     60	      0	      0	     60	     3c	build/apollo4p_blue_kxr_evb/arm-none-eabi/src/edge-impulse/edge-impulse-sdk/CMSIS/DSP/Source/StatisticsFunctions/arm_mse_q15.o
     76	      0	      0	     76	     4c	build/apollo4p_blue_kxr_evb/arm-none-eabi/src/edge-impulse/edge-impulse-sdk/CMSIS/DSP/Source/StatisticsFunctions/arm_mse_q31.o
     68	      0	      0	     68	     44	build/apollo4p_blue_kxr_evb/arm-none-eabi/src/edge-impulse/edge-impulse-sdk/CMSIS/DSP/Source/StatisticsFunctions/arm_mse_q7.o
      0	      0	      0	      0	      0	build/apollo4p_blue_kxr_evb/arm-none-eabi/src/edge-impulse/edge-impulse-sdk/CMSIS/DSP/Source/StatisticsFunctions/arm_power_f16.o
     28	      0	      0	     28	     1c	build/apollo4p_blue_kxr_evb/arm-none-eabi/src/edge-impulse/edge-impulse-sdk/CMSIS/DSP/Source/StatisticsFunctions/arm_power_f32.o
     68	      0	      0	     68	     44	build/apollo4p_blue_kxr_evb/arm-none-eabi/src/edge-impulse/edge-impulse-sdk/CMSIS/DSP/Source/StatisticsFunctions/arm_power_f64.o
     28	      0	      0	     28	     1c	build/apollo4p_blue_kxr_evb/arm-none-eabi/src/edge-impulse/edge-impulse-sdk/CMSIS/DSP/Source/StatisticsFunctions/arm_power_q15.o
     52	      0	      0	     52	     34	build/apollo4p_blue_kxr_evb/arm-none-eabi/src/edge-impulse/edge-impulse-sdk/CMSIS/DSP/Source/StatisticsFunctions/arm_power_q31.o
     24	      0	      0	     24	     18	build/apollo4p_blue_kxr_evb/arm-none-eabi/src/edge-impulse/edge-impulse-sdk/CMSIS/DSP/Source/StatisticsFunctions/arm_power_q7.o
      0	      0	      0	      0	      0	build/apollo4p_blue_kxr_evb/arm-none-eabi/src/edge-impulse/edge-impulse-sdk/CMSIS/DSP/Source/StatisticsFunctions/arm_rms_f16.o
     80	      0	      0	     80	     50	build/apollo4p_blue_kxr_evb/arm-none-eabi/src/edge-impulse/edge-impulse-sdk/CMSIS/DSP/Source/StatisticsFunctions/arm_rms_f32.o
     56	      0	      0	     56	     38	build/apollo4p_blue_kxr_evb/arm-none-eabi/src/edge-impulse/edge-impulse-sdk/CMSIS/DSP/Source/StatisticsFunctions/arm_rms_q15.o
     72	      0	      0	     72	     48	build/apollo4p_blue_kxr_evb/arm-none-eabi/src/edge-impulse/edge-impulse-sdk/CMSIS/DSP/Source/StatisticsFunctions/arm_rms_q31.o
      0	      0	      0	      0	      0	build/apollo4p_blue_kxr_evb/arm-none-eabi/src/edge-impulse/edge-impulse-sdk/CMSIS/DSP/Source/StatisticsFunctions/arm_std_f16.o
     48	      0	      0	     48	     30	build/apollo4p_blue_kxr_evb/arm-none-eabi/src/edge-impulse/edge-impulse-sdk/CMSIS/DSP/Source/StatisticsFunctions/arm_std_f32.o
     28	      0	      0	     28	     1c	build/apollo4p_blue_kxr_evb/arm-none-eabi/src/edge-impulse/edge-impulse-sdk/CMSIS/DSP/Source/StatisticsFunctions/arm_std_f64.o
     92	      0	      0	     92	     5c	build/apollo4p_blue_kxr_evb/arm-none-eabi/src/edge-impulse/edge-impulse-sdk/CMSIS/DSP/Source/StatisticsFunctions/arm_std_q15.o
    116	      0	      0	    116	     74	build/apollo4p_blue_kxr_evb/arm-none-eabi/src/edge-impulse/edge-impulse-sdk/CMSIS/DSP/Source/StatisticsFunctions/arm_std_q31.o
      0	      0	      0	      0	      0	build/apollo4p_blue_kxr_evb/arm-none-eabi/src/edge-impulse/edge-impulse-sdk/CMSIS/DSP/Source/StatisticsFunctions/arm_var_f16.o
     80	      0	      0	     80	     50	build/apollo4p_blue_kxr_evb/arm-none-eabi/src/edge-impulse/edge-impulse-sdk/CMSIS/DSP/Source/StatisticsFunctions/arm_var_f32.o
    168	      0	      0	    168	     a8	build/apollo4p_blue_kxr_evb/arm-none-eabi/src/edge-impulse/edge-impulse-sdk/CMSIS/DSP/Source/StatisticsFunctions/arm_var_f64.o
     84	      0	      0	     84	     54	build/apollo4p_blue_kxr_evb/arm-none-eabi/src/edge-impulse/edge-impulse-sdk/CMSIS/DSP/Source/StatisticsFunctions/arm_var_q15.o
    112	      0	      0	    112	     70	build/apollo4p_blue_kxr_evb/arm-none-eabi/src/edge-impulse/edge-impulse-sdk/CMSIS/DSP/Source/StatisticsFunctions/arm_var_q31.o
    108	      0	      0	    108	     6c	build/apollo4p_blue_kxr_evb/arm-none-eabi/src/edge-impulse/edge-impulse-sdk/CMSIS/NN/Source/ActivationFunctions/arm_nn_activations_q15.o
     56	      0	      0	     56	     38	build/apollo4p_blue_kxr_evb/arm-none-eabi/src/edge-impulse/edge-impulse-sdk/CMSIS/NN/Source/ActivationFunctions/arm_nn_activations_q7.o
     28	      0	      0	     28	     1c	build/apollo4p_blue_kxr_evb/arm-none-eabi/src/edge-impulse/edge-impulse-sdk/CMSIS/NN/Source/ActivationFunctions/arm_relu6_s8.o
     68	      0	      0	     68	     44	build/apollo4p_blue_kxr_evb/arm-none-eabi/src/edge-impulse/edge-impulse-sdk/CMSIS/NN/Source/ActivationFunctions/arm_relu_q15.o
     84	      0	      0	     84	     54	build/apollo4p_blue_kxr_evb/arm-none-eabi/src/edge-impulse/edge-impulse-sdk/CMSIS/NN/Source/ActivationFunctions/arm_relu_q7.o
    868	      0	      0	    868	    364	build/apollo4p_blue_kxr_evb/arm-none-eabi/src/edge-impulse/edge-impulse-sdk/CMSIS/NN/Source/BasicMathFunctions/arm_elementwise_add_s16.o
   1452	      0	      0	   1452	    5ac	build/apollo4p_blue_kxr_evb/arm-none-eabi/src/edge-impulse/edge-impulse-sdk/CMSIS/NN/Source/BasicMathFunctions/arm_elementwise_add_s8.o
    364	      0	      0	    364	    16c	build/apollo4p_blue_kxr_evb/arm-none-eabi/src/edge-impulse/edge-impulse-sdk/CMSIS/NN/Source/BasicMathFunctions/arm_elementwise_mul_s16.o
    624	      0	      0	    624	    270	build/apollo4p_blue_kxr_evb/arm-none-eabi/src/edge-impulse/edge-impulse-sdk/CMSIS/NN/Source/BasicMathFunctions/arm_elementwise_mul_s8.o
     36	      0	      0	     36	     24	build/apollo4p_blue_kxr_evb/arm-none-eabi/src/edge-impulse/edge-impulse-sdk/CMSIS/NN/Source/ConcatenationFunctions/arm_concatenation_s8_w.o
     60	      0	      0	     60	     3c	build/apollo4p_blue_kxr_evb/arm-none-eabi/src/edge-impulse/edge-impulse-sdk/CMSIS/NN/Source/ConcatenationFunctions/arm_concatenation_s8_x.o
     64	      0	      0	     64	     40	build/apollo4p_blue_kxr_evb/arm-none-eabi/src/edge-impulse/edge-impulse-sdk/CMSIS/NN/Source/ConcatenationFunctions/arm_concatenation_s8_y.o
     68	      0	      0	     68	     44	build/apollo4p_blue_kxr_evb/arm-none-eabi/src/edge-impulse/edge-impulse-sdk/CMSIS/NN/Source/ConcatenationFunctions/arm_concatenation_s8_z.o
     72	      0	      0	     72	     48	build/apollo4p_blue_kxr_evb/arm-none-eabi/src/edge-impulse/edge-impulse-sdk/CMSIS/NN/Source/ConvolutionFunctions/arm_convolve_1_x_n_s8.o
    420	      0	      0	    420	    1a4	build/apollo4p_blue_kxr_evb/arm-none-eabi/src/edge-impulse/edge-impulse-sdk/CMSIS/NN/Source/ConvolutionFunctions/arm_convolve_1x1_HWC_q7_fast_nonsquare.o
    112	      0	      0	    112	     70	build/apollo4p_blue_kxr_evb/arm-none-eabi/src/edge-impulse/edge-impulse-sdk/CMSIS/NN/Source/ConvolutionFunctions/arm_convolve_1x1_s8_fast.o
    592	      0	      0	    592	    250	build/apollo4p_blue_kxr_evb/arm-none-eabi/src/edge-impulse/edge-impulse-sdk/CMSIS/NN/Source/ConvolutionFunctions/arm_convolve_HWC_q15_basic.o
    652	      0	      0	    652	    28c	build/apollo4p_blue_kxr_evb/arm-none-eabi/src/edge-impulse/edge-impulse-sdk/CMSIS/NN/Source/ConvolutionFunctions/arm_convolve_HWC_q15_fast.o
    664	      0	      0	    664	    298	build/apollo4p_blue_kxr_evb/arm-none-eabi/src/edge-impulse/edge-impulse-sdk/CMSIS/NN/Source/ConvolutionFunctions/arm_convolve_HWC_q15_fast_nonsquare.o
    676	      0	      0	    676	    2a4	build/apollo4p_blue_kxr_evb/arm-none-eabi/src/edge-impulse/edge-impulse-sdk/CMSIS/NN/Source/ConvolutionFunctions/arm_convolve_HWC_q7_RGB.o
    624	      0	      0	    624	    270	build/apollo4p_blue_kxr_evb/arm-none-eabi/src/edge-impulse/edge-impulse-sdk/CMSIS/NN/Source/ConvolutionFunctions/arm_convolve_HWC_q7_basic.o
    620	      0	      0	    620	    26c	build/apollo4p_blue_kxr_evb/arm-none-eabi/src/edge-impulse/edge-impulse-sdk/CMSIS/NN/Source/ConvolutionFunctions/arm_convolve_HWC_q7_basic_nonsquare.o
   1716	      0	      0	   1716	    6b4	build/apollo4p_blue_kxr_evb/arm-none-eabi/src/edge-impulse/edge-impulse-sdk/CMSIS/NN/Source/ConvolutionFunctions/arm_convolve_HWC_q7_fast.o
   1700	      0	      0	   1700	    6a4	build/apollo4p_blue_kxr_evb/arm-none-eabi/src/edge-impulse/edge-impulse-sdk/CMSIS/NN/Source/ConvolutionFunctions/arm_convolve_HWC_q7_fast_nonsquare.o
   1024	      0	      0	   1024	    400	build/apollo4p_blue_kxr_evb/arm-none-eabi/src/edge-impulse/edge-impulse-sdk/CMSIS/NN/Source/ConvolutionFunctions/arm_convolve_fast_s16.o
    900	      0	      0	    900	    384	build/apollo4p_blue_kxr_evb/arm-none-eabi/src/edge-impulse/edge-impulse-sdk/CMSIS/NN/Source/ConvolutionFunctions/arm_convolve_s16.o
    964	      0	      0	    964	    3c4	build/apollo4p_blue_kxr_evb/arm-none-eabi/src/edge-impulse/edge-impulse-sdk/CMSIS/NN/Source/ConvolutionFunctions/arm_convolve_s8.o
    176	      0	      0	    176	     b0	build/apollo4p_blue_kxr_evb/arm-none-eabi/src/edge-impulse/edge-impulse-sdk/CMSIS/NN/Source/ConvolutionFunctions/arm_convolve_wrapper_s16.o
    292	      0	      0	    292	    124	build/apollo4p_blue_kxr_evb/arm-none-eabi/src/edge-impulse/edge-impulse-sdk/CMSIS/NN/Source/ConvolutionFunctions/arm_convolve_wrapper_s8.o
   1356	      0	      0	   1356	    54c	build/apollo4p_blue_kxr_evb/arm-none-eabi/src/edge-impulse/edge-impulse-sdk/CMSIS/NN/Source/ConvolutionFunctions/arm_depthwise_conv_3x3_s8.o
   1864	      0	      0	   1864	    748	build/apollo4p_blue_kxr_evb/arm-none-eabi/src/edge-impulse/edge-impulse-sdk/CMSIS/NN/Source/ConvolutionFunctions/arm_depthwise_conv_fast_s16.o
   1016	      0	      0	   1016	    3f8	build/apollo4p_blue_kxr_evb/arm-none-eabi/src/edge-impulse/edge-impulse-sdk/CMSIS/NN/Source/ConvolutionFunctions/arm_depthwise_conv_s16.o
   2096	      0	      0	   2096	    830	build/apollo4p_blue_kxr_evb/arm-none-eabi/src/edge-impulse/edge-impulse-sdk/CMSIS/NN/Source/ConvolutionFunctions/arm_depthwise_conv_s8.o
   1604	      0	      0	   1604	    644	build/apollo4p_blue_kxr_evb/arm-none-eabi/src/edge-impulse/edge-impulse-sdk/CMSIS/NN/Source/ConvolutionFunctions/arm_depthwise_conv_s8_opt.o
   1584	      0	      0	   1584	    630	build/apollo4p_blue_kxr_evb/arm-none-eabi/src/edge-impulse/edge-impulse-sdk/CMSIS/NN/Source/ConvolutionFunctions/arm_depthwise_conv_u8_basic_ver1.o
    200	      0	      0	    200	     c8	build/apollo4p_blue_kxr_evb/arm-none-eabi/src/edge-impulse/edge-impulse-sdk/CMSIS/NN/Source/ConvolutionFunctions/arm_depthwise_conv_wrapper_s16.o
    208	      0	      0	    208	     d0	build/apollo4p_blue_kxr_evb/arm-none-eabi/src/edge-impulse/edge-impulse-sdk/CMSIS/NN/Source/ConvolutionFunctions/arm_depthwise_conv_wrapper_s8.o
    932	      0	      0	    932	    3a4	build/apollo4p_blue_kxr_evb/arm-none-eabi/src/edge-impulse/edge-impulse-sdk/CMSIS/NN/Source/ConvolutionFunctions/arm_depthwise_separable_conv_HWC_q7.o
    952	      0	      0	    952	    3b8	build/apollo4p_blue_kxr_evb/arm-none-eabi/src/edge-impulse/edge-impulse-sdk/CMSIS/NN/Source/ConvolutionFunctions/arm_depthwise_separable_conv_HWC_q7_nonsquare.o
      4	      0	      0	      4	      4	build/apollo4p_blue_kxr_evb/arm-none-eabi/src/edge-impulse/edge-impulse-sdk/CMSIS/NN/Source/ConvolutionFunctions/arm_nn_depthwise_conv_s8_core.o
    680	      0	      0	    680	    2a8	build/apollo4p_blue_kxr_evb/arm-none-eabi/src/edge-impulse/edge-impulse-sdk/CMSIS/NN/Source/ConvolutionFunctions/arm_nn_mat_mult_kernel_q7_q15.o
    492	      0	      0	    492	    1ec	build/apollo4p_blue_kxr_evb/arm-none-eabi/src/edge-impulse/edge-impulse-sdk/CMSIS/NN/Source/ConvolutionFunctions/arm_nn_mat_mult_kernel_q7_q15_reordered.o
   1192	      0	      0	   1192	    4a8	build/apollo4p_blue_kxr_evb/arm-none-eabi/src/edge-impulse/edge-impulse-sdk/CMSIS/NN/Source/ConvolutionFunctions/arm_nn_mat_mult_kernel_s8_s16.o
      4	      0	      0	      4	      4	build/apollo4p_blue_kxr_evb/arm-none-eabi/src/edge-impulse/edge-impulse-sdk/CMSIS/NN/Source/ConvolutionFunctions/arm_nn_mat_mult_s8.o
    456	      0	      0	    456	    1c8	build/apollo4p_blue_kxr_evb/arm-none-eabi/src/edge-impulse/edge-impulse-sdk/CMSIS/NN/Source/FullyConnectedFunctions/arm_fully_connected_mat_q7_vec_q15.o
    576	      0	      0	    576	    240	build/apollo4p_blue_kxr_evb/arm-none-eabi/src/edge-impulse/edge-impulse-sdk/CMSIS/NN/Source/FullyConnectedFunctions/arm_fully_connected_mat_q7_vec_q15_opt.o
    428	      0	      0	    428	    1ac	build/apollo4p_blue_kxr_evb/arm-none-eabi/src/edge-impulse/edge-impulse-sdk/CMSIS/NN/Source/FullyConnectedFunctions/arm_fully_connected_q15.o
    520	      0	      0	    520	    208	build/apollo4p_blue_kxr_evb/arm-none-eabi/src/edge-impulse/edge-impulse-sdk/CMSIS/NN/Source/FullyConnectedFunctions/arm_fully_connected_q15_opt.o
    460	      0	      0	    460	    1cc	build/apollo4p_blue_kxr_evb/arm-none-eabi/src/edge-impulse/edge-impulse-sdk/CMSIS/NN/Source/FullyConnectedFunctions/arm_fully_connected_q7.o
    672	      0	      0	    672	    2a0	build/apollo4p_blue_kxr_evb/arm-none-eabi/src/edge-impulse/edge-impulse-sdk/CMSIS/NN/Source/FullyConnectedFunctions/arm_fully_connected_q7_opt.o
    136	      0	      0	    136	     88	build/apollo4p_blue_kxr_evb/arm-none-eabi/src/edge-impulse/edge-impulse-sdk/CMSIS/NN/Source/FullyConnectedFunctions/arm_fully_connected_s16.o
    116	      0	      0	    116	     74	build/apollo4p_blue_kxr_evb/arm-none-eabi/src/edge-impulse/edge-impulse-sdk/CMSIS/NN/Source/FullyConnectedFunctions/arm_fully_connected_s8.o
    112	      0	      0	    112	     70	build/apollo4p_blue_kxr_evb/arm-none-eabi/src/edge-impulse/edge-impulse-sdk/CMSIS/NN/Source/NNSupportFunctions/arm_nn_accumulate_q7_to_q15.o
     68	      0	      0	     68	     44	build/apollo4p_blue_kxr_evb/arm-none-eabi/src/edge-impulse/edge-impulse-sdk/CMSIS/NN/Source/NNSupportFunctions/arm_nn_add_q7.o
      8	      0	      0	      8	      8	build/apollo4p_blue_kxr_evb/arm-none-eabi/src/edge-impulse/edge-impulse-sdk/CMSIS/NN/Source/NNSupportFunctions/arm_nn_depthwise_conv_nt_t_padded_s8.o
      4	      0	      0	      4	      4	build/apollo4p_blue_kxr_evb/arm-none-eabi/src/edge-impulse/edge-impulse-sdk/CMSIS/NN/Source/NNSupportFunctions/arm_nn_depthwise_conv_nt_t_s16.o
      8	      0	      0	      8	      8	build/apollo4p_blue_kxr_evb/arm-none-eabi/src/edge-impulse/edge-impulse-sdk/CMSIS/NN/Source/NNSupportFunctions/arm_nn_depthwise_conv_nt_t_s8.o
      4	      0	      0	      4	      4	build/apollo4p_blue_kxr_evb/arm-none-eabi/src/edge-impulse/edge-impulse-sdk/CMSIS/NN/Source/NNSupportFunctions/arm_nn_mat_mul_core_1x_s8.o
      4	      0	      0	      4	      4	build/apollo4p_blue_kxr_evb/arm-none-eabi/src/edge-impulse/edge-impulse-sdk/CMSIS/NN/Source/NNSupportFunctions/arm_nn_mat_mul_core_4x_s8.o
   1584	      0	      0	   1584	    630	build/apollo4p_blue_kxr_evb/arm-none-eabi/src/edge-impulse/edge-impulse-sdk/CMSIS/NN/Source/NNSupportFunctions/arm_nn_mat_mul_kernel_s16.o
   1944	      0	      0	   1944	    798	build/apollo4p_blue_kxr_evb/arm-none-eabi/src/edge-impulse/edge-impulse-sdk/CMSIS/NN/Source/NNSupportFunctions/arm_nn_mat_mult_nt_t_s8.o
     44	      0	      0	     44	     2c	build/apollo4p_blue_kxr_evb/arm-none-eabi/src/edge-impulse/edge-impulse-sdk/CMSIS/NN/Source/NNSupportFunctions/arm_nn_mult_q15.o
     52	      0	      0	     52	     34	build/apollo4p_blue_kxr_evb/arm-none-eabi/src/edge-impulse/edge-impulse-sdk/CMSIS/NN/Source/NNSupportFunctions/arm_nn_mult_q7.o
    816	      0	      0	    816	    330	build/apollo4p_blue_kxr_evb/arm-none-eabi/src/edge-impulse/edge-impulse-sdk/CMSIS/NN/Source/NNSupportFunctions/arm_nn_vec_mat_mult_t_s16.o
    732	      0	      0	    732	    2dc	build/apollo4p_blue_kxr_evb/arm-none-eabi/src/edge-impulse/edge-impulse-sdk/CMSIS/NN/Source/NNSupportFunctions/arm_nn_vec_mat_mult_t_s8.o
    764	      0	      0	    764	    2fc	build/apollo4p_blue_kxr_evb/arm-none-eabi/src/edge-impulse/edge-impulse-sdk/CMSIS/NN/Source/NNSupportFunctions/arm_nn_vec_mat_mult_t_svdf_s8.o
   2816	      0	      0	   2816	    b00	build/apollo4p_blue_kxr_evb/arm-none-eabi/src/edge-impulse/edge-impulse-sdk/CMSIS/NN/Source/NNSupportFunctions/arm_nntables.o
     84	      0	      0	     84	     54	build/apollo4p_blue_kxr_evb/arm-none-eabi/src/edge-impulse/edge-impulse-sdk/CMSIS/NN/Source/NNSupportFunctions/arm_q7_to_q15_no_shift.o
     76	      0	      0	     76	     4c	build/apollo4p_blue_kxr_evb/arm-none-eabi/src/edge-impulse/edge-impulse-sdk/CMSIS/NN/Source/NNSupportFunctions/arm_q7_to_q15_reordered_no_shift.o
     84	      0	      0	     84	     54	build/apollo4p_blue_kxr_evb/arm-none-eabi/src/edge-impulse/edge-impulse-sdk/CMSIS/NN/Source/NNSupportFunctions/arm_q7_to_q15_reordered_with_offset.o
     96	      0	      0	     96	     60	build/apollo4p_blue_kxr_evb/arm-none-eabi/src/edge-impulse/edge-impulse-sdk/CMSIS/NN/Source/NNSupportFunctions/arm_q7_to_q15_with_offset.o
    516	      0	      0	    516	    204	build/apollo4p_blue_kxr_evb/arm-none-eabi/src/edge-impulse/edge-impulse-sdk/CMSIS/NN/Source/PoolingFunctions/arm_avgpool_s16.o
    508	      0	      0	    508	    1fc	build/apollo4p_blue_kxr_evb/arm-none-eabi/src/edge-impulse/edge-impulse-sdk/CMSIS/NN/Source/PoolingFunctions/arm_avgpool_s8.o
    624	      0	      0	    624	    270	build/apollo4p_blue_kxr_evb/arm-none-eabi/src/edge-impulse/edge-impulse-sdk/CMSIS/NN/Source/PoolingFunctions/arm_max_pool_s16.o
    716	      0	      0	    716	    2cc	build/apollo4p_blue_kxr_evb/arm-none-eabi/src/edge-impulse/edge-impulse-sdk/CMSIS/NN/Source/PoolingFunctions/arm_max_pool_s8.o
   1168	      0	      0	   1168	    490	build/apollo4p_blue_kxr_evb/arm-none-eabi/src/edge-impulse/edge-impulse-sdk/CMSIS/NN/Source/PoolingFunctions/arm_pool_q7_HWC.o
     12	      0	      0	     12	      c	build/apollo4p_blue_kxr_evb/arm-none-eabi/src/edge-impulse/edge-impulse-sdk/CMSIS/NN/Source/ReshapeFunctions/arm_reshape_s8.o
   2724	      0	      0	   2724	    aa4	build/apollo4p_blue_kxr_evb/arm-none-eabi/src/edge-impulse/edge-impulse-sdk/CMSIS/NN/Source/SoftmaxFunctions/arm_nn_softmax_common_s8.o
    164	      0	      0	    164	     a4	build/apollo4p_blue_kxr_evb/arm-none-eabi/src/edge-impulse/edge-impulse-sdk/CMSIS/NN/Source/SoftmaxFunctions/arm_softmax_q15.o
    136	      0	      0	    136	     88	build/apollo4p_blue_kxr_evb/arm-none-eabi/src/edge-impulse/edge-impulse-sdk/CMSIS/NN/Source/SoftmaxFunctions/arm_softmax_q7.o
    452	      0	      0	    452	    1c4	build/apollo4p_blue_kxr_evb/arm-none-eabi/src/edge-impulse/edge-impulse-sdk/CMSIS/NN/Source/SoftmaxFunctions/arm_softmax_s16.o
[...]
    340	      0	      0	    340	    154	build/apollo4p_blue_kxr_evb/arm-none-eabi/src/edge-impulse/edge-impulse-sdk/tensorflow/lite/micro/kernels/exp.o
    456	      0	      0	    456	    1c8	build/apollo4p_blue_kxr_evb/arm-none-eabi/src/edge-impulse/edge-impulse-sdk/tensorflow/lite/micro/kernels/expand_dims.o
    664	      0	      0	    664	    298	build/apollo4p_blue_kxr_evb/arm-none-eabi/src/edge-impulse/edge-impulse-sdk/tensorflow/lite/micro/kernels/fill.o
    184	      0	      0	    184	     b8	build/apollo4p_blue_kxr_evb/arm-none-eabi/src/edge-impulse/edge-impulse-sdk/tensorflow/lite/micro/kernels/floor.o
   1228	      0	      0	   1228	    4cc	build/apollo4p_blue_kxr_evb/arm-none-eabi/src/edge-impulse/edge-impulse-sdk/tensorflow/lite/micro/kernels/floor_div.o
   1232	      0	      0	   1232	    4d0	build/apollo4p_blue_kxr_evb/arm-none-eabi/src/edge-impulse/edge-impulse-sdk/tensorflow/lite/micro/kernels/floor_mod.o
   1344	      0	      0	   1344	    540	build/apollo4p_blue_kxr_evb/arm-none-eabi/src/edge-impulse/edge-impulse-sdk/tensorflow/lite/micro/kernels/fully_connected.o
    264	      0	      0	    264	    108	build/apollo4p_blue_kxr_evb/arm-none-eabi/src/edge-impulse/edge-impulse-sdk/tensorflow/lite/micro/kernels/fully_connected_common.o
      0	      0	      0	      0	      0	build/apollo4p_blue_kxr_evb/arm-none-eabi/src/edge-impulse/edge-impulse-sdk/tensorflow/lite/micro/kernels/gather.o
    896	      0	      0	    896	    380	build/apollo4p_blue_kxr_evb/arm-none-eabi/src/edge-impulse/edge-impulse-sdk/tensorflow/lite/micro/kernels/gather_nd.o
   1158	      0	      0	   1158	    486	build/apollo4p_blue_kxr_evb/arm-none-eabi/src/edge-impulse/edge-impulse-sdk/tensorflow/lite/micro/kernels/hard_swish.o
    328	      0	      0	    328	    148	build/apollo4p_blue_kxr_evb/arm-none-eabi/src/edge-impulse/edge-impulse-sdk/tensorflow/lite/micro/kernels/hard_swish_common.o
    372	      0	      0	    372	    174	build/apollo4p_blue_kxr_evb/arm-none-eabi/src/edge-impulse/edge-impulse-sdk/tensorflow/lite/micro/kernels/if.o
    404	      0	  10000	  10404	   28a4	build/apollo4p_blue_kxr_evb/arm-none-eabi/src/edge-impulse/edge-impulse-sdk/tensorflow/lite/micro/kernels/kernel_runner.o
   1160	      0	      0	   1160	    488	build/apollo4p_blue_kxr_evb/arm-none-eabi/src/edge-impulse/edge-impulse-sdk/tensorflow/lite/micro/kernels/kernel_util_micro.o
   1236	      0	      0	   1236	    4d4	build/apollo4p_blue_kxr_evb/arm-none-eabi/src/edge-impulse/edge-impulse-sdk/tensorflow/lite/micro/kernels/l2_pool_2d.o
   2171	      0	      0	   2171	    87b	build/apollo4p_blue_kxr_evb/arm-none-eabi/src/edge-impulse/edge-impulse-sdk/tensorflow/lite/micro/kernels/l2norm.o
   1575	      0	      0	   1575	    627	build/apollo4p_blue_kxr_evb/arm-none-eabi/src/edge-impulse/edge-impulse-sdk/tensorflow/lite/micro/kernels/leaky_relu.o
    232	      0	      0	    232	     e8	build/apollo4p_blue_kxr_evb/arm-none-eabi/src/edge-impulse/edge-impulse-sdk/tensorflow/lite/micro/kernels/leaky_relu_common.o
   4171	      0	      0	   4171	   104b	build/apollo4p_blue_kxr_evb/arm-none-eabi/src/edge-impulse/edge-impulse-sdk/tensorflow/lite/micro/kernels/log_softmax.o
     80	      0	      0	     80	     50	build/apollo4p_blue_kxr_evb/arm-none-eabi/src/edge-impulse/edge-impulse-sdk/tensorflow/lite/micro/kernels/logical.o
    904	      0	      0	    904	    388	build/apollo4p_blue_kxr_evb/arm-none-eabi/src/edge-impulse/edge-impulse-sdk/tensorflow/lite/micro/kernels/logical_common.o
   2947	      0	      0	   2947	    b83	build/apollo4p_blue_kxr_evb/arm-none-eabi/src/edge-impulse/edge-impulse-sdk/tensorflow/lite/micro/kernels/logistic.o
    400	      0	      0	    400	    190	build/apollo4p_blue_kxr_evb/arm-none-eabi/src/edge-impulse/edge-impulse-sdk/tensorflow/lite/micro/kernels/logistic_common.o
   4224	      0	      0	   4224	   1080	build/apollo4p_blue_kxr_evb/arm-none-eabi/src/edge-impulse/edge-impulse-sdk/tensorflow/lite/micro/kernels/lstm_eval.o
   3948	      0	      0	   3948	    f6c	build/apollo4p_blue_kxr_evb/arm-none-eabi/src/edge-impulse/edge-impulse-sdk/tensorflow/lite/micro/kernels/maximum_minimum.o
    252	      0	      0	    252	     fc	build/apollo4p_blue_kxr_evb/arm-none-eabi/src/edge-impulse/edge-impulse-sdk/tensorflow/lite/micro/kernels/micro_tensor_utils.o
    836	      0	      0	    836	    344	build/apollo4p_blue_kxr_evb/arm-none-eabi/src/edge-impulse/edge-impulse-sdk/tensorflow/lite/micro/kernels/mirror_pad.o
      0	      0	      0	      0	      0	build/apollo4p_blue_kxr_evb/arm-none-eabi/src/edge-impulse/edge-impulse-sdk/tensorflow/lite/micro/kernels/mli_interface.o
      0	      0	      0	      0	      0	build/apollo4p_blue_kxr_evb/arm-none-eabi/src/edge-impulse/edge-impulse-sdk/tensorflow/lite/micro/kernels/mli_slicers.o
   3719	      0	      0	   3719	    e87	build/apollo4p_blue_kxr_evb/arm-none-eabi/src/edge-impulse/edge-impulse-sdk/tensorflow/lite/micro/kernels/mul.o
   6719	      0	      0	   6719	   1a3f	build/apollo4p_blue_kxr_evb/arm-none-eabi/src/edge-impulse/edge-impulse-sdk/tensorflow/lite/micro/kernels/mul_common.o
    192	      0	      0	    192	     c0	build/apollo4p_blue_kxr_evb/arm-none-eabi/src/edge-impulse/edge-impulse-sdk/tensorflow/lite/micro/kernels/neg.o
   1116	      0	      0	   1116	    45c	build/apollo4p_blue_kxr_evb/arm-none-eabi/src/edge-impulse/edge-impulse-sdk/tensorflow/lite/micro/kernels/pack.o
   3336	      0	      0	   3336	    d08	build/apollo4p_blue_kxr_evb/arm-none-eabi/src/edge-impulse/edge-impulse-sdk/tensorflow/lite/micro/kernels/pad.o
   1508	      0	      0	   1508	    5e4	build/apollo4p_blue_kxr_evb/arm-none-eabi/src/edge-impulse/edge-impulse-sdk/tensorflow/lite/micro/kernels/pooling.o
   1712	      0	      0	   1712	    6b0	build/apollo4p_blue_kxr_evb/arm-none-eabi/src/edge-impulse/edge-impulse-sdk/tensorflow/lite/micro/kernels/pooling_common.o
   1567	      0	      0	   1567	    61f	build/apollo4p_blue_kxr_evb/arm-none-eabi/src/edge-impulse/edge-impulse-sdk/tensorflow/lite/micro/kernels/prelu.o
   1036	      0	      0	   1036	    40c	build/apollo4p_blue_kxr_evb/arm-none-eabi/src/edge-impulse/edge-impulse-sdk/tensorflow/lite/micro/kernels/prelu_common.o
     56	      0	      0	     56	     38	build/apollo4p_blue_kxr_evb/arm-none-eabi/src/edge-impulse/edge-impulse-sdk/tensorflow/lite/micro/kernels/quantize.o
   3231	      0	      0	   3231	    c9f	build/apollo4p_blue_kxr_evb/arm-none-eabi/src/edge-impulse/edge-impulse-sdk/tensorflow/lite/micro/kernels/quantize_common.o
    204	      0	      0	    204	     cc	build/apollo4p_blue_kxr_evb/arm-none-eabi/src/edge-impulse/edge-impulse-sdk/tensorflow/lite/micro/kernels/read_variable.o
    388	      0	      0	    388	    184	build/apollo4p_blue_kxr_evb/arm-none-eabi/src/edge-impulse/edge-impulse-sdk/tensorflow/lite/micro/kernels/real.o
    312	      0	      0	    312	    138	build/apollo4p_blue_kxr_evb/arm-none-eabi/src/edge-impulse/edge-impulse-sdk/tensorflow/lite/micro/kernels/reduce.o
  10699	      0	      0	  10699	   29cb	build/apollo4p_blue_kxr_evb/arm-none-eabi/src/edge-impulse/edge-impulse-sdk/tensorflow/lite/micro/kernels/reduce_common.o
    392	      0	      0	    392	    188	build/apollo4p_blue_kxr_evb/arm-none-eabi/src/edge-impulse/edge-impulse-sdk/tensorflow/lite/micro/kernels/reshape.o
   2984	      0	      0	   2984	    ba8	build/apollo4p_blue_kxr_evb/arm-none-eabi/src/edge-impulse/edge-impulse-sdk/tensorflow/lite/micro/kernels/resize_bilinear.o
   2864	      0	      0	   2864	    b30	build/apollo4p_blue_kxr_evb/arm-none-eabi/src/edge-impulse/edge-impulse-sdk/tensorflow/lite/micro/kernels/resize_nearest_neighbor.o
    951	      0	      0	    951	    3b7	build/apollo4p_blue_kxr_evb/arm-none-eabi/src/edge-impulse/edge-impulse-sdk/tensorflow/lite/micro/kernels/rfft2d.o
    400	      0	      0	    400	    190	build/apollo4p_blue_kxr_evb/arm-none-eabi/src/edge-impulse/edge-impulse-sdk/tensorflow/lite/micro/kernels/round.o
   3589	      0	      0	   3589	    e05	build/apollo4p_blue_kxr_evb/arm-none-eabi/src/edge-impulse/edge-impulse-sdk/tensorflow/lite/micro/kernels/scatter_nd.o
      0	      0	      0	      0	      0	build/apollo4p_blue_kxr_evb/arm-none-eabi/src/edge-impulse/edge-impulse-sdk/tensorflow/lite/micro/kernels/scratch_buf_mgr.o
      0	      0	      0	      0	      0	build/apollo4p_blue_kxr_evb/arm-none-eabi/src/edge-impulse/edge-impulse-sdk/tensorflow/lite/micro/kernels/scratch_buffers.o
      0	      0	      0	      0	      0	build/apollo4p_blue_kxr_evb/arm-none-eabi/src/edge-impulse/edge-impulse-sdk/tensorflow/lite/micro/kernels/select.o
    132	      0	      0	    132	     84	build/apollo4p_blue_kxr_evb/arm-none-eabi/src/edge-impulse/edge-impulse-sdk/tensorflow/lite/micro/kernels/shape.o
   2764	      0	      0	   2764	    acc	build/apollo4p_blue_kxr_evb/arm-none-eabi/src/edge-impulse/edge-impulse-sdk/tensorflow/lite/micro/kernels/slice.o
    760	      0	      0	    760	    2f8	build/apollo4p_blue_kxr_evb/arm-none-eabi/src/edge-impulse/edge-impulse-sdk/tensorflow/lite/micro/kernels/softmax.o
    364	      0	      0	    364	    16c	build/apollo4p_blue_kxr_evb/arm-none-eabi/src/edge-impulse/edge-impulse-sdk/tensorflow/lite/micro/kernels/softmax_common.o
   1608	      0	      0	   1608	    648	build/apollo4p_blue_kxr_evb/arm-none-eabi/src/edge-impulse/edge-impulse-sdk/tensorflow/lite/micro/kernels/space_to_batch_nd.o
   1380	      0	      0	   1380	    564	build/apollo4p_blue_kxr_evb/arm-none-eabi/src/edge-impulse/edge-impulse-sdk/tensorflow/lite/micro/kernels/space_to_depth.o
   1616	      0	      0	   1616	    650	build/apollo4p_blue_kxr_evb/arm-none-eabi/src/edge-impulse/edge-impulse-sdk/tensorflow/lite/micro/kernels/split.o
   1812	      0	      0	   1812	    714	build/apollo4p_blue_kxr_evb/arm-none-eabi/src/edge-impulse/edge-impulse-sdk/tensorflow/lite/micro/kernels/split_v.o
   3897	      0	      0	   3897	    f39	build/apollo4p_blue_kxr_evb/arm-none-eabi/src/edge-impulse/edge-impulse-sdk/tensorflow/lite/micro/kernels/squared_difference.o
    404	      0	      0	    404	    194	build/apollo4p_blue_kxr_evb/arm-none-eabi/src/edge-impulse/edge-impulse-sdk/tensorflow/lite/micro/kernels/squeeze.o
  15508	      0	      0	  15508	   3c94	build/apollo4p_blue_kxr_evb/arm-none-eabi/src/edge-impulse/edge-impulse-sdk/tensorflow/lite/micro/kernels/strided_slice.o
   6127	      0	      0	   6127	   17ef	build/apollo4p_blue_kxr_evb/arm-none-eabi/src/edge-impulse/edge-impulse-sdk/tensorflow/lite/micro/kernels/sub.o
    512	      0	      0	    512	    200	build/apollo4p_blue_kxr_evb/arm-none-eabi/src/edge-impulse/edge-impulse-sdk/tensorflow/lite/micro/kernels/sub_common.o
    876	      0	      0	    876	    36c	build/apollo4p_blue_kxr_evb/arm-none-eabi/src/edge-impulse/edge-impulse-sdk/tensorflow/lite/micro/kernels/svdf.o
   4111	      0	      0	   4111	   100f	build/apollo4p_blue_kxr_evb/arm-none-eabi/src/edge-impulse/edge-impulse-sdk/tensorflow/lite/micro/kernels/svdf_common.o
   3591	      0	      0	   3591	    e07	build/apollo4p_blue_kxr_evb/arm-none-eabi/src/edge-impulse/edge-impulse-sdk/tensorflow/lite/micro/kernels/tanh.o
   3860	      0	      0	   3860	    f14	build/apollo4p_blue_kxr_evb/arm-none-eabi/src/edge-impulse/edge-impulse-sdk/tensorflow/lite/micro/kernels/tile.o
  23350	      0	      0	  23350	   5b36	build/apollo4p_blue_kxr_evb/arm-none-eabi/src/edge-impulse/edge-impulse-sdk/tensorflow/lite/micro/kernels/topk_v2.o
    972	      0	      0	    972	    3cc	build/apollo4p_blue_kxr_evb/arm-none-eabi/src/edge-impulse/edge-impulse-sdk/tensorflow/lite/micro/kernels/transpose.o
   6424	      0	      0	   6424	   1918	build/apollo4p_blue_kxr_evb/arm-none-eabi/src/edge-impulse/edge-impulse-sdk/tensorflow/lite/micro/kernels/transpose_conv.o
   3563	     40	      0	   3603	    e13	build/apollo4p_blue_kxr_evb/arm-none-eabi/src/edge-impulse/edge-impulse-sdk/tensorflow/lite/micro/kernels/tree_ensemble_classifier.o
   6456	      0	      0	   6456	   1938	build/apollo4p_blue_kxr_evb/arm-none-eabi/src/edge-impulse/edge-impulse-sdk/tensorflow/lite/micro/kernels/unidirectional_sequence_lstm.o
    856	      0	      0	    856	    358	build/apollo4p_blue_kxr_evb/arm-none-eabi/src/edge-impulse/edge-impulse-sdk/tensorflow/lite/micro/kernels/unpack.o
    140	      0	      0	    140	     8c	build/apollo4p_blue_kxr_evb/arm-none-eabi/src/edge-impulse/edge-impulse-sdk/tensorflow/lite/micro/kernels/var_handle.o
    392	      0	      0	    392	    188	build/apollo4p_blue_kxr_evb/arm-none-eabi/src/edge-impulse/edge-impulse-sdk/tensorflow/lite/micro/kernels/while.o
    308	      0	      0	    308	    134	build/apollo4p_blue_kxr_evb/arm-none-eabi/src/edge-impulse/edge-impulse-sdk/tensorflow/lite/micro/kernels/zeros_like.o
  10402	      0	      0	  10402	   28a2	build/apollo4p_blue_kxr_evb/arm-none-eabi/src/edge-impulse/edge-impulse-sdk/tensorflow/lite/micro/all_ops_resolver.o
    384	      0	    256	    640	    280	build/apollo4p_blue_kxr_evb/arm-none-eabi/src/edge-impulse/edge-impulse-sdk/tensorflow/lite/micro/fake_micro_context.o
     56	      0	      0	     56	     38	build/apollo4p_blue_kxr_evb/arm-none-eabi/src/edge-impulse/edge-impulse-sdk/tensorflow/lite/micro/flatbuffer_conversions_bridge.o
    867	      0	      0	    867	    363	build/apollo4p_blue_kxr_evb/arm-none-eabi/src/edge-impulse/edge-impulse-sdk/tensorflow/lite/micro/flatbuffer_utils.o
    520	      0	      0	    520	    208	build/apollo4p_blue_kxr_evb/arm-none-eabi/src/edge-impulse/edge-impulse-sdk/tensorflow/lite/micro/memory_helpers.o
   3650	      0	      0	   3650	    e42	build/apollo4p_blue_kxr_evb/arm-none-eabi/src/edge-impulse/edge-impulse-sdk/tensorflow/lite/micro/micro_allocation_info.o
   4894	      0	      0	   4894	   131e	build/apollo4p_blue_kxr_evb/arm-none-eabi/src/edge-impulse/edge-impulse-sdk/tensorflow/lite/micro/micro_allocator.o
    528	      0	      0	    528	    210	build/apollo4p_blue_kxr_evb/arm-none-eabi/src/edge-impulse/edge-impulse-sdk/tensorflow/lite/micro/micro_context.o
    163	      0	      8	    171	     ab	build/apollo4p_blue_kxr_evb/arm-none-eabi/src/edge-impulse/edge-impulse-sdk/tensorflow/lite/micro/micro_error_reporter.o
   2126	      0	      0	   2126	    84e	build/apollo4p_blue_kxr_evb/arm-none-eabi/src/edge-impulse/edge-impulse-sdk/tensorflow/lite/micro/micro_graph.o
   2734	      0	      0	   2734	    aae	build/apollo4p_blue_kxr_evb/arm-none-eabi/src/edge-impulse/edge-impulse-sdk/tensorflow/lite/micro/micro_interpreter.o
      4	      0	      0	      4	      4	build/apollo4p_blue_kxr_evb/arm-none-eabi/src/edge-impulse/edge-impulse-sdk/tensorflow/lite/micro/micro_log.o
    339	      0	      0	    339	    153	build/apollo4p_blue_kxr_evb/arm-none-eabi/src/edge-impulse/edge-impulse-sdk/tensorflow/lite/micro/micro_profiler.o
    436	      0	      0	    436	    1b4	build/apollo4p_blue_kxr_evb/arm-none-eabi/src/edge-impulse/edge-impulse-sdk/tensorflow/lite/micro/micro_resource_variable.o
   1338	      0	      0	   1338	    53a	build/apollo4p_blue_kxr_evb/arm-none-eabi/src/edge-impulse/edge-impulse-sdk/tensorflow/lite/micro/micro_string.o
      8	      0	      0	      8	      8	build/apollo4p_blue_kxr_evb/arm-none-eabi/src/edge-impulse/edge-impulse-sdk/tensorflow/lite/micro/micro_time.o
    496	      0	      0	    496	    1f0	build/apollo4p_blue_kxr_evb/arm-none-eabi/src/edge-impulse/edge-impulse-sdk/tensorflow/lite/micro/micro_utils.o
    330	      0	      0	    330	    14a	build/apollo4p_blue_kxr_evb/arm-none-eabi/src/edge-impulse/edge-impulse-sdk/tensorflow/lite/micro/mock_micro_graph.o
    714	      0	      0	    714	    2ca	build/apollo4p_blue_kxr_evb/arm-none-eabi/src/edge-impulse/edge-impulse-sdk/tensorflow/lite/micro/non_persistent_arena_buffer_allocator.o
     28	      0	      0	     28	     1c	build/apollo4p_blue_kxr_evb/arm-none-eabi/src/edge-impulse/edge-impulse-sdk/tensorflow/lite/micro/op_resolver_bridge.o
    204	      0	      0	    204	     cc	build/apollo4p_blue_kxr_evb/arm-none-eabi/src/edge-impulse/edge-impulse-sdk/tensorflow/lite/micro/persistent_arena_buffer_allocator.o
   1159	      0	      0	   1159	    487	build/apollo4p_blue_kxr_evb/arm-none-eabi/src/edge-impulse/edge-impulse-sdk/tensorflow/lite/micro/recording_micro_allocator.o
    587	      0	      0	    587	    24b	build/apollo4p_blue_kxr_evb/arm-none-eabi/src/edge-impulse/edge-impulse-sdk/tensorflow/lite/micro/recording_single_arena_buffer_allocator.o
     84	      0	      0	     84	     54	build/apollo4p_blue_kxr_evb/arm-none-eabi/src/edge-impulse/edge-impulse-sdk/tensorflow/lite/micro/schema_utils.o
   1117	      0	      0	   1117	    45d	build/apollo4p_blue_kxr_evb/arm-none-eabi/src/edge-impulse/edge-impulse-sdk/tensorflow/lite/micro/single_arena_buffer_allocator.o
      4	      0	      0	      4	      4	build/apollo4p_blue_kxr_evb/arm-none-eabi/src/edge-impulse/edge-impulse-sdk/tensorflow/lite/micro/system_setup.o
    328	      0	     37	    365	    16d	build/apollo4p_blue_kxr_evb/arm-none-eabi/src/edge-impulse/edge-impulse-sdk/tensorflow/lite/micro/test_helper_custom_ops.o
  39423	      0	   8479	  47902	   bb1e	build/apollo4p_blue_kxr_evb/arm-none-eabi/src/edge-impulse/edge-impulse-sdk/tensorflow/lite/micro/test_helpers.o
   1233	      0	      0	   1233	    4d1	build/apollo4p_blue_kxr_evb/arm-none-eabi/src/edge-impulse/edge-impulse-sdk/tensorflow/lite/micro/memory_planner/greedy_memory_planner.o
    281	      0	      0	    281	    119	build/apollo4p_blue_kxr_evb/arm-none-eabi/src/edge-impulse/edge-impulse-sdk/tensorflow/lite/micro/memory_planner/linear_memory_planner.o
    248	      0	      0	    248	     f8	build/apollo4p_blue_kxr_evb/arm-none-eabi/src/edge-impulse/edge-impulse-sdk/tensorflow/lite/micro/memory_planner/non_persistent_buffer_planner_shim.o
    550	      0	      0	    550	    226	build/apollo4p_blue_kxr_evb/arm-none-eabi/src/edge-impulse/edge-impulse-sdk/tensorflow/lite/core/api/common.o
     64	      0	      0	     64	     40	build/apollo4p_blue_kxr_evb/arm-none-eabi/src/edge-impulse/edge-impulse-sdk/tensorflow/lite/core/api/error_reporter.o
   6410	      0	      0	   6410	   190a	build/apollo4p_blue_kxr_evb/arm-none-eabi/src/edge-impulse/edge-impulse-sdk/tensorflow/lite/core/api/flatbuffer_conversions.o
    128	      0	      0	    128	     80	build/apollo4p_blue_kxr_evb/arm-none-eabi/src/edge-impulse/edge-impulse-sdk/tensorflow/lite/core/api/op_resolver.o
     44	      0	      0	     44	     2c	build/apollo4p_blue_kxr_evb/arm-none-eabi/src/edge-impulse/edge-impulse-sdk/tensorflow/lite/core/api/tensor_utils.o
      0	      0	      0	      0	      0	build/apollo4p_blue_kxr_evb/arm-none-eabi/src/edge-impulse/edge-impulse-sdk/classifier/ei_run_classifier_c.o
    584	      0	      0	    584	    248	build/apollo4p_blue_kxr_evb/arm-none-eabi/src/edge-impulse/edge-impulse-sdk/dsp/dct/fast-dct-fft.o
   2692	      0	      0	   2692	    a84	build/apollo4p_blue_kxr_evb/arm-none-eabi/src/edge-impulse/edge-impulse-sdk/dsp/kissfft//kiss_fft.o
   1003	      0	      0	   1003	    3eb	build/apollo4p_blue_kxr_evb/arm-none-eabi/src/edge-impulse/edge-impulse-sdk/dsp/kissfft//kiss_fftr.o
   1344	      0	      0	   1344	    540	build/apollo4p_blue_kxr_evb/arm-none-eabi/src/edge-impulse/edge-impulse-sdk/dsp/image/processing.o
      0	      0	      8	      8	      8	build/apollo4p_blue_kxr_evb/arm-none-eabi/src/edge-impulse/edge-impulse-sdk/dsp/memory.o
     15	      0	      0	     15	      f	build/apollo4p_blue_kxr_evb/arm-none-eabi/src/edge-impulse/edge-impulse-sdk/porting/ambiq/debug_log.o
    210	      0	      0	    210	     d2	build/apollo4p_blue_kxr_evb/arm-none-eabi/src/edge-impulse/edge-impulse-sdk/porting/ambiq/ei_classifier_porting.o
  28821	    784	 238152	 267757	  415ed	build/apollo4p_blue_kxr_evb/arm-none-eabi/src/edge-impulse/model/tflite-model/tflite_learn_7_compiled.o
 217268	 102536	 374272	 694076	  a973c	build/apollo4p_blue_kxr_evb/arm-none-eabi/vision.axf
