   text	   data	    bss	    dec	    hex	filename
   1756	      0	     25	   1781	    6f5	build/apollo5b_evb/arm-none-eabi/src/ns-core/heap_4.o
    320	      0	     16	    336	    150	build/apollo5b_evb/arm-none-eabi/src/ns-core/ns_core.o
   1204	  32768	      4	  33976	   84b8	build/apollo5b_evb/arm-none-eabi/src/ns-core/apollo5b/gcc/startup_gcc.o
    960	      0	      0	    960	    3c0	build/apollo5b_evb/arm-none-eabi/src/edge-impulse/edge-impulse-sdk/CMSIS/DSP/Source/TransformFunctions/arm_bitreversal.o
    280	      0	      0	    280	    118	build/apollo5b_evb/arm-none-eabi/src/edge-impulse/edge-impulse-sdk/CMSIS/DSP/Source/TransformFunctions/arm_bitreversal2.o
    516	      0	      0	    516	    204	build/apollo5b_evb/arm-none-eabi/src/edge-impulse/edge-impulse-sdk/CMSIS/DSP/Source/TransformFunctions/arm_bitreversal_f16.o
   1668	      0	      0	   1668	    684	build/apollo5b_evb/arm-none-eabi/src/edge-impulse/edge-impulse-sdk/CMSIS/DSP/Source/TransformFunctions/arm_cfft_f16.o
   1596	      0	      0	   1596	    63c	build/apollo5b_evb/arm-none-eabi/src/edge-impulse/edge-impulse-sdk/CMSIS/DSP/Source/TransformFunctions/arm_cfft_f32.o
    868	      0	      0	    868	    364	build/apollo5b_evb/arm-none-eabi/src/edge-impulse/edge-impulse-sdk/CMSIS/DSP/Source/TransformFunctions/arm_cfft_f64.o
    860	      0	      0	    860	    35c	build/apollo5b_evb/arm-none-eabi/src/edge-impulse/edge-impulse-sdk/CMSIS/DSP/Source/TransformFunctions/arm_cfft_init_f16.o
    860	      0	      0	    860	    35c	build/apollo5b_evb/arm-none-eabi/src/edge-impulse/edge-impulse-sdk/CMSIS/DSP/Source/TransformFunctions/arm_cfft_init_f32.o
    152	      0	      0	    152	     98	build/apollo5b_evb/arm-none-eabi/src/edge-impulse/edge-impulse-sdk/CMSIS/DSP/Source/TransformFunctions/arm_cfft_init_f64.o
    860	      0	      0	    860	    35c	build/apollo5b_evb/arm-none-eabi/src/edge-impulse/edge-impulse-sdk/CMSIS/DSP/Source/TransformFunctions/arm_cfft_init_q15.o
    860	      0	      0	    860	    35c	build/apollo5b_evb/arm-none-eabi/src/edge-impulse/edge-impulse-sdk/CMSIS/DSP/Source/TransformFunctions/arm_cfft_init_q31.o
   1660	      0	      0	   1660	    67c	build/apollo5b_evb/arm-none-eabi/src/edge-impulse/edge-impulse-sdk/CMSIS/DSP/Source/TransformFunctions/arm_cfft_q15.o
   1576	      0	      0	   1576	    628	build/apollo5b_evb/arm-none-eabi/src/edge-impulse/edge-impulse-sdk/CMSIS/DSP/Source/TransformFunctions/arm_cfft_q31.o
   6332	      0	      0	   6332	   18bc	build/apollo5b_evb/arm-none-eabi/src/edge-impulse/edge-impulse-sdk/CMSIS/DSP/Source/TransformFunctions/arm_cfft_radix2_f16.o
   3608	      0	      0	   3608	    e18	build/apollo5b_evb/arm-none-eabi/src/edge-impulse/edge-impulse-sdk/CMSIS/DSP/Source/TransformFunctions/arm_cfft_radix2_f32.o
    284	      0	      0	    284	    11c	build/apollo5b_evb/arm-none-eabi/src/edge-impulse/edge-impulse-sdk/CMSIS/DSP/Source/TransformFunctions/arm_cfft_radix2_init_f16.o
    284	      0	      0	    284	    11c	build/apollo5b_evb/arm-none-eabi/src/edge-impulse/edge-impulse-sdk/CMSIS/DSP/Source/TransformFunctions/arm_cfft_radix2_init_f32.o
    228	      0	      0	    228	     e4	build/apollo5b_evb/arm-none-eabi/src/edge-impulse/edge-impulse-sdk/CMSIS/DSP/Source/TransformFunctions/arm_cfft_radix2_init_q15.o
    228	      0	      0	    228	     e4	build/apollo5b_evb/arm-none-eabi/src/edge-impulse/edge-impulse-sdk/CMSIS/DSP/Source/TransformFunctions/arm_cfft_radix2_init_q31.o
    968	      0	      0	    968	    3c8	build/apollo5b_evb/arm-none-eabi/src/edge-impulse/edge-impulse-sdk/CMSIS/DSP/Source/TransformFunctions/arm_cfft_radix2_q15.o
   1576	      0	      0	   1576	    628	build/apollo5b_evb/arm-none-eabi/src/edge-impulse/edge-impulse-sdk/CMSIS/DSP/Source/TransformFunctions/arm_cfft_radix2_q31.o
   4936	      0	      0	   4936	   1348	build/apollo5b_evb/arm-none-eabi/src/edge-impulse/edge-impulse-sdk/CMSIS/DSP/Source/TransformFunctions/arm_cfft_radix4_f16.o
   1188	      0	      0	   1188	    4a4	build/apollo5b_evb/arm-none-eabi/src/edge-impulse/edge-impulse-sdk/CMSIS/DSP/Source/TransformFunctions/arm_cfft_radix4_f32.o
    172	      0	      0	    172	     ac	build/apollo5b_evb/arm-none-eabi/src/edge-impulse/edge-impulse-sdk/CMSIS/DSP/Source/TransformFunctions/arm_cfft_radix4_init_f16.o
    172	      0	      0	    172	     ac	build/apollo5b_evb/arm-none-eabi/src/edge-impulse/edge-impulse-sdk/CMSIS/DSP/Source/TransformFunctions/arm_cfft_radix4_init_f32.o
    140	      0	      0	    140	     8c	build/apollo5b_evb/arm-none-eabi/src/edge-impulse/edge-impulse-sdk/CMSIS/DSP/Source/TransformFunctions/arm_cfft_radix4_init_q15.o
    140	      0	      0	    140	     8c	build/apollo5b_evb/arm-none-eabi/src/edge-impulse/edge-impulse-sdk/CMSIS/DSP/Source/TransformFunctions/arm_cfft_radix4_init_q31.o
   1668	      0	      0	   1668	    684	build/apollo5b_evb/arm-none-eabi/src/edge-impulse/edge-impulse-sdk/CMSIS/DSP/Source/TransformFunctions/arm_cfft_radix4_q15.o
   2564	      0	      0	   2564	    a04	build/apollo5b_evb/arm-none-eabi/src/edge-impulse/edge-impulse-sdk/CMSIS/DSP/Source/TransformFunctions/arm_cfft_radix4_q31.o
   1548	      0	      0	   1548	    60c	build/apollo5b_evb/arm-none-eabi/src/edge-impulse/edge-impulse-sdk/CMSIS/DSP/Source/TransformFunctions/arm_cfft_radix8_f16.o
   1436	      0	      0	   1436	    59c	build/apollo5b_evb/arm-none-eabi/src/edge-impulse/edge-impulse-sdk/CMSIS/DSP/Source/TransformFunctions/arm_cfft_radix8_f32.o
    436	      0	      0	    436	    1b4	build/apollo5b_evb/arm-none-eabi/src/edge-impulse/edge-impulse-sdk/CMSIS/DSP/Source/TransformFunctions/arm_dct4_f32.o
    156	      0	      0	    156	     9c	build/apollo5b_evb/arm-none-eabi/src/edge-impulse/edge-impulse-sdk/CMSIS/DSP/Source/TransformFunctions/arm_dct4_init_f32.o
    156	      0	      0	    156	     9c	build/apollo5b_evb/arm-none-eabi/src/edge-impulse/edge-impulse-sdk/CMSIS/DSP/Source/TransformFunctions/arm_dct4_init_q15.o
    156	      0	      0	    156	     9c	build/apollo5b_evb/arm-none-eabi/src/edge-impulse/edge-impulse-sdk/CMSIS/DSP/Source/TransformFunctions/arm_dct4_init_q31.o
    340	      0	      0	    340	    154	build/apollo5b_evb/arm-none-eabi/src/edge-impulse/edge-impulse-sdk/CMSIS/DSP/Source/TransformFunctions/arm_dct4_q15.o
    348	      0	      0	    348	    15c	build/apollo5b_evb/arm-none-eabi/src/edge-impulse/edge-impulse-sdk/CMSIS/DSP/Source/TransformFunctions/arm_dct4_q31.o
    232	      0	      0	    232	     e8	build/apollo5b_evb/arm-none-eabi/src/edge-impulse/edge-impulse-sdk/CMSIS/DSP/Source/TransformFunctions/arm_mfcc_f16.o
    220	      0	      0	    220	     dc	build/apollo5b_evb/arm-none-eabi/src/edge-impulse/edge-impulse-sdk/CMSIS/DSP/Source/TransformFunctions/arm_mfcc_f32.o
     52	      0	      0	     52	     34	build/apollo5b_evb/arm-none-eabi/src/edge-impulse/edge-impulse-sdk/CMSIS/DSP/Source/TransformFunctions/arm_mfcc_init_f16.o
     52	      0	      0	     52	     34	build/apollo5b_evb/arm-none-eabi/src/edge-impulse/edge-impulse-sdk/CMSIS/DSP/Source/TransformFunctions/arm_mfcc_init_f32.o
     52	      0	      0	     52	     34	build/apollo5b_evb/arm-none-eabi/src/edge-impulse/edge-impulse-sdk/CMSIS/DSP/Source/TransformFunctions/arm_mfcc_init_q15.o
     52	      0	      0	     52	     34	build/apollo5b_evb/arm-none-eabi/src/edge-impulse/edge-impulse-sdk/CMSIS/DSP/Source/TransformFunctions/arm_mfcc_init_q31.o
    348	      0	      0	    348	    15c	build/apollo5b_evb/arm-none-eabi/src/edge-impulse/edge-impulse-sdk/CMSIS/DSP/Source/TransformFunctions/arm_mfcc_q15.o
    308	      0	      0	    308	    134	build/apollo5b_evb/arm-none-eabi/src/edge-impulse/edge-impulse-sdk/CMSIS/DSP/Source/TransformFunctions/arm_mfcc_q31.o
    928	      0	      0	    928	    3a0	build/apollo5b_evb/arm-none-eabi/src/edge-impulse/edge-impulse-sdk/CMSIS/DSP/Source/TransformFunctions/arm_rfft_f32.o
   1756	      0	      0	   1756	    6dc	build/apollo5b_evb/arm-none-eabi/src/edge-impulse/edge-impulse-sdk/CMSIS/DSP/Source/TransformFunctions/arm_rfft_fast_f16.o
   1120	      0	      0	   1120	    460	build/apollo5b_evb/arm-none-eabi/src/edge-impulse/edge-impulse-sdk/CMSIS/DSP/Source/TransformFunctions/arm_rfft_fast_f32.o
    412	      0	      0	    412	    19c	build/apollo5b_evb/arm-none-eabi/src/edge-impulse/edge-impulse-sdk/CMSIS/DSP/Source/TransformFunctions/arm_rfft_fast_f64.o
    420	      0	      0	    420	    1a4	build/apollo5b_evb/arm-none-eabi/src/edge-impulse/edge-impulse-sdk/CMSIS/DSP/Source/TransformFunctions/arm_rfft_fast_init_f16.o
    420	      0	      0	    420	    1a4	build/apollo5b_evb/arm-none-eabi/src/edge-impulse/edge-impulse-sdk/CMSIS/DSP/Source/TransformFunctions/arm_rfft_fast_init_f32.o
    616	      0	      0	    616	    268	build/apollo5b_evb/arm-none-eabi/src/edge-impulse/edge-impulse-sdk/CMSIS/DSP/Source/TransformFunctions/arm_rfft_fast_init_f64.o
    148	      0	      0	    148	     94	build/apollo5b_evb/arm-none-eabi/src/edge-impulse/edge-impulse-sdk/CMSIS/DSP/Source/TransformFunctions/arm_rfft_init_f32.o
    244	      0	      0	    244	     f4	build/apollo5b_evb/arm-none-eabi/src/edge-impulse/edge-impulse-sdk/CMSIS/DSP/Source/TransformFunctions/arm_rfft_init_q15.o
    244	      0	      0	    244	     f4	build/apollo5b_evb/arm-none-eabi/src/edge-impulse/edge-impulse-sdk/CMSIS/DSP/Source/TransformFunctions/arm_rfft_init_q31.o
    812	      0	      0	    812	    32c	build/apollo5b_evb/arm-none-eabi/src/edge-impulse/edge-impulse-sdk/CMSIS/DSP/Source/TransformFunctions/arm_rfft_q15.o
    696	      0	      0	    696	    2b8	build/apollo5b_evb/arm-none-eabi/src/edge-impulse/edge-impulse-sdk/CMSIS/DSP/Source/TransformFunctions/arm_rfft_q31.o
 920994	      0	      0	 920994	  e0da2	build/apollo5b_evb/arm-none-eabi/src/edge-impulse/edge-impulse-sdk/CMSIS/DSP/Source/CommonTables/arm_common_tables.o
  49056	      0	      0	  49056	   bfa0	build/apollo5b_evb/arm-none-eabi/src/edge-impulse/edge-impulse-sdk/CMSIS/DSP/Source/CommonTables/arm_common_tables_f16.o
    336	      0	      0	    336	    150	build/apollo5b_evb/arm-none-eabi/src/edge-impulse/edge-impulse-sdk/CMSIS/DSP/Source/CommonTables/arm_const_structs.o
      0	      0	      0	      0	      0	build/apollo5b_evb/arm-none-eabi/src/edge-impulse/edge-impulse-sdk/CMSIS/DSP/Source/CommonTables/arm_const_structs_f16.o
      0	 109368	     72	 109440	  1ab80	build/apollo5b_evb/arm-none-eabi/src/edge-impulse/edge-impulse-sdk/CMSIS/DSP/Source/CommonTables/arm_mve_tables.o
      0	  21960	     24	  21984	   55e0	build/apollo5b_evb/arm-none-eabi/src/edge-impulse/edge-impulse-sdk/CMSIS/DSP/Source/CommonTables/arm_mve_tables_f16.o
     68	      0	      0	     68	     44	build/apollo5b_evb/arm-none-eabi/src/edge-impulse/edge-impulse-sdk/CMSIS/DSP/Source/BasicMathFunctions/arm_abs_f16.o
     68	      0	      0	     68	     44	build/apollo5b_evb/arm-none-eabi/src/edge-impulse/edge-impulse-sdk/CMSIS/DSP/Source/BasicMathFunctions/arm_abs_f32.o
     32	      0	      0	     32	     20	build/apollo5b_evb/arm-none-eabi/src/edge-impulse/edge-impulse-sdk/CMSIS/DSP/Source/BasicMathFunctions/arm_abs_f64.o
     68	      0	      0	     68	     44	build/apollo5b_evb/arm-none-eabi/src/edge-impulse/edge-impulse-sdk/CMSIS/DSP/Source/BasicMathFunctions/arm_abs_q15.o
     68	      0	      0	     68	     44	build/apollo5b_evb/arm-none-eabi/src/edge-impulse/edge-impulse-sdk/CMSIS/DSP/Source/BasicMathFunctions/arm_abs_q31.o
     84	      0	      0	     84	     54	build/apollo5b_evb/arm-none-eabi/src/edge-impulse/edge-impulse-sdk/CMSIS/DSP/Source/BasicMathFunctions/arm_abs_q7.o
     80	      0	      0	     80	     50	build/apollo5b_evb/arm-none-eabi/src/edge-impulse/edge-impulse-sdk/CMSIS/DSP/Source/BasicMathFunctions/arm_add_f16.o
     80	      0	      0	     80	     50	build/apollo5b_evb/arm-none-eabi/src/edge-impulse/edge-impulse-sdk/CMSIS/DSP/Source/BasicMathFunctions/arm_add_f32.o
     36	      0	      0	     36	     24	build/apollo5b_evb/arm-none-eabi/src/edge-impulse/edge-impulse-sdk/CMSIS/DSP/Source/BasicMathFunctions/arm_add_f64.o
     80	      0	      0	     80	     50	build/apollo5b_evb/arm-none-eabi/src/edge-impulse/edge-impulse-sdk/CMSIS/DSP/Source/BasicMathFunctions/arm_add_q15.o
     80	      0	      0	     80	     50	build/apollo5b_evb/arm-none-eabi/src/edge-impulse/edge-impulse-sdk/CMSIS/DSP/Source/BasicMathFunctions/arm_add_q31.o
     96	      0	      0	     96	     60	build/apollo5b_evb/arm-none-eabi/src/edge-impulse/edge-impulse-sdk/CMSIS/DSP/Source/BasicMathFunctions/arm_add_q7.o
     80	      0	      0	     80	     50	build/apollo5b_evb/arm-none-eabi/src/edge-impulse/edge-impulse-sdk/CMSIS/DSP/Source/BasicMathFunctions/arm_and_u16.o
     80	      0	      0	     80	     50	build/apollo5b_evb/arm-none-eabi/src/edge-impulse/edge-impulse-sdk/CMSIS/DSP/Source/BasicMathFunctions/arm_and_u32.o
     96	      0	      0	     96	     60	build/apollo5b_evb/arm-none-eabi/src/edge-impulse/edge-impulse-sdk/CMSIS/DSP/Source/BasicMathFunctions/arm_and_u8.o
    144	      0	      0	    144	     90	build/apollo5b_evb/arm-none-eabi/src/edge-impulse/edge-impulse-sdk/CMSIS/DSP/Source/BasicMathFunctions/arm_clip_f16.o
    144	      0	      0	    144	     90	build/apollo5b_evb/arm-none-eabi/src/edge-impulse/edge-impulse-sdk/CMSIS/DSP/Source/BasicMathFunctions/arm_clip_f32.o
    140	      0	      0	    140	     8c	build/apollo5b_evb/arm-none-eabi/src/edge-impulse/edge-impulse-sdk/CMSIS/DSP/Source/BasicMathFunctions/arm_clip_q15.o
    140	      0	      0	    140	     8c	build/apollo5b_evb/arm-none-eabi/src/edge-impulse/edge-impulse-sdk/CMSIS/DSP/Source/BasicMathFunctions/arm_clip_q31.o
    164	      0	      0	    164	     a4	build/apollo5b_evb/arm-none-eabi/src/edge-impulse/edge-impulse-sdk/CMSIS/DSP/Source/BasicMathFunctions/arm_clip_q7.o
    112	      0	      0	    112	     70	build/apollo5b_evb/arm-none-eabi/src/edge-impulse/edge-impulse-sdk/CMSIS/DSP/Source/BasicMathFunctions/arm_dot_prod_f16.o
    112	      0	      0	    112	     70	build/apollo5b_evb/arm-none-eabi/src/edge-impulse/edge-impulse-sdk/CMSIS/DSP/Source/BasicMathFunctions/arm_dot_prod_f32.o
     56	      0	      0	     56	     38	build/apollo5b_evb/arm-none-eabi/src/edge-impulse/edge-impulse-sdk/CMSIS/DSP/Source/BasicMathFunctions/arm_dot_prod_f64.o
     80	      0	      0	     80	     50	build/apollo5b_evb/arm-none-eabi/src/edge-impulse/edge-impulse-sdk/CMSIS/DSP/Source/BasicMathFunctions/arm_dot_prod_q15.o
     84	      0	      0	     84	     54	build/apollo5b_evb/arm-none-eabi/src/edge-impulse/edge-impulse-sdk/CMSIS/DSP/Source/BasicMathFunctions/arm_dot_prod_q31.o
     96	      0	      0	     96	     60	build/apollo5b_evb/arm-none-eabi/src/edge-impulse/edge-impulse-sdk/CMSIS/DSP/Source/BasicMathFunctions/arm_dot_prod_q7.o
     80	      0	      0	     80	     50	build/apollo5b_evb/arm-none-eabi/src/edge-impulse/edge-impulse-sdk/CMSIS/DSP/Source/BasicMathFunctions/arm_mult_f16.o
     80	      0	      0	     80	     50	build/apollo5b_evb/arm-none-eabi/src/edge-impulse/edge-impulse-sdk/CMSIS/DSP/Source/BasicMathFunctions/arm_mult_f32.o
     36	      0	      0	     36	     24	build/apollo5b_evb/arm-none-eabi/src/edge-impulse/edge-impulse-sdk/CMSIS/DSP/Source/BasicMathFunctions/arm_mult_f64.o
     80	      0	      0	     80	     50	build/apollo5b_evb/arm-none-eabi/src/edge-impulse/edge-impulse-sdk/CMSIS/DSP/Source/BasicMathFunctions/arm_mult_q15.o
     80	      0	      0	     80	     50	build/apollo5b_evb/arm-none-eabi/src/edge-impulse/edge-impulse-sdk/CMSIS/DSP/Source/BasicMathFunctions/arm_mult_q31.o
     96	      0	      0	     96	     60	build/apollo5b_evb/arm-none-eabi/src/edge-impulse/edge-impulse-sdk/CMSIS/DSP/Source/BasicMathFunctions/arm_mult_q7.o
     68	      0	      0	     68	     44	build/apollo5b_evb/arm-none-eabi/src/edge-impulse/edge-impulse-sdk/CMSIS/DSP/Source/BasicMathFunctions/arm_negate_f16.o
     68	      0	      0	     68	     44	build/apollo5b_evb/arm-none-eabi/src/edge-impulse/edge-impulse-sdk/CMSIS/DSP/Source/BasicMathFunctions/arm_negate_f32.o
     32	      0	      0	     32	     20	build/apollo5b_evb/arm-none-eabi/src/edge-impulse/edge-impulse-sdk/CMSIS/DSP/Source/BasicMathFunctions/arm_negate_f64.o
     68	      0	      0	     68	     44	build/apollo5b_evb/arm-none-eabi/src/edge-impulse/edge-impulse-sdk/CMSIS/DSP/Source/BasicMathFunctions/arm_negate_q15.o
     68	      0	      0	     68	     44	build/apollo5b_evb/arm-none-eabi/src/edge-impulse/edge-impulse-sdk/CMSIS/DSP/Source/BasicMathFunctions/arm_negate_q31.o
     84	      0	      0	     84	     54	build/apollo5b_evb/arm-none-eabi/src/edge-impulse/edge-impulse-sdk/CMSIS/DSP/Source/BasicMathFunctions/arm_negate_q7.o
     68	      0	      0	     68	     44	build/apollo5b_evb/arm-none-eabi/src/edge-impulse/edge-impulse-sdk/CMSIS/DSP/Source/BasicMathFunctions/arm_not_u16.o
     68	      0	      0	     68	     44	build/apollo5b_evb/arm-none-eabi/src/edge-impulse/edge-impulse-sdk/CMSIS/DSP/Source/BasicMathFunctions/arm_not_u32.o
     84	      0	      0	     84	     54	build/apollo5b_evb/arm-none-eabi/src/edge-impulse/edge-impulse-sdk/CMSIS/DSP/Source/BasicMathFunctions/arm_not_u8.o
     72	      0	      0	     72	     48	build/apollo5b_evb/arm-none-eabi/src/edge-impulse/edge-impulse-sdk/CMSIS/DSP/Source/BasicMathFunctions/arm_offset_f16.o
     72	      0	      0	     72	     48	build/apollo5b_evb/arm-none-eabi/src/edge-impulse/edge-impulse-sdk/CMSIS/DSP/Source/BasicMathFunctions/arm_offset_f32.o
     32	      0	      0	     32	     20	build/apollo5b_evb/arm-none-eabi/src/edge-impulse/edge-impulse-sdk/CMSIS/DSP/Source/BasicMathFunctions/arm_offset_f64.o
     68	      0	      0	     68	     44	build/apollo5b_evb/arm-none-eabi/src/edge-impulse/edge-impulse-sdk/CMSIS/DSP/Source/BasicMathFunctions/arm_offset_q15.o
     68	      0	      0	     68	     44	build/apollo5b_evb/arm-none-eabi/src/edge-impulse/edge-impulse-sdk/CMSIS/DSP/Source/BasicMathFunctions/arm_offset_q31.o
     84	      0	      0	     84	     54	build/apollo5b_evb/arm-none-eabi/src/edge-impulse/edge-impulse-sdk/CMSIS/DSP/Source/BasicMathFunctions/arm_offset_q7.o
     80	      0	      0	     80	     50	build/apollo5b_evb/arm-none-eabi/src/edge-impulse/edge-impulse-sdk/CMSIS/DSP/Source/BasicMathFunctions/arm_or_u16.o
     80	      0	      0	     80	     50	build/apollo5b_evb/arm-none-eabi/src/edge-impulse/edge-impulse-sdk/CMSIS/DSP/Source/BasicMathFunctions/arm_or_u32.o
     96	      0	      0	     96	     60	build/apollo5b_evb/arm-none-eabi/src/edge-impulse/edge-impulse-sdk/CMSIS/DSP/Source/BasicMathFunctions/arm_or_u8.o
     72	      0	      0	     72	     48	build/apollo5b_evb/arm-none-eabi/src/edge-impulse/edge-impulse-sdk/CMSIS/DSP/Source/BasicMathFunctions/arm_scale_f16.o
     72	      0	      0	     72	     48	build/apollo5b_evb/arm-none-eabi/src/edge-impulse/edge-impulse-sdk/CMSIS/DSP/Source/BasicMathFunctions/arm_scale_f32.o
     32	      0	      0	     32	     20	build/apollo5b_evb/arm-none-eabi/src/edge-impulse/edge-impulse-sdk/CMSIS/DSP/Source/BasicMathFunctions/arm_scale_f64.o
     88	      0	      0	     88	     58	build/apollo5b_evb/arm-none-eabi/src/edge-impulse/edge-impulse-sdk/CMSIS/DSP/Source/BasicMathFunctions/arm_scale_q15.o
     88	      0	      0	     88	     58	build/apollo5b_evb/arm-none-eabi/src/edge-impulse/edge-impulse-sdk/CMSIS/DSP/Source/BasicMathFunctions/arm_scale_q31.o
    104	      0	      0	    104	     68	build/apollo5b_evb/arm-none-eabi/src/edge-impulse/edge-impulse-sdk/CMSIS/DSP/Source/BasicMathFunctions/arm_scale_q7.o
     68	      0	      0	     68	     44	build/apollo5b_evb/arm-none-eabi/src/edge-impulse/edge-impulse-sdk/CMSIS/DSP/Source/BasicMathFunctions/arm_shift_q15.o
     68	      0	      0	     68	     44	build/apollo5b_evb/arm-none-eabi/src/edge-impulse/edge-impulse-sdk/CMSIS/DSP/Source/BasicMathFunctions/arm_shift_q31.o
     84	      0	      0	     84	     54	build/apollo5b_evb/arm-none-eabi/src/edge-impulse/edge-impulse-sdk/CMSIS/DSP/Source/BasicMathFunctions/arm_shift_q7.o
     80	      0	      0	     80	     50	build/apollo5b_evb/arm-none-eabi/src/edge-impulse/edge-impulse-sdk/CMSIS/DSP/Source/BasicMathFunctions/arm_sub_f16.o
     80	      0	      0	     80	     50	build/apollo5b_evb/arm-none-eabi/src/edge-impulse/edge-impulse-sdk/CMSIS/DSP/Source/BasicMathFunctions/arm_sub_f32.o
     36	      0	      0	     36	     24	build/apollo5b_evb/arm-none-eabi/src/edge-impulse/edge-impulse-sdk/CMSIS/DSP/Source/BasicMathFunctions/arm_sub_f64.o
     80	      0	      0	     80	     50	build/apollo5b_evb/arm-none-eabi/src/edge-impulse/edge-impulse-sdk/CMSIS/DSP/Source/BasicMathFunctions/arm_sub_q15.o
     80	      0	      0	     80	     50	build/apollo5b_evb/arm-none-eabi/src/edge-impulse/edge-impulse-sdk/CMSIS/DSP/Source/BasicMathFunctions/arm_sub_q31.o
     96	      0	      0	     96	     60	build/apollo5b_evb/arm-none-eabi/src/edge-impulse/edge-impulse-sdk/CMSIS/DSP/Source/BasicMathFunctions/arm_sub_q7.o
     80	      0	      0	     80	     50	build/apollo5b_evb/arm-none-eabi/src/edge-impulse/edge-impulse-sdk/CMSIS/DSP/Source/BasicMathFunctions/arm_xor_u16.o
     80	      0	      0	     80	     50	build/apollo5b_evb/arm-none-eabi/src/edge-impulse/edge-impulse-sdk/CMSIS/DSP/Source/BasicMathFunctions/arm_xor_u32.o
     96	      0	      0	     96	     60	build/apollo5b_evb/arm-none-eabi/src/edge-impulse/edge-impulse-sdk/CMSIS/DSP/Source/BasicMathFunctions/arm_xor_u8.o
    152	      0	      0	    152	     98	build/apollo5b_evb/arm-none-eabi/src/edge-impulse/edge-impulse-sdk/CMSIS/DSP/Source/ComplexMathFunctions/arm_cmplx_conj_f16.o
     88	      0	      0	     88	     58	build/apollo5b_evb/arm-none-eabi/src/edge-impulse/edge-impulse-sdk/CMSIS/DSP/Source/ComplexMathFunctions/arm_cmplx_conj_f32.o
    244	      0	      0	    244	     f4	build/apollo5b_evb/arm-none-eabi/src/edge-impulse/edge-impulse-sdk/CMSIS/DSP/Source/ComplexMathFunctions/arm_cmplx_conj_q15.o
    128	      0	      0	    128	     80	build/apollo5b_evb/arm-none-eabi/src/edge-impulse/edge-impulse-sdk/CMSIS/DSP/Source/ComplexMathFunctions/arm_cmplx_conj_q31.o
    440	      0	      0	    440	    1b8	build/apollo5b_evb/arm-none-eabi/src/edge-impulse/edge-impulse-sdk/CMSIS/DSP/Source/ComplexMathFunctions/arm_cmplx_dot_prod_f16.o
    440	      0	      0	    440	    1b8	build/apollo5b_evb/arm-none-eabi/src/edge-impulse/edge-impulse-sdk/CMSIS/DSP/Source/ComplexMathFunctions/arm_cmplx_dot_prod_f32.o
    448	      0	      0	    448	    1c0	build/apollo5b_evb/arm-none-eabi/src/edge-impulse/edge-impulse-sdk/CMSIS/DSP/Source/ComplexMathFunctions/arm_cmplx_dot_prod_q15.o
    416	      0	      0	    416	    1a0	build/apollo5b_evb/arm-none-eabi/src/edge-impulse/edge-impulse-sdk/CMSIS/DSP/Source/ComplexMathFunctions/arm_cmplx_dot_prod_q31.o
    304	      0	      0	    304	    130	build/apollo5b_evb/arm-none-eabi/src/edge-impulse/edge-impulse-sdk/CMSIS/DSP/Source/ComplexMathFunctions/arm_cmplx_mag_f16.o
    244	      0	      0	    244	     f4	build/apollo5b_evb/arm-none-eabi/src/edge-impulse/edge-impulse-sdk/CMSIS/DSP/Source/ComplexMathFunctions/arm_cmplx_mag_f32.o
     48	      0	      0	     48	     30	build/apollo5b_evb/arm-none-eabi/src/edge-impulse/edge-impulse-sdk/CMSIS/DSP/Source/ComplexMathFunctions/arm_cmplx_mag_f64.o
    248	      0	      0	    248	     f8	build/apollo5b_evb/arm-none-eabi/src/edge-impulse/edge-impulse-sdk/CMSIS/DSP/Source/ComplexMathFunctions/arm_cmplx_mag_fast_q15.o
    664	      0	      0	    664	    298	build/apollo5b_evb/arm-none-eabi/src/edge-impulse/edge-impulse-sdk/CMSIS/DSP/Source/ComplexMathFunctions/arm_cmplx_mag_q15.o
    352	      0	      0	    352	    160	build/apollo5b_evb/arm-none-eabi/src/edge-impulse/edge-impulse-sdk/CMSIS/DSP/Source/ComplexMathFunctions/arm_cmplx_mag_q31.o
     40	      0	      0	     40	     28	build/apollo5b_evb/arm-none-eabi/src/edge-impulse/edge-impulse-sdk/CMSIS/DSP/Source/ComplexMathFunctions/arm_cmplx_mag_squared_f16.o
    124	      0	      0	    124	     7c	build/apollo5b_evb/arm-none-eabi/src/edge-impulse/edge-impulse-sdk/CMSIS/DSP/Source/ComplexMathFunctions/arm_cmplx_mag_squared_f32.o
     44	      0	      0	     44	     2c	build/apollo5b_evb/arm-none-eabi/src/edge-impulse/edge-impulse-sdk/CMSIS/DSP/Source/ComplexMathFunctions/arm_cmplx_mag_squared_f64.o
    156	      0	      0	    156	     9c	build/apollo5b_evb/arm-none-eabi/src/edge-impulse/edge-impulse-sdk/CMSIS/DSP/Source/ComplexMathFunctions/arm_cmplx_mag_squared_q15.o
    132	      0	      0	    132	     84	build/apollo5b_evb/arm-none-eabi/src/edge-impulse/edge-impulse-sdk/CMSIS/DSP/Source/ComplexMathFunctions/arm_cmplx_mag_squared_q31.o
    560	      0	      0	    560	    230	build/apollo5b_evb/arm-none-eabi/src/edge-impulse/edge-impulse-sdk/CMSIS/DSP/Source/ComplexMathFunctions/arm_cmplx_mult_cmplx_f16.o
    520	      0	      0	    520	    208	build/apollo5b_evb/arm-none-eabi/src/edge-impulse/edge-impulse-sdk/CMSIS/DSP/Source/ComplexMathFunctions/arm_cmplx_mult_cmplx_f32.o
     72	      0	      0	     72	     48	build/apollo5b_evb/arm-none-eabi/src/edge-impulse/edge-impulse-sdk/CMSIS/DSP/Source/ComplexMathFunctions/arm_cmplx_mult_cmplx_f64.o
    596	      0	      0	    596	    254	build/apollo5b_evb/arm-none-eabi/src/edge-impulse/edge-impulse-sdk/CMSIS/DSP/Source/ComplexMathFunctions/arm_cmplx_mult_cmplx_q15.o
    576	      0	      0	    576	    240	build/apollo5b_evb/arm-none-eabi/src/edge-impulse/edge-impulse-sdk/CMSIS/DSP/Source/ComplexMathFunctions/arm_cmplx_mult_cmplx_q31.o
    132	      0	      0	    132	     84	build/apollo5b_evb/arm-none-eabi/src/edge-impulse/edge-impulse-sdk/CMSIS/DSP/Source/ComplexMathFunctions/arm_cmplx_mult_real_f16.o
    116	      0	      0	    116	     74	build/apollo5b_evb/arm-none-eabi/src/edge-impulse/edge-impulse-sdk/CMSIS/DSP/Source/ComplexMathFunctions/arm_cmplx_mult_real_f32.o
    216	      0	      0	    216	     d8	build/apollo5b_evb/arm-none-eabi/src/edge-impulse/edge-impulse-sdk/CMSIS/DSP/Source/ComplexMathFunctions/arm_cmplx_mult_real_q15.o
    120	      0	      0	    120	     78	build/apollo5b_evb/arm-none-eabi/src/edge-impulse/edge-impulse-sdk/CMSIS/DSP/Source/ComplexMathFunctions/arm_cmplx_mult_real_q31.o
    508	      0	      0	    508	    1fc	build/apollo5b_evb/arm-none-eabi/src/edge-impulse/edge-impulse-sdk/CMSIS/DSP/Source/FastMathFunctions/arm_atan2_f16.o
    728	      0	      0	    728	    2d8	build/apollo5b_evb/arm-none-eabi/src/edge-impulse/edge-impulse-sdk/CMSIS/DSP/Source/FastMathFunctions/arm_atan2_f32.o
   1056	      0	      0	   1056	    420	build/apollo5b_evb/arm-none-eabi/src/edge-impulse/edge-impulse-sdk/CMSIS/DSP/Source/FastMathFunctions/arm_atan2_q15.o
   2744	      0	      0	   2744	    ab8	build/apollo5b_evb/arm-none-eabi/src/edge-impulse/edge-impulse-sdk/CMSIS/DSP/Source/FastMathFunctions/arm_atan2_q31.o
    164	      0	      0	    164	     a4	build/apollo5b_evb/arm-none-eabi/src/edge-impulse/edge-impulse-sdk/CMSIS/DSP/Source/FastMathFunctions/arm_cos_f32.o
     68	      0	      0	     68	     44	build/apollo5b_evb/arm-none-eabi/src/edge-impulse/edge-impulse-sdk/CMSIS/DSP/Source/FastMathFunctions/arm_cos_q15.o
     68	      0	      0	     68	     44	build/apollo5b_evb/arm-none-eabi/src/edge-impulse/edge-impulse-sdk/CMSIS/DSP/Source/FastMathFunctions/arm_cos_q31.o
    116	      0	      0	    116	     74	build/apollo5b_evb/arm-none-eabi/src/edge-impulse/edge-impulse-sdk/CMSIS/DSP/Source/FastMathFunctions/arm_divide_q15.o
    124	      0	      0	    124	     7c	build/apollo5b_evb/arm-none-eabi/src/edge-impulse/edge-impulse-sdk/CMSIS/DSP/Source/FastMathFunctions/arm_divide_q31.o
    148	      0	      0	    148	     94	build/apollo5b_evb/arm-none-eabi/src/edge-impulse/edge-impulse-sdk/CMSIS/DSP/Source/FastMathFunctions/arm_sin_f32.o
     64	      0	      0	     64	     40	build/apollo5b_evb/arm-none-eabi/src/edge-impulse/edge-impulse-sdk/CMSIS/DSP/Source/FastMathFunctions/arm_sin_q15.o
     68	      0	      0	     68	     44	build/apollo5b_evb/arm-none-eabi/src/edge-impulse/edge-impulse-sdk/CMSIS/DSP/Source/FastMathFunctions/arm_sin_q31.o
    180	      0	      0	    180	     b4	build/apollo5b_evb/arm-none-eabi/src/edge-impulse/edge-impulse-sdk/CMSIS/DSP/Source/FastMathFunctions/arm_sqrt_q15.o
    252	      0	      0	    252	     fc	build/apollo5b_evb/arm-none-eabi/src/edge-impulse/edge-impulse-sdk/CMSIS/DSP/Source/FastMathFunctions/arm_sqrt_q31.o
    416	      0	      0	    416	    1a0	build/apollo5b_evb/arm-none-eabi/src/edge-impulse/edge-impulse-sdk/CMSIS/DSP/Source/FastMathFunctions/arm_vexp_f16.o
    284	      0	      0	    284	    11c	build/apollo5b_evb/arm-none-eabi/src/edge-impulse/edge-impulse-sdk/CMSIS/DSP/Source/FastMathFunctions/arm_vexp_f32.o
     32	      0	      0	     32	     20	build/apollo5b_evb/arm-none-eabi/src/edge-impulse/edge-impulse-sdk/CMSIS/DSP/Source/FastMathFunctions/arm_vexp_f64.o
    376	      0	      0	    376	    178	build/apollo5b_evb/arm-none-eabi/src/edge-impulse/edge-impulse-sdk/CMSIS/DSP/Source/FastMathFunctions/arm_vinverse_f16.o
   1284	     72	      0	   1356	    54c	build/apollo5b_evb/arm-none-eabi/src/edge-impulse/edge-impulse-sdk/CMSIS/DSP/Source/FastMathFunctions/arm_vlog_f16.o
    272	      0	      0	    272	    110	build/apollo5b_evb/arm-none-eabi/src/edge-impulse/edge-impulse-sdk/CMSIS/DSP/Source/FastMathFunctions/arm_vlog_f32.o
     32	      0	      0	     32	     20	build/apollo5b_evb/arm-none-eabi/src/edge-impulse/edge-impulse-sdk/CMSIS/DSP/Source/FastMathFunctions/arm_vlog_f64.o
   1384	      0	      0	   1384	    568	build/apollo5b_evb/arm-none-eabi/src/edge-impulse/edge-impulse-sdk/CMSIS/DSP/Source/FastMathFunctions/arm_vlog_q15.o
    388	      0	      0	    388	    184	build/apollo5b_evb/arm-none-eabi/src/edge-impulse/edge-impulse-sdk/CMSIS/DSP/Source/FastMathFunctions/arm_vlog_q31.o
   1248	      0	      0	   1248	    4e0	build/apollo5b_evb/arm-none-eabi/src/edge-impulse/edge-impulse-sdk/CMSIS/DSP/Source/SupportFunctions/arm_barycenter_f16.o
    872	      0	      0	    872	    368	build/apollo5b_evb/arm-none-eabi/src/edge-impulse/edge-impulse-sdk/CMSIS/DSP/Source/SupportFunctions/arm_barycenter_f32.o
    296	      0	      0	    296	    128	build/apollo5b_evb/arm-none-eabi/src/edge-impulse/edge-impulse-sdk/CMSIS/DSP/Source/SupportFunctions/arm_bitonic_sort_f32.o
    100	      0	      0	    100	     64	build/apollo5b_evb/arm-none-eabi/src/edge-impulse/edge-impulse-sdk/CMSIS/DSP/Source/SupportFunctions/arm_bubble_sort_f32.o
     24	      0	      0	     24	     18	build/apollo5b_evb/arm-none-eabi/src/edge-impulse/edge-impulse-sdk/CMSIS/DSP/Source/SupportFunctions/arm_copy_f16.o
     64	      0	      0	     64	     40	build/apollo5b_evb/arm-none-eabi/src/edge-impulse/edge-impulse-sdk/CMSIS/DSP/Source/SupportFunctions/arm_copy_f32.o
     28	      0	      0	     28	     1c	build/apollo5b_evb/arm-none-eabi/src/edge-impulse/edge-impulse-sdk/CMSIS/DSP/Source/SupportFunctions/arm_copy_f64.o
    180	      0	      0	    180	     b4	build/apollo5b_evb/arm-none-eabi/src/edge-impulse/edge-impulse-sdk/CMSIS/DSP/Source/SupportFunctions/arm_copy_q15.o
     64	      0	      0	     64	     40	build/apollo5b_evb/arm-none-eabi/src/edge-impulse/edge-impulse-sdk/CMSIS/DSP/Source/SupportFunctions/arm_copy_q31.o
    332	      0	      0	    332	    14c	build/apollo5b_evb/arm-none-eabi/src/edge-impulse/edge-impulse-sdk/CMSIS/DSP/Source/SupportFunctions/arm_copy_q7.o
     36	      0	      0	     36	     24	build/apollo5b_evb/arm-none-eabi/src/edge-impulse/edge-impulse-sdk/CMSIS/DSP/Source/SupportFunctions/arm_f16_to_float.o
     36	      0	      0	     36	     24	build/apollo5b_evb/arm-none-eabi/src/edge-impulse/edge-impulse-sdk/CMSIS/DSP/Source/SupportFunctions/arm_f16_to_q15.o
     28	      0	      0	     28	     1c	build/apollo5b_evb/arm-none-eabi/src/edge-impulse/edge-impulse-sdk/CMSIS/DSP/Source/SupportFunctions/arm_fill_f16.o
     88	      0	      0	     88	     58	build/apollo5b_evb/arm-none-eabi/src/edge-impulse/edge-impulse-sdk/CMSIS/DSP/Source/SupportFunctions/arm_fill_f32.o
     28	      0	      0	     28	     1c	build/apollo5b_evb/arm-none-eabi/src/edge-impulse/edge-impulse-sdk/CMSIS/DSP/Source/SupportFunctions/arm_fill_f64.o
    128	      0	      0	    128	     80	build/apollo5b_evb/arm-none-eabi/src/edge-impulse/edge-impulse-sdk/CMSIS/DSP/Source/SupportFunctions/arm_fill_q15.o
     80	      0	      0	     80	     50	build/apollo5b_evb/arm-none-eabi/src/edge-impulse/edge-impulse-sdk/CMSIS/DSP/Source/SupportFunctions/arm_fill_q31.o
     84	      0	      0	     84	     54	build/apollo5b_evb/arm-none-eabi/src/edge-impulse/edge-impulse-sdk/CMSIS/DSP/Source/SupportFunctions/arm_fill_q7.o
     36	      0	      0	     36	     24	build/apollo5b_evb/arm-none-eabi/src/edge-impulse/edge-impulse-sdk/CMSIS/DSP/Source/SupportFunctions/arm_float_to_f16.o
    456	      0	      0	    456	    1c8	build/apollo5b_evb/arm-none-eabi/src/edge-impulse/edge-impulse-sdk/CMSIS/DSP/Source/SupportFunctions/arm_float_to_q15.o
    244	      0	      0	    244	     f4	build/apollo5b_evb/arm-none-eabi/src/edge-impulse/edge-impulse-sdk/CMSIS/DSP/Source/SupportFunctions/arm_float_to_q31.o
    984	      0	      0	    984	    3d8	build/apollo5b_evb/arm-none-eabi/src/edge-impulse/edge-impulse-sdk/CMSIS/DSP/Source/SupportFunctions/arm_float_to_q7.o
    236	      0	      0	    236	     ec	build/apollo5b_evb/arm-none-eabi/src/edge-impulse/edge-impulse-sdk/CMSIS/DSP/Source/SupportFunctions/arm_heap_sort_f32.o
     92	      0	      0	     92	     5c	build/apollo5b_evb/arm-none-eabi/src/edge-impulse/edge-impulse-sdk/CMSIS/DSP/Source/SupportFunctions/arm_insertion_sort_f32.o
    424	      0	      0	    424	    1a8	build/apollo5b_evb/arm-none-eabi/src/edge-impulse/edge-impulse-sdk/CMSIS/DSP/Source/SupportFunctions/arm_merge_sort_f32.o
      8	      0	      0	      8	      8	build/apollo5b_evb/arm-none-eabi/src/edge-impulse/edge-impulse-sdk/CMSIS/DSP/Source/SupportFunctions/arm_merge_sort_init_f32.o
     68	      0	      0	     68	     44	build/apollo5b_evb/arm-none-eabi/src/edge-impulse/edge-impulse-sdk/CMSIS/DSP/Source/SupportFunctions/arm_q15_to_f16.o
    124	      0	      0	    124	     7c	build/apollo5b_evb/arm-none-eabi/src/edge-impulse/edge-impulse-sdk/CMSIS/DSP/Source/SupportFunctions/arm_q15_to_float.o
     84	      0	      0	     84	     54	build/apollo5b_evb/arm-none-eabi/src/edge-impulse/edge-impulse-sdk/CMSIS/DSP/Source/SupportFunctions/arm_q15_to_q31.o
    220	      0	      0	    220	     dc	build/apollo5b_evb/arm-none-eabi/src/edge-impulse/edge-impulse-sdk/CMSIS/DSP/Source/SupportFunctions/arm_q15_to_q7.o
    112	      0	      0	    112	     70	build/apollo5b_evb/arm-none-eabi/src/edge-impulse/edge-impulse-sdk/CMSIS/DSP/Source/SupportFunctions/arm_q31_to_float.o
    124	      0	      0	    124	     7c	build/apollo5b_evb/arm-none-eabi/src/edge-impulse/edge-impulse-sdk/CMSIS/DSP/Source/SupportFunctions/arm_q31_to_q15.o
    260	      0	      0	    260	    104	build/apollo5b_evb/arm-none-eabi/src/edge-impulse/edge-impulse-sdk/CMSIS/DSP/Source/SupportFunctions/arm_q31_to_q7.o
    140	      0	      0	    140	     8c	build/apollo5b_evb/arm-none-eabi/src/edge-impulse/edge-impulse-sdk/CMSIS/DSP/Source/SupportFunctions/arm_q7_to_float.o
    260	      0	      0	    260	    104	build/apollo5b_evb/arm-none-eabi/src/edge-impulse/edge-impulse-sdk/CMSIS/DSP/Source/SupportFunctions/arm_q7_to_q15.o
    100	      0	      0	    100	     64	build/apollo5b_evb/arm-none-eabi/src/edge-impulse/edge-impulse-sdk/CMSIS/DSP/Source/SupportFunctions/arm_q7_to_q31.o
    332	      0	      0	    332	    14c	build/apollo5b_evb/arm-none-eabi/src/edge-impulse/edge-impulse-sdk/CMSIS/DSP/Source/SupportFunctions/arm_quick_sort_f32.o
    140	      0	      0	    140	     8c	build/apollo5b_evb/arm-none-eabi/src/edge-impulse/edge-impulse-sdk/CMSIS/DSP/Source/SupportFunctions/arm_selection_sort_f32.o
     76	      0	      0	     76	     4c	build/apollo5b_evb/arm-none-eabi/src/edge-impulse/edge-impulse-sdk/CMSIS/DSP/Source/SupportFunctions/arm_sort_f32.o
      8	      0	      0	      8	      8	build/apollo5b_evb/arm-none-eabi/src/edge-impulse/edge-impulse-sdk/CMSIS/DSP/Source/SupportFunctions/arm_sort_init_f32.o
    288	      0	      0	    288	    120	build/apollo5b_evb/arm-none-eabi/src/edge-impulse/edge-impulse-sdk/CMSIS/DSP/Source/SupportFunctions/arm_weighted_sum_f16.o
    200	      0	      0	    200	     c8	build/apollo5b_evb/arm-none-eabi/src/edge-impulse/edge-impulse-sdk/CMSIS/DSP/Source/SupportFunctions/arm_weighted_sum_f32.o
    504	      0	      0	    504	    1f8	build/apollo5b_evb/arm-none-eabi/src/edge-impulse/edge-impulse-sdk/CMSIS/DSP/Source/MatrixFunctions/arm_householder_f16.o
    336	      0	      0	    336	    150	build/apollo5b_evb/arm-none-eabi/src/edge-impulse/edge-impulse-sdk/CMSIS/DSP/Source/MatrixFunctions/arm_householder_f32.o
    204	      0	      0	    204	     cc	build/apollo5b_evb/arm-none-eabi/src/edge-impulse/edge-impulse-sdk/CMSIS/DSP/Source/MatrixFunctions/arm_householder_f64.o
    128	      0	      0	    128	     80	build/apollo5b_evb/arm-none-eabi/src/edge-impulse/edge-impulse-sdk/CMSIS/DSP/Source/MatrixFunctions/arm_mat_add_f16.o
    108	      0	      0	    108	     6c	build/apollo5b_evb/arm-none-eabi/src/edge-impulse/edge-impulse-sdk/CMSIS/DSP/Source/MatrixFunctions/arm_mat_add_f32.o
    108	      0	      0	    108	     6c	build/apollo5b_evb/arm-none-eabi/src/edge-impulse/edge-impulse-sdk/CMSIS/DSP/Source/MatrixFunctions/arm_mat_add_q15.o
    108	      0	      0	    108	     6c	build/apollo5b_evb/arm-none-eabi/src/edge-impulse/edge-impulse-sdk/CMSIS/DSP/Source/MatrixFunctions/arm_mat_add_q31.o
    760	      0	      0	    760	    2f8	build/apollo5b_evb/arm-none-eabi/src/edge-impulse/edge-impulse-sdk/CMSIS/DSP/Source/MatrixFunctions/arm_mat_cholesky_f16.o
    788	      0	      0	    788	    314	build/apollo5b_evb/arm-none-eabi/src/edge-impulse/edge-impulse-sdk/CMSIS/DSP/Source/MatrixFunctions/arm_mat_cholesky_f32.o
    280	      0	      0	    280	    118	build/apollo5b_evb/arm-none-eabi/src/edge-impulse/edge-impulse-sdk/CMSIS/DSP/Source/MatrixFunctions/arm_mat_cholesky_f64.o
    308	      0	      0	    308	    134	build/apollo5b_evb/arm-none-eabi/src/edge-impulse/edge-impulse-sdk/CMSIS/DSP/Source/MatrixFunctions/arm_mat_cmplx_mult_f16.o
   3376	      0	      0	   3376	    d30	build/apollo5b_evb/arm-none-eabi/src/edge-impulse/edge-impulse-sdk/CMSIS/DSP/Source/MatrixFunctions/arm_mat_cmplx_mult_f32.o
    728	      0	      0	    728	    2d8	build/apollo5b_evb/arm-none-eabi/src/edge-impulse/edge-impulse-sdk/CMSIS/DSP/Source/MatrixFunctions/arm_mat_cmplx_mult_q15.o
   2568	      0	      0	   2568	    a08	build/apollo5b_evb/arm-none-eabi/src/edge-impulse/edge-impulse-sdk/CMSIS/DSP/Source/MatrixFunctions/arm_mat_cmplx_mult_q31.o
    196	      0	      0	    196	     c4	build/apollo5b_evb/arm-none-eabi/src/edge-impulse/edge-impulse-sdk/CMSIS/DSP/Source/MatrixFunctions/arm_mat_cmplx_trans_f16.o
    192	      0	      0	    192	     c0	build/apollo5b_evb/arm-none-eabi/src/edge-impulse/edge-impulse-sdk/CMSIS/DSP/Source/MatrixFunctions/arm_mat_cmplx_trans_f32.o
    196	      0	      0	    196	     c4	build/apollo5b_evb/arm-none-eabi/src/edge-impulse/edge-impulse-sdk/CMSIS/DSP/Source/MatrixFunctions/arm_mat_cmplx_trans_q15.o
    192	      0	      0	    192	     c0	build/apollo5b_evb/arm-none-eabi/src/edge-impulse/edge-impulse-sdk/CMSIS/DSP/Source/MatrixFunctions/arm_mat_cmplx_trans_q31.o
      8	      0	      0	      8	      8	build/apollo5b_evb/arm-none-eabi/src/edge-impulse/edge-impulse-sdk/CMSIS/DSP/Source/MatrixFunctions/arm_mat_init_f16.o
      8	      0	      0	      8	      8	build/apollo5b_evb/arm-none-eabi/src/edge-impulse/edge-impulse-sdk/CMSIS/DSP/Source/MatrixFunctions/arm_mat_init_f32.o
      8	      0	      0	      8	      8	build/apollo5b_evb/arm-none-eabi/src/edge-impulse/edge-impulse-sdk/CMSIS/DSP/Source/MatrixFunctions/arm_mat_init_q15.o
      8	      0	      0	      8	      8	build/apollo5b_evb/arm-none-eabi/src/edge-impulse/edge-impulse-sdk/CMSIS/DSP/Source/MatrixFunctions/arm_mat_init_q31.o
   1260	      0	      0	   1260	    4ec	build/apollo5b_evb/arm-none-eabi/src/edge-impulse/edge-impulse-sdk/CMSIS/DSP/Source/MatrixFunctions/arm_mat_inverse_f16.o
   1212	      0	      0	   1212	    4bc	build/apollo5b_evb/arm-none-eabi/src/edge-impulse/edge-impulse-sdk/CMSIS/DSP/Source/MatrixFunctions/arm_mat_inverse_f32.o
    944	      0	      0	    944	    3b0	build/apollo5b_evb/arm-none-eabi/src/edge-impulse/edge-impulse-sdk/CMSIS/DSP/Source/MatrixFunctions/arm_mat_inverse_f64.o
   1096	      0	      0	   1096	    448	build/apollo5b_evb/arm-none-eabi/src/edge-impulse/edge-impulse-sdk/CMSIS/DSP/Source/MatrixFunctions/arm_mat_ldlt_f32.o
    708	      0	      0	    708	    2c4	build/apollo5b_evb/arm-none-eabi/src/edge-impulse/edge-impulse-sdk/CMSIS/DSP/Source/MatrixFunctions/arm_mat_ldlt_f64.o
   1284	      0	      0	   1284	    504	build/apollo5b_evb/arm-none-eabi/src/edge-impulse/edge-impulse-sdk/CMSIS/DSP/Source/MatrixFunctions/arm_mat_mult_f16.o
   1368	      0	      0	   1368	    558	build/apollo5b_evb/arm-none-eabi/src/edge-impulse/edge-impulse-sdk/CMSIS/DSP/Source/MatrixFunctions/arm_mat_mult_f32.o
    328	      0	      0	    328	    148	build/apollo5b_evb/arm-none-eabi/src/edge-impulse/edge-impulse-sdk/CMSIS/DSP/Source/MatrixFunctions/arm_mat_mult_f64.o
   1208	      0	      0	   1208	    4b8	build/apollo5b_evb/arm-none-eabi/src/edge-impulse/edge-impulse-sdk/CMSIS/DSP/Source/MatrixFunctions/arm_mat_mult_fast_q15.o
    700	      0	      0	    700	    2bc	build/apollo5b_evb/arm-none-eabi/src/edge-impulse/edge-impulse-sdk/CMSIS/DSP/Source/MatrixFunctions/arm_mat_mult_fast_q31.o
   1664	      0	      0	   1664	    680	build/apollo5b_evb/arm-none-eabi/src/edge-impulse/edge-impulse-sdk/CMSIS/DSP/Source/MatrixFunctions/arm_mat_mult_opt_q31.o
   1732	      0	      0	   1732	    6c4	build/apollo5b_evb/arm-none-eabi/src/edge-impulse/edge-impulse-sdk/CMSIS/DSP/Source/MatrixFunctions/arm_mat_mult_q15.o
   1460	      0	      0	   1460	    5b4	build/apollo5b_evb/arm-none-eabi/src/edge-impulse/edge-impulse-sdk/CMSIS/DSP/Source/MatrixFunctions/arm_mat_mult_q31.o
   1648	      0	      0	   1648	    670	build/apollo5b_evb/arm-none-eabi/src/edge-impulse/edge-impulse-sdk/CMSIS/DSP/Source/MatrixFunctions/arm_mat_mult_q7.o
   3720	      0	      0	   3720	    e88	build/apollo5b_evb/arm-none-eabi/src/edge-impulse/edge-impulse-sdk/CMSIS/DSP/Source/MatrixFunctions/arm_mat_qr_f16.o
   2348	      0	      0	   2348	    92c	build/apollo5b_evb/arm-none-eabi/src/edge-impulse/edge-impulse-sdk/CMSIS/DSP/Source/MatrixFunctions/arm_mat_qr_f32.o
   1812	      0	      0	   1812	    714	build/apollo5b_evb/arm-none-eabi/src/edge-impulse/edge-impulse-sdk/CMSIS/DSP/Source/MatrixFunctions/arm_mat_qr_f64.o
     92	      0	      0	     92	     5c	build/apollo5b_evb/arm-none-eabi/src/edge-impulse/edge-impulse-sdk/CMSIS/DSP/Source/MatrixFunctions/arm_mat_scale_f16.o
     92	      0	      0	     92	     5c	build/apollo5b_evb/arm-none-eabi/src/edge-impulse/edge-impulse-sdk/CMSIS/DSP/Source/MatrixFunctions/arm_mat_scale_f32.o
    104	      0	      0	    104	     68	build/apollo5b_evb/arm-none-eabi/src/edge-impulse/edge-impulse-sdk/CMSIS/DSP/Source/MatrixFunctions/arm_mat_scale_q15.o
    104	      0	      0	    104	     68	build/apollo5b_evb/arm-none-eabi/src/edge-impulse/edge-impulse-sdk/CMSIS/DSP/Source/MatrixFunctions/arm_mat_scale_q31.o
   1008	      0	      0	   1008	    3f0	build/apollo5b_evb/arm-none-eabi/src/edge-impulse/edge-impulse-sdk/CMSIS/DSP/Source/MatrixFunctions/arm_mat_solve_lower_triangular_f16.o
    712	      0	      0	    712	    2c8	build/apollo5b_evb/arm-none-eabi/src/edge-impulse/edge-impulse-sdk/CMSIS/DSP/Source/MatrixFunctions/arm_mat_solve_lower_triangular_f32.o
    216	      0	      0	    216	     d8	build/apollo5b_evb/arm-none-eabi/src/edge-impulse/edge-impulse-sdk/CMSIS/DSP/Source/MatrixFunctions/arm_mat_solve_lower_triangular_f64.o
    492	      0	      0	    492	    1ec	build/apollo5b_evb/arm-none-eabi/src/edge-impulse/edge-impulse-sdk/CMSIS/DSP/Source/MatrixFunctions/arm_mat_solve_upper_triangular_f16.o
    452	      0	      0	    452	    1c4	build/apollo5b_evb/arm-none-eabi/src/edge-impulse/edge-impulse-sdk/CMSIS/DSP/Source/MatrixFunctions/arm_mat_solve_upper_triangular_f32.o
    256	      0	      0	    256	    100	build/apollo5b_evb/arm-none-eabi/src/edge-impulse/edge-impulse-sdk/CMSIS/DSP/Source/MatrixFunctions/arm_mat_solve_upper_triangular_f64.o
    128	      0	      0	    128	     80	build/apollo5b_evb/arm-none-eabi/src/edge-impulse/edge-impulse-sdk/CMSIS/DSP/Source/MatrixFunctions/arm_mat_sub_f16.o
    108	      0	      0	    108	     6c	build/apollo5b_evb/arm-none-eabi/src/edge-impulse/edge-impulse-sdk/CMSIS/DSP/Source/MatrixFunctions/arm_mat_sub_f32.o
     56	      0	      0	     56	     38	build/apollo5b_evb/arm-none-eabi/src/edge-impulse/edge-impulse-sdk/CMSIS/DSP/Source/MatrixFunctions/arm_mat_sub_f64.o
    108	      0	      0	    108	     6c	build/apollo5b_evb/arm-none-eabi/src/edge-impulse/edge-impulse-sdk/CMSIS/DSP/Source/MatrixFunctions/arm_mat_sub_q15.o
    108	      0	      0	    108	     6c	build/apollo5b_evb/arm-none-eabi/src/edge-impulse/edge-impulse-sdk/CMSIS/DSP/Source/MatrixFunctions/arm_mat_sub_q31.o
    340	      0	      0	    340	    154	build/apollo5b_evb/arm-none-eabi/src/edge-impulse/edge-impulse-sdk/CMSIS/DSP/Source/MatrixFunctions/arm_mat_trans_f16.o
    336	      0	      0	    336	    150	build/apollo5b_evb/arm-none-eabi/src/edge-impulse/edge-impulse-sdk/CMSIS/DSP/Source/MatrixFunctions/arm_mat_trans_f32.o
    128	      0	      0	    128	     80	build/apollo5b_evb/arm-none-eabi/src/edge-impulse/edge-impulse-sdk/CMSIS/DSP/Source/MatrixFunctions/arm_mat_trans_f64.o
    340	      0	      0	    340	    154	build/apollo5b_evb/arm-none-eabi/src/edge-impulse/edge-impulse-sdk/CMSIS/DSP/Source/MatrixFunctions/arm_mat_trans_q15.o
    336	      0	      0	    336	    150	build/apollo5b_evb/arm-none-eabi/src/edge-impulse/edge-impulse-sdk/CMSIS/DSP/Source/MatrixFunctions/arm_mat_trans_q31.o
    128	      0	      0	    128	     80	build/apollo5b_evb/arm-none-eabi/src/edge-impulse/edge-impulse-sdk/CMSIS/DSP/Source/MatrixFunctions/arm_mat_trans_q7.o
    840	      0	      0	    840	    348	build/apollo5b_evb/arm-none-eabi/src/edge-impulse/edge-impulse-sdk/CMSIS/DSP/Source/MatrixFunctions/arm_mat_vec_mult_f16.o
    864	      0	      0	    864	    360	build/apollo5b_evb/arm-none-eabi/src/edge-impulse/edge-impulse-sdk/CMSIS/DSP/Source/MatrixFunctions/arm_mat_vec_mult_f32.o
    620	      0	      0	    620	    26c	build/apollo5b_evb/arm-none-eabi/src/edge-impulse/edge-impulse-sdk/CMSIS/DSP/Source/MatrixFunctions/arm_mat_vec_mult_q15.o
    612	      0	      0	    612	    264	build/apollo5b_evb/arm-none-eabi/src/edge-impulse/edge-impulse-sdk/CMSIS/DSP/Source/MatrixFunctions/arm_mat_vec_mult_q31.o
    700	      0	      0	    700	    2bc	build/apollo5b_evb/arm-none-eabi/src/edge-impulse/edge-impulse-sdk/CMSIS/DSP/Source/MatrixFunctions/arm_mat_vec_mult_q7.o
    180	      0	      0	    180	     b4	build/apollo5b_evb/arm-none-eabi/src/edge-impulse/edge-impulse-sdk/CMSIS/DSP/Source/StatisticsFunctions/arm_absmax_f16.o
    136	      0	      0	    136	     88	build/apollo5b_evb/arm-none-eabi/src/edge-impulse/edge-impulse-sdk/CMSIS/DSP/Source/StatisticsFunctions/arm_absmax_f32.o
     80	      0	      0	     80	     50	build/apollo5b_evb/arm-none-eabi/src/edge-impulse/edge-impulse-sdk/CMSIS/DSP/Source/StatisticsFunctions/arm_absmax_f64.o
    104	      0	      0	    104	     68	build/apollo5b_evb/arm-none-eabi/src/edge-impulse/edge-impulse-sdk/CMSIS/DSP/Source/StatisticsFunctions/arm_absmax_no_idx_f16.o
    108	      0	      0	    108	     6c	build/apollo5b_evb/arm-none-eabi/src/edge-impulse/edge-impulse-sdk/CMSIS/DSP/Source/StatisticsFunctions/arm_absmax_no_idx_f32.o
     48	      0	      0	     48	     30	build/apollo5b_evb/arm-none-eabi/src/edge-impulse/edge-impulse-sdk/CMSIS/DSP/Source/StatisticsFunctions/arm_absmax_no_idx_f64.o
     96	      0	      0	     96	     60	build/apollo5b_evb/arm-none-eabi/src/edge-impulse/edge-impulse-sdk/CMSIS/DSP/Source/StatisticsFunctions/arm_absmax_no_idx_q15.o
    104	      0	      0	    104	     68	build/apollo5b_evb/arm-none-eabi/src/edge-impulse/edge-impulse-sdk/CMSIS/DSP/Source/StatisticsFunctions/arm_absmax_no_idx_q31.o
    120	      0	      0	    120	     78	build/apollo5b_evb/arm-none-eabi/src/edge-impulse/edge-impulse-sdk/CMSIS/DSP/Source/StatisticsFunctions/arm_absmax_no_idx_q7.o
    144	      0	      0	    144	     90	build/apollo5b_evb/arm-none-eabi/src/edge-impulse/edge-impulse-sdk/CMSIS/DSP/Source/StatisticsFunctions/arm_absmax_q15.o
    140	      0	      0	    140	     8c	build/apollo5b_evb/arm-none-eabi/src/edge-impulse/edge-impulse-sdk/CMSIS/DSP/Source/StatisticsFunctions/arm_absmax_q31.o
   2692	      0	      0	   2692	    a84	build/apollo5b_evb/arm-none-eabi/src/edge-impulse/edge-impulse-sdk/CMSIS/DSP/Source/StatisticsFunctions/arm_absmax_q7.o
    180	      0	      0	    180	     b4	build/apollo5b_evb/arm-none-eabi/src/edge-impulse/edge-impulse-sdk/CMSIS/DSP/Source/StatisticsFunctions/arm_absmin_f16.o
    144	      0	      0	    144	     90	build/apollo5b_evb/arm-none-eabi/src/edge-impulse/edge-impulse-sdk/CMSIS/DSP/Source/StatisticsFunctions/arm_absmin_f32.o
     80	      0	      0	     80	     50	build/apollo5b_evb/arm-none-eabi/src/edge-impulse/edge-impulse-sdk/CMSIS/DSP/Source/StatisticsFunctions/arm_absmin_f64.o
    112	      0	      0	    112	     70	build/apollo5b_evb/arm-none-eabi/src/edge-impulse/edge-impulse-sdk/CMSIS/DSP/Source/StatisticsFunctions/arm_absmin_no_idx_f16.o
    112	      0	      0	    112	     70	build/apollo5b_evb/arm-none-eabi/src/edge-impulse/edge-impulse-sdk/CMSIS/DSP/Source/StatisticsFunctions/arm_absmin_no_idx_f32.o
     48	      0	      0	     48	     30	build/apollo5b_evb/arm-none-eabi/src/edge-impulse/edge-impulse-sdk/CMSIS/DSP/Source/StatisticsFunctions/arm_absmin_no_idx_f64.o
    100	      0	      0	    100	     64	build/apollo5b_evb/arm-none-eabi/src/edge-impulse/edge-impulse-sdk/CMSIS/DSP/Source/StatisticsFunctions/arm_absmin_no_idx_q15.o
    108	      0	      0	    108	     6c	build/apollo5b_evb/arm-none-eabi/src/edge-impulse/edge-impulse-sdk/CMSIS/DSP/Source/StatisticsFunctions/arm_absmin_no_idx_q31.o
    120	      0	      0	    120	     78	build/apollo5b_evb/arm-none-eabi/src/edge-impulse/edge-impulse-sdk/CMSIS/DSP/Source/StatisticsFunctions/arm_absmin_no_idx_q7.o
    164	      0	      0	    164	     a4	build/apollo5b_evb/arm-none-eabi/src/edge-impulse/edge-impulse-sdk/CMSIS/DSP/Source/StatisticsFunctions/arm_absmin_q15.o
    164	      0	      0	    164	     a4	build/apollo5b_evb/arm-none-eabi/src/edge-impulse/edge-impulse-sdk/CMSIS/DSP/Source/StatisticsFunctions/arm_absmin_q31.o
   1212	      0	      0	   1212	    4bc	build/apollo5b_evb/arm-none-eabi/src/edge-impulse/edge-impulse-sdk/CMSIS/DSP/Source/StatisticsFunctions/arm_absmin_q7.o
    456	      0	      0	    456	    1c8	build/apollo5b_evb/arm-none-eabi/src/edge-impulse/edge-impulse-sdk/CMSIS/DSP/Source/StatisticsFunctions/arm_accumulate_f16.o
    104	      0	      0	    104	     68	build/apollo5b_evb/arm-none-eabi/src/edge-impulse/edge-impulse-sdk/CMSIS/DSP/Source/StatisticsFunctions/arm_accumulate_f32.o
     56	      0	      0	     56	     38	build/apollo5b_evb/arm-none-eabi/src/edge-impulse/edge-impulse-sdk/CMSIS/DSP/Source/StatisticsFunctions/arm_accumulate_f64.o
    448	      0	      0	    448	    1c0	build/apollo5b_evb/arm-none-eabi/src/edge-impulse/edge-impulse-sdk/CMSIS/DSP/Source/StatisticsFunctions/arm_entropy_f16.o
    328	      0	      0	    328	    148	build/apollo5b_evb/arm-none-eabi/src/edge-impulse/edge-impulse-sdk/CMSIS/DSP/Source/StatisticsFunctions/arm_entropy_f32.o
     64	      0	      0	     64	     40	build/apollo5b_evb/arm-none-eabi/src/edge-impulse/edge-impulse-sdk/CMSIS/DSP/Source/StatisticsFunctions/arm_entropy_f64.o
    756	      0	      0	    756	    2f4	build/apollo5b_evb/arm-none-eabi/src/edge-impulse/edge-impulse-sdk/CMSIS/DSP/Source/StatisticsFunctions/arm_kullback_leibler_f16.o
    572	      0	      0	    572	    23c	build/apollo5b_evb/arm-none-eabi/src/edge-impulse/edge-impulse-sdk/CMSIS/DSP/Source/StatisticsFunctions/arm_kullback_leibler_f32.o
     72	      0	      0	     72	     48	build/apollo5b_evb/arm-none-eabi/src/edge-impulse/edge-impulse-sdk/CMSIS/DSP/Source/StatisticsFunctions/arm_kullback_leibler_f64.o
     28	      0	      0	     28	     1c	build/apollo5b_evb/arm-none-eabi/src/edge-impulse/edge-impulse-sdk/CMSIS/DSP/Source/StatisticsFunctions/arm_logsumexp_dot_prod_f16.o
     28	      0	      0	     28	     1c	build/apollo5b_evb/arm-none-eabi/src/edge-impulse/edge-impulse-sdk/CMSIS/DSP/Source/StatisticsFunctions/arm_logsumexp_dot_prod_f32.o
    560	      0	      0	    560	    230	build/apollo5b_evb/arm-none-eabi/src/edge-impulse/edge-impulse-sdk/CMSIS/DSP/Source/StatisticsFunctions/arm_logsumexp_f16.o
    380	      0	      0	    380	    17c	build/apollo5b_evb/arm-none-eabi/src/edge-impulse/edge-impulse-sdk/CMSIS/DSP/Source/StatisticsFunctions/arm_logsumexp_f32.o
    352	      0	      0	    352	    160	build/apollo5b_evb/arm-none-eabi/src/edge-impulse/edge-impulse-sdk/CMSIS/DSP/Source/StatisticsFunctions/arm_max_f16.o
    188	      0	      0	    188	     bc	build/apollo5b_evb/arm-none-eabi/src/edge-impulse/edge-impulse-sdk/CMSIS/DSP/Source/StatisticsFunctions/arm_max_f32.o
     72	      0	      0	     72	     48	build/apollo5b_evb/arm-none-eabi/src/edge-impulse/edge-impulse-sdk/CMSIS/DSP/Source/StatisticsFunctions/arm_max_f64.o
    228	      0	      0	    228	     e4	build/apollo5b_evb/arm-none-eabi/src/edge-impulse/edge-impulse-sdk/CMSIS/DSP/Source/StatisticsFunctions/arm_max_no_idx_f16.o
     96	      0	      0	     96	     60	build/apollo5b_evb/arm-none-eabi/src/edge-impulse/edge-impulse-sdk/CMSIS/DSP/Source/StatisticsFunctions/arm_max_no_idx_f32.o
     56	      0	      0	     56	     38	build/apollo5b_evb/arm-none-eabi/src/edge-impulse/edge-impulse-sdk/CMSIS/DSP/Source/StatisticsFunctions/arm_max_no_idx_f64.o
    108	      0	      0	    108	     6c	build/apollo5b_evb/arm-none-eabi/src/edge-impulse/edge-impulse-sdk/CMSIS/DSP/Source/StatisticsFunctions/arm_max_no_idx_q15.o
    108	      0	      0	    108	     6c	build/apollo5b_evb/arm-none-eabi/src/edge-impulse/edge-impulse-sdk/CMSIS/DSP/Source/StatisticsFunctions/arm_max_no_idx_q31.o
    120	      0	      0	    120	     78	build/apollo5b_evb/arm-none-eabi/src/edge-impulse/edge-impulse-sdk/CMSIS/DSP/Source/StatisticsFunctions/arm_max_no_idx_q7.o
    144	      0	      0	    144	     90	build/apollo5b_evb/arm-none-eabi/src/edge-impulse/edge-impulse-sdk/CMSIS/DSP/Source/StatisticsFunctions/arm_max_q15.o
    140	      0	      0	    140	     8c	build/apollo5b_evb/arm-none-eabi/src/edge-impulse/edge-impulse-sdk/CMSIS/DSP/Source/StatisticsFunctions/arm_max_q31.o
   2548	      0	      0	   2548	    9f4	build/apollo5b_evb/arm-none-eabi/src/edge-impulse/edge-impulse-sdk/CMSIS/DSP/Source/StatisticsFunctions/arm_max_q7.o
     92	      0	      0	     92	     5c	build/apollo5b_evb/arm-none-eabi/src/edge-impulse/edge-impulse-sdk/CMSIS/DSP/Source/StatisticsFunctions/arm_mean_f16.o
    132	      0	      0	    132	     84	build/apollo5b_evb/arm-none-eabi/src/edge-impulse/edge-impulse-sdk/CMSIS/DSP/Source/StatisticsFunctions/arm_mean_f32.o
     80	      0	      0	     80	     50	build/apollo5b_evb/arm-none-eabi/src/edge-impulse/edge-impulse-sdk/CMSIS/DSP/Source/StatisticsFunctions/arm_mean_f64.o
    120	      0	      0	    120	     78	build/apollo5b_evb/arm-none-eabi/src/edge-impulse/edge-impulse-sdk/CMSIS/DSP/Source/StatisticsFunctions/arm_mean_q15.o
    160	      0	      0	    160	     a0	build/apollo5b_evb/arm-none-eabi/src/edge-impulse/edge-impulse-sdk/CMSIS/DSP/Source/StatisticsFunctions/arm_mean_q31.o
    216	      0	      0	    216	     d8	build/apollo5b_evb/arm-none-eabi/src/edge-impulse/edge-impulse-sdk/CMSIS/DSP/Source/StatisticsFunctions/arm_mean_q7.o
    136	      0	      0	    136	     88	build/apollo5b_evb/arm-none-eabi/src/edge-impulse/edge-impulse-sdk/CMSIS/DSP/Source/StatisticsFunctions/arm_min_f16.o
    200	      0	      0	    200	     c8	build/apollo5b_evb/arm-none-eabi/src/edge-impulse/edge-impulse-sdk/CMSIS/DSP/Source/StatisticsFunctions/arm_min_f32.o
     72	      0	      0	     72	     48	build/apollo5b_evb/arm-none-eabi/src/edge-impulse/edge-impulse-sdk/CMSIS/DSP/Source/StatisticsFunctions/arm_min_f64.o
    228	      0	      0	    228	     e4	build/apollo5b_evb/arm-none-eabi/src/edge-impulse/edge-impulse-sdk/CMSIS/DSP/Source/StatisticsFunctions/arm_min_no_idx_f16.o
     96	      0	      0	     96	     60	build/apollo5b_evb/arm-none-eabi/src/edge-impulse/edge-impulse-sdk/CMSIS/DSP/Source/StatisticsFunctions/arm_min_no_idx_f32.o
     56	      0	      0	     56	     38	build/apollo5b_evb/arm-none-eabi/src/edge-impulse/edge-impulse-sdk/CMSIS/DSP/Source/StatisticsFunctions/arm_min_no_idx_f64.o
    108	      0	      0	    108	     6c	build/apollo5b_evb/arm-none-eabi/src/edge-impulse/edge-impulse-sdk/CMSIS/DSP/Source/StatisticsFunctions/arm_min_no_idx_q15.o
    108	      0	      0	    108	     6c	build/apollo5b_evb/arm-none-eabi/src/edge-impulse/edge-impulse-sdk/CMSIS/DSP/Source/StatisticsFunctions/arm_min_no_idx_q31.o
    120	      0	      0	    120	     78	build/apollo5b_evb/arm-none-eabi/src/edge-impulse/edge-impulse-sdk/CMSIS/DSP/Source/StatisticsFunctions/arm_min_no_idx_q7.o
    144	      0	      0	    144	     90	build/apollo5b_evb/arm-none-eabi/src/edge-impulse/edge-impulse-sdk/CMSIS/DSP/Source/StatisticsFunctions/arm_min_q15.o
    140	      0	      0	    140	     8c	build/apollo5b_evb/arm-none-eabi/src/edge-impulse/edge-impulse-sdk/CMSIS/DSP/Source/StatisticsFunctions/arm_min_q31.o
   1388	      0	      0	   1388	    56c	build/apollo5b_evb/arm-none-eabi/src/edge-impulse/edge-impulse-sdk/CMSIS/DSP/Source/StatisticsFunctions/arm_min_q7.o
    144	      0	      0	    144	     90	build/apollo5b_evb/arm-none-eabi/src/edge-impulse/edge-impulse-sdk/CMSIS/DSP/Source/StatisticsFunctions/arm_mse_f16.o
    132	      0	      0	    132	     84	build/apollo5b_evb/arm-none-eabi/src/edge-impulse/edge-impulse-sdk/CMSIS/DSP/Source/StatisticsFunctions/arm_mse_f32.o
     88	      0	      0	     88	     58	build/apollo5b_evb/arm-none-eabi/src/edge-impulse/edge-impulse-sdk/CMSIS/DSP/Source/StatisticsFunctions/arm_mse_f64.o
    120	      0	      0	    120	     78	build/apollo5b_evb/arm-none-eabi/src/edge-impulse/edge-impulse-sdk/CMSIS/DSP/Source/StatisticsFunctions/arm_mse_q15.o
    128	      0	      0	    128	     80	build/apollo5b_evb/arm-none-eabi/src/edge-impulse/edge-impulse-sdk/CMSIS/DSP/Source/StatisticsFunctions/arm_mse_q31.o
    132	      0	      0	    132	     84	build/apollo5b_evb/arm-none-eabi/src/edge-impulse/edge-impulse-sdk/CMSIS/DSP/Source/StatisticsFunctions/arm_mse_q7.o
     68	      0	      0	     68	     44	build/apollo5b_evb/arm-none-eabi/src/edge-impulse/edge-impulse-sdk/CMSIS/DSP/Source/StatisticsFunctions/arm_power_f16.o
    120	      0	      0	    120	     78	build/apollo5b_evb/arm-none-eabi/src/edge-impulse/edge-impulse-sdk/CMSIS/DSP/Source/StatisticsFunctions/arm_power_f32.o
     56	      0	      0	     56	     38	build/apollo5b_evb/arm-none-eabi/src/edge-impulse/edge-impulse-sdk/CMSIS/DSP/Source/StatisticsFunctions/arm_power_f64.o
    132	      0	      0	    132	     84	build/apollo5b_evb/arm-none-eabi/src/edge-impulse/edge-impulse-sdk/CMSIS/DSP/Source/StatisticsFunctions/arm_power_q15.o
    136	      0	      0	    136	     88	build/apollo5b_evb/arm-none-eabi/src/edge-impulse/edge-impulse-sdk/CMSIS/DSP/Source/StatisticsFunctions/arm_power_q31.o
    240	      0	      0	    240	     f0	build/apollo5b_evb/arm-none-eabi/src/edge-impulse/edge-impulse-sdk/CMSIS/DSP/Source/StatisticsFunctions/arm_power_q7.o
     84	      0	      0	     84	     54	build/apollo5b_evb/arm-none-eabi/src/edge-impulse/edge-impulse-sdk/CMSIS/DSP/Source/StatisticsFunctions/arm_rms_f16.o
     68	      0	      0	     68	     44	build/apollo5b_evb/arm-none-eabi/src/edge-impulse/edge-impulse-sdk/CMSIS/DSP/Source/StatisticsFunctions/arm_rms_f32.o
     68	      0	      0	     68	     44	build/apollo5b_evb/arm-none-eabi/src/edge-impulse/edge-impulse-sdk/CMSIS/DSP/Source/StatisticsFunctions/arm_rms_q15.o
     80	      0	      0	     80	     50	build/apollo5b_evb/arm-none-eabi/src/edge-impulse/edge-impulse-sdk/CMSIS/DSP/Source/StatisticsFunctions/arm_rms_q31.o
     60	      0	      0	     60	     3c	build/apollo5b_evb/arm-none-eabi/src/edge-impulse/edge-impulse-sdk/CMSIS/DSP/Source/StatisticsFunctions/arm_std_f16.o
     48	      0	      0	     48	     30	build/apollo5b_evb/arm-none-eabi/src/edge-impulse/edge-impulse-sdk/CMSIS/DSP/Source/StatisticsFunctions/arm_std_f32.o
     28	      0	      0	     28	     1c	build/apollo5b_evb/arm-none-eabi/src/edge-impulse/edge-impulse-sdk/CMSIS/DSP/Source/StatisticsFunctions/arm_std_f64.o
     36	      0	      0	     36	     24	build/apollo5b_evb/arm-none-eabi/src/edge-impulse/edge-impulse-sdk/CMSIS/DSP/Source/StatisticsFunctions/arm_std_q15.o
     28	      0	      0	     28	     1c	build/apollo5b_evb/arm-none-eabi/src/edge-impulse/edge-impulse-sdk/CMSIS/DSP/Source/StatisticsFunctions/arm_std_q31.o
    148	      0	      0	    148	     94	build/apollo5b_evb/arm-none-eabi/src/edge-impulse/edge-impulse-sdk/CMSIS/DSP/Source/StatisticsFunctions/arm_var_f16.o
    260	      0	      0	    260	    104	build/apollo5b_evb/arm-none-eabi/src/edge-impulse/edge-impulse-sdk/CMSIS/DSP/Source/StatisticsFunctions/arm_var_f32.o
    104	      0	      0	    104	     68	build/apollo5b_evb/arm-none-eabi/src/edge-impulse/edge-impulse-sdk/CMSIS/DSP/Source/StatisticsFunctions/arm_var_f64.o
    388	      0	      0	    388	    184	build/apollo5b_evb/arm-none-eabi/src/edge-impulse/edge-impulse-sdk/CMSIS/DSP/Source/StatisticsFunctions/arm_var_q15.o
    224	      0	      0	    224	     e0	build/apollo5b_evb/arm-none-eabi/src/edge-impulse/edge-impulse-sdk/CMSIS/DSP/Source/StatisticsFunctions/arm_var_q31.o
    124	      0	      0	    124	     7c	build/apollo5b_evb/arm-none-eabi/src/edge-impulse/edge-impulse-sdk/CMSIS/NN/Source/ActivationFunctions/arm_nn_activations_q15.o
     60	      0	      0	     60	     3c	build/apollo5b_evb/arm-none-eabi/src/edge-impulse/edge-impulse-sdk/CMSIS/NN/Source/ActivationFunctions/arm_nn_activations_q7.o
    468	      0	      0	    468	    1d4	build/apollo5b_evb/arm-none-eabi/src/edge-impulse/edge-impulse-sdk/CMSIS/NN/Source/ActivationFunctions/arm_relu6_s8.o
     32	      0	      0	     32	     20	build/apollo5b_evb/arm-none-eabi/src/edge-impulse/edge-impulse-sdk/CMSIS/NN/Source/ActivationFunctions/arm_relu_q15.o
     24	      0	      0	     24	     18	build/apollo5b_evb/arm-none-eabi/src/edge-impulse/edge-impulse-sdk/CMSIS/NN/Source/ActivationFunctions/arm_relu_q7.o
    940	      0	      0	    940	    3ac	build/apollo5b_evb/arm-none-eabi/src/edge-impulse/edge-impulse-sdk/CMSIS/NN/Source/BasicMathFunctions/arm_elementwise_add_s16.o
    332	      0	      0	    332	    14c	build/apollo5b_evb/arm-none-eabi/src/edge-impulse/edge-impulse-sdk/CMSIS/NN/Source/BasicMathFunctions/arm_elementwise_add_s8.o
    400	      0	      0	    400	    190	build/apollo5b_evb/arm-none-eabi/src/edge-impulse/edge-impulse-sdk/CMSIS/NN/Source/BasicMathFunctions/arm_elementwise_mul_s16.o
    192	      0	      0	    192	     c0	build/apollo5b_evb/arm-none-eabi/src/edge-impulse/edge-impulse-sdk/CMSIS/NN/Source/BasicMathFunctions/arm_elementwise_mul_s8.o
     48	      0	      0	     48	     30	build/apollo5b_evb/arm-none-eabi/src/edge-impulse/edge-impulse-sdk/CMSIS/NN/Source/ConcatenationFunctions/arm_concatenation_s8_w.o
     60	      0	      0	     60	     3c	build/apollo5b_evb/arm-none-eabi/src/edge-impulse/edge-impulse-sdk/CMSIS/NN/Source/ConcatenationFunctions/arm_concatenation_s8_x.o
     64	      0	      0	     64	     40	build/apollo5b_evb/arm-none-eabi/src/edge-impulse/edge-impulse-sdk/CMSIS/NN/Source/ConcatenationFunctions/arm_concatenation_s8_y.o
     64	      0	      0	     64	     40	build/apollo5b_evb/arm-none-eabi/src/edge-impulse/edge-impulse-sdk/CMSIS/NN/Source/ConcatenationFunctions/arm_concatenation_s8_z.o
    532	      0	      0	    532	    214	build/apollo5b_evb/arm-none-eabi/src/edge-impulse/edge-impulse-sdk/CMSIS/NN/Source/ConvolutionFunctions/arm_convolve_1_x_n_s8.o
    452	      0	      0	    452	    1c4	build/apollo5b_evb/arm-none-eabi/src/edge-impulse/edge-impulse-sdk/CMSIS/NN/Source/ConvolutionFunctions/arm_convolve_1x1_HWC_q7_fast_nonsquare.o
    212	      0	      0	    212	     d4	build/apollo5b_evb/arm-none-eabi/src/edge-impulse/edge-impulse-sdk/CMSIS/NN/Source/ConvolutionFunctions/arm_convolve_1x1_s8_fast.o
    536	      0	      0	    536	    218	build/apollo5b_evb/arm-none-eabi/src/edge-impulse/edge-impulse-sdk/CMSIS/NN/Source/ConvolutionFunctions/arm_convolve_HWC_q15_basic.o
    548	      0	      0	    548	    224	build/apollo5b_evb/arm-none-eabi/src/edge-impulse/edge-impulse-sdk/CMSIS/NN/Source/ConvolutionFunctions/arm_convolve_HWC_q15_fast.o
    512	      0	      0	    512	    200	build/apollo5b_evb/arm-none-eabi/src/edge-impulse/edge-impulse-sdk/CMSIS/NN/Source/ConvolutionFunctions/arm_convolve_HWC_q15_fast_nonsquare.o
    504	      0	      0	    504	    1f8	build/apollo5b_evb/arm-none-eabi/src/edge-impulse/edge-impulse-sdk/CMSIS/NN/Source/ConvolutionFunctions/arm_convolve_HWC_q7_RGB.o
    500	      0	      0	    500	    1f4	build/apollo5b_evb/arm-none-eabi/src/edge-impulse/edge-impulse-sdk/CMSIS/NN/Source/ConvolutionFunctions/arm_convolve_HWC_q7_basic.o
    464	      0	      0	    464	    1d0	build/apollo5b_evb/arm-none-eabi/src/edge-impulse/edge-impulse-sdk/CMSIS/NN/Source/ConvolutionFunctions/arm_convolve_HWC_q7_basic_nonsquare.o
    524	      0	      0	    524	    20c	build/apollo5b_evb/arm-none-eabi/src/edge-impulse/edge-impulse-sdk/CMSIS/NN/Source/ConvolutionFunctions/arm_convolve_HWC_q7_fast.o
    484	      0	      0	    484	    1e4	build/apollo5b_evb/arm-none-eabi/src/edge-impulse/edge-impulse-sdk/CMSIS/NN/Source/ConvolutionFunctions/arm_convolve_HWC_q7_fast_nonsquare.o
     64	      0	      0	     64	     40	build/apollo5b_evb/arm-none-eabi/src/edge-impulse/edge-impulse-sdk/CMSIS/NN/Source/ConvolutionFunctions/arm_convolve_fast_s16.o
    884	      0	      0	    884	    374	build/apollo5b_evb/arm-none-eabi/src/edge-impulse/edge-impulse-sdk/CMSIS/NN/Source/ConvolutionFunctions/arm_convolve_s16.o
    964	      0	      0	    964	    3c4	build/apollo5b_evb/arm-none-eabi/src/edge-impulse/edge-impulse-sdk/CMSIS/NN/Source/ConvolutionFunctions/arm_convolve_s8.o
     12	      0	      0	     12	      c	build/apollo5b_evb/arm-none-eabi/src/edge-impulse/edge-impulse-sdk/CMSIS/NN/Source/ConvolutionFunctions/arm_convolve_wrapper_s16.o
    300	      0	      0	    300	    12c	build/apollo5b_evb/arm-none-eabi/src/edge-impulse/edge-impulse-sdk/CMSIS/NN/Source/ConvolutionFunctions/arm_convolve_wrapper_s8.o
   3684	      0	      0	   3684	    e64	build/apollo5b_evb/arm-none-eabi/src/edge-impulse/edge-impulse-sdk/CMSIS/NN/Source/ConvolutionFunctions/arm_depthwise_conv_3x3_s8.o
   1776	      0	      0	   1776	    6f0	build/apollo5b_evb/arm-none-eabi/src/edge-impulse/edge-impulse-sdk/CMSIS/NN/Source/ConvolutionFunctions/arm_depthwise_conv_fast_s16.o
   1008	      0	      0	   1008	    3f0	build/apollo5b_evb/arm-none-eabi/src/edge-impulse/edge-impulse-sdk/CMSIS/NN/Source/ConvolutionFunctions/arm_depthwise_conv_s16.o
   1936	      0	      0	   1936	    790	build/apollo5b_evb/arm-none-eabi/src/edge-impulse/edge-impulse-sdk/CMSIS/NN/Source/ConvolutionFunctions/arm_depthwise_conv_s8.o
   1364	      0	      0	   1364	    554	build/apollo5b_evb/arm-none-eabi/src/edge-impulse/edge-impulse-sdk/CMSIS/NN/Source/ConvolutionFunctions/arm_depthwise_conv_s8_opt.o
   1728	      0	      0	   1728	    6c0	build/apollo5b_evb/arm-none-eabi/src/edge-impulse/edge-impulse-sdk/CMSIS/NN/Source/ConvolutionFunctions/arm_depthwise_conv_u8_basic_ver1.o
    200	      0	      0	    200	     c8	build/apollo5b_evb/arm-none-eabi/src/edge-impulse/edge-impulse-sdk/CMSIS/NN/Source/ConvolutionFunctions/arm_depthwise_conv_wrapper_s16.o
    164	      0	      0	    164	     a4	build/apollo5b_evb/arm-none-eabi/src/edge-impulse/edge-impulse-sdk/CMSIS/NN/Source/ConvolutionFunctions/arm_depthwise_conv_wrapper_s8.o
    396	      0	      0	    396	    18c	build/apollo5b_evb/arm-none-eabi/src/edge-impulse/edge-impulse-sdk/CMSIS/NN/Source/ConvolutionFunctions/arm_depthwise_separable_conv_HWC_q7.o
    392	      0	      0	    392	    188	build/apollo5b_evb/arm-none-eabi/src/edge-impulse/edge-impulse-sdk/CMSIS/NN/Source/ConvolutionFunctions/arm_depthwise_separable_conv_HWC_q7_nonsquare.o
    956	      0	      0	    956	    3bc	build/apollo5b_evb/arm-none-eabi/src/edge-impulse/edge-impulse-sdk/CMSIS/NN/Source/ConvolutionFunctions/arm_nn_depthwise_conv_s8_core.o
    864	      0	      0	    864	    360	build/apollo5b_evb/arm-none-eabi/src/edge-impulse/edge-impulse-sdk/CMSIS/NN/Source/ConvolutionFunctions/arm_nn_mat_mult_kernel_q7_q15.o
    576	      0	      0	    576	    240	build/apollo5b_evb/arm-none-eabi/src/edge-impulse/edge-impulse-sdk/CMSIS/NN/Source/ConvolutionFunctions/arm_nn_mat_mult_kernel_q7_q15_reordered.o
      4	      0	      0	      4	      4	build/apollo5b_evb/arm-none-eabi/src/edge-impulse/edge-impulse-sdk/CMSIS/NN/Source/ConvolutionFunctions/arm_nn_mat_mult_kernel_s8_s16.o
    716	      0	      0	    716	    2cc	build/apollo5b_evb/arm-none-eabi/src/edge-impulse/edge-impulse-sdk/CMSIS/NN/Source/ConvolutionFunctions/arm_nn_mat_mult_s8.o
    136	      0	      0	    136	     88	build/apollo5b_evb/arm-none-eabi/src/edge-impulse/edge-impulse-sdk/CMSIS/NN/Source/FullyConnectedFunctions/arm_fully_connected_mat_q7_vec_q15.o
    548	      0	      0	    548	    224	build/apollo5b_evb/arm-none-eabi/src/edge-impulse/edge-impulse-sdk/CMSIS/NN/Source/FullyConnectedFunctions/arm_fully_connected_mat_q7_vec_q15_opt.o
    148	      0	      0	    148	     94	build/apollo5b_evb/arm-none-eabi/src/edge-impulse/edge-impulse-sdk/CMSIS/NN/Source/FullyConnectedFunctions/arm_fully_connected_q15.o
    560	      0	      0	    560	    230	build/apollo5b_evb/arm-none-eabi/src/edge-impulse/edge-impulse-sdk/CMSIS/NN/Source/FullyConnectedFunctions/arm_fully_connected_q15_opt.o
    124	      0	      0	    124	     7c	build/apollo5b_evb/arm-none-eabi/src/edge-impulse/edge-impulse-sdk/CMSIS/NN/Source/FullyConnectedFunctions/arm_fully_connected_q7.o
    780	      0	      0	    780	    30c	build/apollo5b_evb/arm-none-eabi/src/edge-impulse/edge-impulse-sdk/CMSIS/NN/Source/FullyConnectedFunctions/arm_fully_connected_q7_opt.o
    128	      0	      0	    128	     80	build/apollo5b_evb/arm-none-eabi/src/edge-impulse/edge-impulse-sdk/CMSIS/NN/Source/FullyConnectedFunctions/arm_fully_connected_s16.o
    116	      0	      0	    116	     74	build/apollo5b_evb/arm-none-eabi/src/edge-impulse/edge-impulse-sdk/CMSIS/NN/Source/FullyConnectedFunctions/arm_fully_connected_s8.o
     48	      0	      0	     48	     30	build/apollo5b_evb/arm-none-eabi/src/edge-impulse/edge-impulse-sdk/CMSIS/NN/Source/NNSupportFunctions/arm_nn_accumulate_q7_to_q15.o
     32	      0	      0	     32	     20	build/apollo5b_evb/arm-none-eabi/src/edge-impulse/edge-impulse-sdk/CMSIS/NN/Source/NNSupportFunctions/arm_nn_add_q7.o
    556	      0	      0	    556	    22c	build/apollo5b_evb/arm-none-eabi/src/edge-impulse/edge-impulse-sdk/CMSIS/NN/Source/NNSupportFunctions/arm_nn_depthwise_conv_nt_t_padded_s8.o
   1596	      0	      0	   1596	    63c	build/apollo5b_evb/arm-none-eabi/src/edge-impulse/edge-impulse-sdk/CMSIS/NN/Source/NNSupportFunctions/arm_nn_depthwise_conv_nt_t_s16.o
    564	      0	      0	    564	    234	build/apollo5b_evb/arm-none-eabi/src/edge-impulse/edge-impulse-sdk/CMSIS/NN/Source/NNSupportFunctions/arm_nn_depthwise_conv_nt_t_s8.o
    900	      0	      0	    900	    384	build/apollo5b_evb/arm-none-eabi/src/edge-impulse/edge-impulse-sdk/CMSIS/NN/Source/NNSupportFunctions/arm_nn_mat_mul_core_1x_s8.o
    564	      0	      0	    564	    234	build/apollo5b_evb/arm-none-eabi/src/edge-impulse/edge-impulse-sdk/CMSIS/NN/Source/NNSupportFunctions/arm_nn_mat_mul_core_4x_s8.o
      4	      0	      0	      4	      4	build/apollo5b_evb/arm-none-eabi/src/edge-impulse/edge-impulse-sdk/CMSIS/NN/Source/NNSupportFunctions/arm_nn_mat_mul_kernel_s16.o
   3144	      0	      0	   3144	    c48	build/apollo5b_evb/arm-none-eabi/src/edge-impulse/edge-impulse-sdk/CMSIS/NN/Source/NNSupportFunctions/arm_nn_mat_mult_nt_t_s8.o
     48	      0	      0	     48	     30	build/apollo5b_evb/arm-none-eabi/src/edge-impulse/edge-impulse-sdk/CMSIS/NN/Source/NNSupportFunctions/arm_nn_mult_q15.o
     52	      0	      0	     52	     34	build/apollo5b_evb/arm-none-eabi/src/edge-impulse/edge-impulse-sdk/CMSIS/NN/Source/NNSupportFunctions/arm_nn_mult_q7.o
   1356	      0	      0	   1356	    54c	build/apollo5b_evb/arm-none-eabi/src/edge-impulse/edge-impulse-sdk/CMSIS/NN/Source/NNSupportFunctions/arm_nn_vec_mat_mult_t_s16.o
    880	      0	      0	    880	    370	build/apollo5b_evb/arm-none-eabi/src/edge-impulse/edge-impulse-sdk/CMSIS/NN/Source/NNSupportFunctions/arm_nn_vec_mat_mult_t_s8.o
    680	      0	      0	    680	    2a8	build/apollo5b_evb/arm-none-eabi/src/edge-impulse/edge-impulse-sdk/CMSIS/NN/Source/NNSupportFunctions/arm_nn_vec_mat_mult_t_svdf_s8.o
   2816	      0	      0	   2816	    b00	build/apollo5b_evb/arm-none-eabi/src/edge-impulse/edge-impulse-sdk/CMSIS/NN/Source/NNSupportFunctions/arm_nntables.o
    112	      0	      0	    112	     70	build/apollo5b_evb/arm-none-eabi/src/edge-impulse/edge-impulse-sdk/CMSIS/NN/Source/NNSupportFunctions/arm_q7_to_q15_no_shift.o
     28	      0	      0	     28	     1c	build/apollo5b_evb/arm-none-eabi/src/edge-impulse/edge-impulse-sdk/CMSIS/NN/Source/NNSupportFunctions/arm_q7_to_q15_reordered_no_shift.o
    120	      0	      0	    120	     78	build/apollo5b_evb/arm-none-eabi/src/edge-impulse/edge-impulse-sdk/CMSIS/NN/Source/NNSupportFunctions/arm_q7_to_q15_reordered_with_offset.o
    132	      0	      0	    132	     84	build/apollo5b_evb/arm-none-eabi/src/edge-impulse/edge-impulse-sdk/CMSIS/NN/Source/NNSupportFunctions/arm_q7_to_q15_with_offset.o
    756	      0	      0	    756	    2f4	build/apollo5b_evb/arm-none-eabi/src/edge-impulse/edge-impulse-sdk/CMSIS/NN/Source/PoolingFunctions/arm_avgpool_s16.o
   1028	      0	      0	   1028	    404	build/apollo5b_evb/arm-none-eabi/src/edge-impulse/edge-impulse-sdk/CMSIS/NN/Source/PoolingFunctions/arm_avgpool_s8.o
    548	      0	      0	    548	    224	build/apollo5b_evb/arm-none-eabi/src/edge-impulse/edge-impulse-sdk/CMSIS/NN/Source/PoolingFunctions/arm_max_pool_s16.o
    568	      0	      0	    568	    238	build/apollo5b_evb/arm-none-eabi/src/edge-impulse/edge-impulse-sdk/CMSIS/NN/Source/PoolingFunctions/arm_max_pool_s8.o
   1212	      0	      0	   1212	    4bc	build/apollo5b_evb/arm-none-eabi/src/edge-impulse/edge-impulse-sdk/CMSIS/NN/Source/PoolingFunctions/arm_pool_q7_HWC.o
     24	      0	      0	     24	     18	build/apollo5b_evb/arm-none-eabi/src/edge-impulse/edge-impulse-sdk/CMSIS/NN/Source/ReshapeFunctions/arm_reshape_s8.o
   5192	      0	      0	   5192	   1448	build/apollo5b_evb/arm-none-eabi/src/edge-impulse/edge-impulse-sdk/CMSIS/NN/Source/SoftmaxFunctions/arm_nn_softmax_common_s8.o
    164	      0	      0	    164	     a4	build/apollo5b_evb/arm-none-eabi/src/edge-impulse/edge-impulse-sdk/CMSIS/NN/Source/SoftmaxFunctions/arm_softmax_q15.o
    136	      0	      0	    136	     88	build/apollo5b_evb/arm-none-eabi/src/edge-impulse/edge-impulse-sdk/CMSIS/NN/Source/SoftmaxFunctions/arm_softmax_q7.o
    844	      0	      0	    844	    34c	build/apollo5b_evb/arm-none-eabi/src/edge-impulse/edge-impulse-sdk/CMSIS/NN/Source/SoftmaxFunctions/arm_softmax_s16.o
   6100	      0	      0	   6100	   17d4	build/apollo5b_evb/arm-none-eabi/src/edge-impulse/edge-impulse-sdk/CMSIS/NN/Source/SoftmaxFunctions/arm_softmax_s8.o
     28	      0	      0	     28	     1c	build/apollo5b_evb/arm-none-eabi/src/edge-impulse/edge-impulse-sdk/CMSIS/NN/Source/SoftmaxFunctions/arm_softmax_s8_s16.o
   5036	      0	      0	   5036	   13ac	build/apollo5b_evb/arm-none-eabi/src/edge-impulse/edge-impulse-sdk/CMSIS/NN/Source/SoftmaxFunctions/arm_softmax_u8.o
     44	      0	      0	     44	     2c	build/apollo5b_evb/arm-none-eabi/src/edge-impulse/edge-impulse-sdk/CMSIS/NN/Source/SoftmaxFunctions/arm_softmax_with_batch_q7.o
   1396	      0	      0	   1396	    574	build/apollo5b_evb/arm-none-eabi/src/edge-impulse/edge-impulse-sdk/CMSIS/NN/Source/SVDFunctions/arm_svdf_s8.o
   1428	      0	      0	   1428	    594	build/apollo5b_evb/arm-none-eabi/src/edge-impulse/edge-impulse-sdk/CMSIS/NN/Source/SVDFunctions/arm_svdf_state_s16_s8.o
  49014	    196	 173200	 222410	  364ca	build/apollo5b_evb/arm-none-eabi/src/fomo.o
   1868	      0	      0	   1868	    74c	build/apollo5b_evb/arm-none-eabi/src/edge-impulse/edge-impulse-sdk/tensorflow/lite/kernels/kernel_util_lite.o
    760	      0	      0	    760	    2f8	build/apollo5b_evb/arm-none-eabi/src/edge-impulse/edge-impulse-sdk/tensorflow/lite/kernels/internal/portable_tensor_utils.o
   2552	      0	      0	   2552	    9f8	build/apollo5b_evb/arm-none-eabi/src/edge-impulse/edge-impulse-sdk/tensorflow/lite/kernels/internal/quantization_util.o
  21044	      0	      0	  21044	   5234	build/apollo5b_evb/arm-none-eabi/src/edge-impulse/edge-impulse-sdk/tensorflow/lite/kernels/internal/reference_portable_tensor_utils.o
   1348	      0	      0	   1348	    544	build/apollo5b_evb/arm-none-eabi/src/edge-impulse/edge-impulse-sdk/tensorflow/lite/kernels/internal/tensor_utils.o
    412	      0	      0	    412	    19c	build/apollo5b_evb/arm-none-eabi/src/edge-impulse/edge-impulse-sdk/tensorflow/lite/micro/kernels/activations.o
   2847	      0	      0	   2847	    b1f	build/apollo5b_evb/arm-none-eabi/src/edge-impulse/edge-impulse-sdk/tensorflow/lite/micro/kernels/activations_common.o
  15775	      0	      0	  15775	   3d9f	build/apollo5b_evb/arm-none-eabi/src/edge-impulse/edge-impulse-sdk/tensorflow/lite/micro/kernels/add.o
    476	      0	      0	    476	    1dc	build/apollo5b_evb/arm-none-eabi/src/edge-impulse/edge-impulse-sdk/tensorflow/lite/micro/kernels/add_common.o
   2103	      0	      0	   2103	    837	build/apollo5b_evb/arm-none-eabi/src/edge-impulse/edge-impulse-sdk/tensorflow/lite/micro/kernels/add_n.o
   3504	      0	      0	   3504	    db0	build/apollo5b_evb/arm-none-eabi/src/edge-impulse/edge-impulse-sdk/tensorflow/lite/micro/kernels/arg_min_max.o
    260	      0	      0	    260	    104	build/apollo5b_evb/arm-none-eabi/src/edge-impulse/edge-impulse-sdk/tensorflow/lite/micro/kernels/assign_variable.o
  27471	      0	      0	  27471	   6b4f	build/apollo5b_evb/arm-none-eabi/src/edge-impulse/edge-impulse-sdk/tensorflow/lite/micro/kernels/batch_matmul.o
   1536	      0	      0	   1536	    600	build/apollo5b_evb/arm-none-eabi/src/edge-impulse/edge-impulse-sdk/tensorflow/lite/micro/kernels/batch_to_space_nd.o
   1720	      0	      0	   1720	    6b8	build/apollo5b_evb/arm-none-eabi/src/edge-impulse/edge-impulse-sdk/tensorflow/lite/micro/kernels/broadcast_args.o
   2324	      0	      0	   2324	    914	build/apollo5b_evb/arm-none-eabi/src/edge-impulse/edge-impulse-sdk/tensorflow/lite/micro/kernels/broadcast_to.o
    148	      0	      0	    148	     94	build/apollo5b_evb/arm-none-eabi/src/edge-impulse/edge-impulse-sdk/tensorflow/lite/micro/kernels/call_once.o
   2552	      0	      0	   2552	    9f8	build/apollo5b_evb/arm-none-eabi/src/edge-impulse/edge-impulse-sdk/tensorflow/lite/micro/kernels/cast.o
    384	      0	      0	    384	    180	build/apollo5b_evb/arm-none-eabi/src/edge-impulse/edge-impulse-sdk/tensorflow/lite/micro/kernels/ceil.o
    316	      0	     40	    356	    164	build/apollo5b_evb/arm-none-eabi/src/edge-impulse/edge-impulse-sdk/tensorflow/lite/micro/kernels/circular_buffer.o
[...]
   1312	      0	      0	   1312	    520	build/apollo5b_evb/arm-none-eabi/src/edge-impulse/edge-impulse-sdk/tensorflow/lite/micro/kernels/depthwise_conv_common.o
    720	      0	      0	    720	    2d0	build/apollo5b_evb/arm-none-eabi/src/edge-impulse/edge-impulse-sdk/tensorflow/lite/micro/kernels/dequantize.o
    136	      0	      0	    136	     88	build/apollo5b_evb/arm-none-eabi/src/edge-impulse/edge-impulse-sdk/tensorflow/lite/micro/kernels/dequantize_common.o
  13372	      0	     40	  13412	   3464	build/apollo5b_evb/arm-none-eabi/src/edge-impulse/edge-impulse-sdk/tensorflow/lite/micro/kernels/detection_postprocess.o
   8111	      0	      0	   8111	   1faf	build/apollo5b_evb/arm-none-eabi/src/edge-impulse/edge-impulse-sdk/tensorflow/lite/micro/kernels/div.o
   6703	      0	      0	   6703	   1a2f	build/apollo5b_evb/arm-none-eabi/src/edge-impulse/edge-impulse-sdk/tensorflow/lite/micro/kernels/elementwise.o
    816	      0	      0	    816	    330	build/apollo5b_evb/arm-none-eabi/src/edge-impulse/edge-impulse-sdk/tensorflow/lite/micro/kernels/elu.o
     13	      0	      0	     13	      d	build/apollo5b_evb/arm-none-eabi/src/edge-impulse/edge-impulse-sdk/tensorflow/lite/micro/kernels/ethosu.o
    408	      0	      0	    408	    198	build/apollo5b_evb/arm-none-eabi/src/edge-impulse/edge-impulse-sdk/tensorflow/lite/micro/kernels/exp.o
    912	      0	      0	    912	    390	build/apollo5b_evb/arm-none-eabi/src/edge-impulse/edge-impulse-sdk/tensorflow/lite/micro/kernels/expand_dims.o
   1528	      0	      0	   1528	    5f8	build/apollo5b_evb/arm-none-eabi/src/edge-impulse/edge-impulse-sdk/tensorflow/lite/micro/kernels/fill.o
    244	      0	      0	    244	     f4	build/apollo5b_evb/arm-none-eabi/src/edge-impulse/edge-impulse-sdk/tensorflow/lite/micro/kernels/floor.o
   1292	      0	      0	   1292	    50c	build/apollo5b_evb/arm-none-eabi/src/edge-impulse/edge-impulse-sdk/tensorflow/lite/micro/kernels/floor_div.o
   1412	      0	      0	   1412	    584	build/apollo5b_evb/arm-none-eabi/src/edge-impulse/edge-impulse-sdk/tensorflow/lite/micro/kernels/floor_mod.o
   1520	      0	      0	   1520	    5f0	build/apollo5b_evb/arm-none-eabi/src/edge-impulse/edge-impulse-sdk/tensorflow/lite/micro/kernels/fully_connected.o
    240	      0	      0	    240	     f0	build/apollo5b_evb/arm-none-eabi/src/edge-impulse/edge-impulse-sdk/tensorflow/lite/micro/kernels/fully_connected_common.o
      0	      0	      0	      0	      0	build/apollo5b_evb/arm-none-eabi/src/edge-impulse/edge-impulse-sdk/tensorflow/lite/micro/kernels/gather.o
   1764	      0	      0	   1764	    6e4	build/apollo5b_evb/arm-none-eabi/src/edge-impulse/edge-impulse-sdk/tensorflow/lite/micro/kernels/gather_nd.o
   1746	      0	      0	   1746	    6d2	build/apollo5b_evb/arm-none-eabi/src/edge-impulse/edge-impulse-sdk/tensorflow/lite/micro/kernels/hard_swish.o
    312	      0	      0	    312	    138	build/apollo5b_evb/arm-none-eabi/src/edge-impulse/edge-impulse-sdk/tensorflow/lite/micro/kernels/hard_swish_common.o
    372	      0	      0	    372	    174	build/apollo5b_evb/arm-none-eabi/src/edge-impulse/edge-impulse-sdk/tensorflow/lite/micro/kernels/if.o
    404	      0	  10000	  10404	   28a4	build/apollo5b_evb/arm-none-eabi/src/edge-impulse/edge-impulse-sdk/tensorflow/lite/micro/kernels/kernel_runner.o
   1392	      0	      0	   1392	    570	build/apollo5b_evb/arm-none-eabi/src/edge-impulse/edge-impulse-sdk/tensorflow/lite/micro/kernels/kernel_util_micro.o
   1400	      0	      0	   1400	    578	build/apollo5b_evb/arm-none-eabi/src/edge-impulse/edge-impulse-sdk/tensorflow/lite/micro/kernels/l2_pool_2d.o
   4576	      0	      0	   4576	   11e0	build/apollo5b_evb/arm-none-eabi/src/edge-impulse/edge-impulse-sdk/tensorflow/lite/micro/kernels/l2norm.o
   2475	      0	      0	   2475	    9ab	build/apollo5b_evb/arm-none-eabi/src/edge-impulse/edge-impulse-sdk/tensorflow/lite/micro/kernels/leaky_relu.o
    392	      0	      0	    392	    188	build/apollo5b_evb/arm-none-eabi/src/edge-impulse/edge-impulse-sdk/tensorflow/lite/micro/kernels/leaky_relu_common.o
   6535	      0	      0	   6535	   1987	build/apollo5b_evb/arm-none-eabi/src/edge-impulse/edge-impulse-sdk/tensorflow/lite/micro/kernels/log_softmax.o
     80	      0	      0	     80	     50	build/apollo5b_evb/arm-none-eabi/src/edge-impulse/edge-impulse-sdk/tensorflow/lite/micro/kernels/logical.o
   1068	      0	      0	   1068	    42c	build/apollo5b_evb/arm-none-eabi/src/edge-impulse/edge-impulse-sdk/tensorflow/lite/micro/kernels/logical_common.o
   3651	      0	      0	   3651	    e43	build/apollo5b_evb/arm-none-eabi/src/edge-impulse/edge-impulse-sdk/tensorflow/lite/micro/kernels/logistic.o
    720	      0	      0	    720	    2d0	build/apollo5b_evb/arm-none-eabi/src/edge-impulse/edge-impulse-sdk/tensorflow/lite/micro/kernels/logistic_common.o
   7272	      0	      0	   7272	   1c68	build/apollo5b_evb/arm-none-eabi/src/edge-impulse/edge-impulse-sdk/tensorflow/lite/micro/kernels/lstm_eval.o
   6728	      0	      0	   6728	   1a48	build/apollo5b_evb/arm-none-eabi/src/edge-impulse/edge-impulse-sdk/tensorflow/lite/micro/kernels/maximum_minimum.o
    252	      0	      0	    252	     fc	build/apollo5b_evb/arm-none-eabi/src/edge-impulse/edge-impulse-sdk/tensorflow/lite/micro/kernels/micro_tensor_utils.o
   1184	      0	      0	   1184	    4a0	build/apollo5b_evb/arm-none-eabi/src/edge-impulse/edge-impulse-sdk/tensorflow/lite/micro/kernels/mirror_pad.o
      0	      0	      0	      0	      0	build/apollo5b_evb/arm-none-eabi/src/edge-impulse/edge-impulse-sdk/tensorflow/lite/micro/kernels/mli_interface.o
      0	      0	      0	      0	      0	build/apollo5b_evb/arm-none-eabi/src/edge-impulse/edge-impulse-sdk/tensorflow/lite/micro/kernels/mli_slicers.o
   7003	      0	      0	   7003	   1b5b	build/apollo5b_evb/arm-none-eabi/src/edge-impulse/edge-impulse-sdk/tensorflow/lite/micro/kernels/mul.o
  15619	      0	      0	  15619	   3d03	build/apollo5b_evb/arm-none-eabi/src/edge-impulse/edge-impulse-sdk/tensorflow/lite/micro/kernels/mul_common.o
    384	      0	      0	    384	    180	build/apollo5b_evb/arm-none-eabi/src/edge-impulse/edge-impulse-sdk/tensorflow/lite/micro/kernels/neg.o
   3492	      0	      0	   3492	    da4	build/apollo5b_evb/arm-none-eabi/src/edge-impulse/edge-impulse-sdk/tensorflow/lite/micro/kernels/pack.o
   7388	      0	      0	   7388	   1cdc	build/apollo5b_evb/arm-none-eabi/src/edge-impulse/edge-impulse-sdk/tensorflow/lite/micro/kernels/pad.o
   1536	      0	      0	   1536	    600	build/apollo5b_evb/arm-none-eabi/src/edge-impulse/edge-impulse-sdk/tensorflow/lite/micro/kernels/pooling.o
   2096	      0	      0	   2096	    830	build/apollo5b_evb/arm-none-eabi/src/edge-impulse/edge-impulse-sdk/tensorflow/lite/micro/kernels/pooling_common.o
   2519	      0	      0	   2519	    9d7	build/apollo5b_evb/arm-none-eabi/src/edge-impulse/edge-impulse-sdk/tensorflow/lite/micro/kernels/prelu.o
   1496	      0	      0	   1496	    5d8	build/apollo5b_evb/arm-none-eabi/src/edge-impulse/edge-impulse-sdk/tensorflow/lite/micro/kernels/prelu_common.o
     56	      0	      0	     56	     38	build/apollo5b_evb/arm-none-eabi/src/edge-impulse/edge-impulse-sdk/tensorflow/lite/micro/kernels/quantize.o
   4047	      0	      0	   4047	    fcf	build/apollo5b_evb/arm-none-eabi/src/edge-impulse/edge-impulse-sdk/tensorflow/lite/micro/kernels/quantize_common.o
    204	      0	      0	    204	     cc	build/apollo5b_evb/arm-none-eabi/src/edge-impulse/edge-impulse-sdk/tensorflow/lite/micro/kernels/read_variable.o
   1104	      0	      0	   1104	    450	build/apollo5b_evb/arm-none-eabi/src/edge-impulse/edge-impulse-sdk/tensorflow/lite/micro/kernels/real.o
    312	      0	      0	    312	    138	build/apollo5b_evb/arm-none-eabi/src/edge-impulse/edge-impulse-sdk/tensorflow/lite/micro/kernels/reduce.o
  11993	      0	      0	  11993	   2ed9	build/apollo5b_evb/arm-none-eabi/src/edge-impulse/edge-impulse-sdk/tensorflow/lite/micro/kernels/reduce_common.o
    376	      0	      0	    376	    178	build/apollo5b_evb/arm-none-eabi/src/edge-impulse/edge-impulse-sdk/tensorflow/lite/micro/kernels/reshape.o
   2952	      0	      0	   2952	    b88	build/apollo5b_evb/arm-none-eabi/src/edge-impulse/edge-impulse-sdk/tensorflow/lite/micro/kernels/resize_bilinear.o
   2956	      0	      0	   2956	    b8c	build/apollo5b_evb/arm-none-eabi/src/edge-impulse/edge-impulse-sdk/tensorflow/lite/micro/kernels/resize_nearest_neighbor.o
   1379	      0	      0	   1379	    563	build/apollo5b_evb/arm-none-eabi/src/edge-impulse/edge-impulse-sdk/tensorflow/lite/micro/kernels/rfft2d.o
    432	      0	      0	    432	    1b0	build/apollo5b_evb/arm-none-eabi/src/edge-impulse/edge-impulse-sdk/tensorflow/lite/micro/kernels/round.o
   8009	      0	      0	   8009	   1f49	build/apollo5b_evb/arm-none-eabi/src/edge-impulse/edge-impulse-sdk/tensorflow/lite/micro/kernels/scatter_nd.o
      0	      0	      0	      0	      0	build/apollo5b_evb/arm-none-eabi/src/edge-impulse/edge-impulse-sdk/tensorflow/lite/micro/kernels/scratch_buf_mgr.o
      0	      0	      0	      0	      0	build/apollo5b_evb/arm-none-eabi/src/edge-impulse/edge-impulse-sdk/tensorflow/lite/micro/kernels/scratch_buffers.o
      0	      0	      0	      0	      0	build/apollo5b_evb/arm-none-eabi/src/edge-impulse/edge-impulse-sdk/tensorflow/lite/micro/kernels/select.o
    208	      0	      0	    208	     d0	build/apollo5b_evb/arm-none-eabi/src/edge-impulse/edge-impulse-sdk/tensorflow/lite/micro/kernels/shape.o
   3816	      0	      0	   3816	    ee8	build/apollo5b_evb/arm-none-eabi/src/edge-impulse/edge-impulse-sdk/tensorflow/lite/micro/kernels/slice.o
    880	      0	      0	    880	    370	build/apollo5b_evb/arm-none-eabi/src/edge-impulse/edge-impulse-sdk/tensorflow/lite/micro/kernels/softmax.o
    332	      0	      0	    332	    14c	build/apollo5b_evb/arm-none-eabi/src/edge-impulse/edge-impulse-sdk/tensorflow/lite/micro/kernels/softmax_common.o
   1764	      0	      0	   1764	    6e4	build/apollo5b_evb/arm-none-eabi/src/edge-impulse/edge-impulse-sdk/tensorflow/lite/micro/kernels/space_to_batch_nd.o
   1916	      0	      0	   1916	    77c	build/apollo5b_evb/arm-none-eabi/src/edge-impulse/edge-impulse-sdk/tensorflow/lite/micro/kernels/space_to_depth.o
   2356	      0	      0	   2356	    934	build/apollo5b_evb/arm-none-eabi/src/edge-impulse/edge-impulse-sdk/tensorflow/lite/micro/kernels/split.o
   2640	      0	      0	   2640	    a50	build/apollo5b_evb/arm-none-eabi/src/edge-impulse/edge-impulse-sdk/tensorflow/lite/micro/kernels/split_v.o
   9171	      0	      0	   9171	   23d3	build/apollo5b_evb/arm-none-eabi/src/edge-impulse/edge-impulse-sdk/tensorflow/lite/micro/kernels/squared_difference.o
    756	      0	      0	    756	    2f4	build/apollo5b_evb/arm-none-eabi/src/edge-impulse/edge-impulse-sdk/tensorflow/lite/micro/kernels/squeeze.o
  19728	      0	      0	  19728	   4d10	build/apollo5b_evb/arm-none-eabi/src/edge-impulse/edge-impulse-sdk/tensorflow/lite/micro/kernels/strided_slice.o
  12579	      0	      0	  12579	   3123	build/apollo5b_evb/arm-none-eabi/src/edge-impulse/edge-impulse-sdk/tensorflow/lite/micro/kernels/sub.o
    404	      0	      0	    404	    194	build/apollo5b_evb/arm-none-eabi/src/edge-impulse/edge-impulse-sdk/tensorflow/lite/micro/kernels/sub_common.o
    872	      0	      0	    872	    368	build/apollo5b_evb/arm-none-eabi/src/edge-impulse/edge-impulse-sdk/tensorflow/lite/micro/kernels/svdf.o
   5331	      0	      0	   5331	   14d3	build/apollo5b_evb/arm-none-eabi/src/edge-impulse/edge-impulse-sdk/tensorflow/lite/micro/kernels/svdf_common.o
   4375	      0	      0	   4375	   1117	build/apollo5b_evb/arm-none-eabi/src/edge-impulse/edge-impulse-sdk/tensorflow/lite/micro/kernels/tanh.o
  15580	      0	      0	  15580	   3cdc	build/apollo5b_evb/arm-none-eabi/src/edge-impulse/edge-impulse-sdk/tensorflow/lite/micro/kernels/tile.o
  28466	      0	      0	  28466	   6f32	build/apollo5b_evb/arm-none-eabi/src/edge-impulse/edge-impulse-sdk/tensorflow/lite/micro/kernels/topk_v2.o
  18472	      0	      0	  18472	   4828	build/apollo5b_evb/arm-none-eabi/src/edge-impulse/edge-impulse-sdk/tensorflow/lite/micro/kernels/transpose.o
   9144	      0	      0	   9144	   23b8	build/apollo5b_evb/arm-none-eabi/src/edge-impulse/edge-impulse-sdk/tensorflow/lite/micro/kernels/transpose_conv.o
   6867	     40	      0	   6907	   1afb	build/apollo5b_evb/arm-none-eabi/src/edge-impulse/edge-impulse-sdk/tensorflow/lite/micro/kernels/tree_ensemble_classifier.o
  12444	      0	      0	  12444	   309c	build/apollo5b_evb/arm-none-eabi/src/edge-impulse/edge-impulse-sdk/tensorflow/lite/micro/kernels/unidirectional_sequence_lstm.o
   2876	      0	      0	   2876	    b3c	build/apollo5b_evb/arm-none-eabi/src/edge-impulse/edge-impulse-sdk/tensorflow/lite/micro/kernels/unpack.o
    140	      0	      0	    140	     8c	build/apollo5b_evb/arm-none-eabi/src/edge-impulse/edge-impulse-sdk/tensorflow/lite/micro/kernels/var_handle.o
    384	      0	      0	    384	    180	build/apollo5b_evb/arm-none-eabi/src/edge-impulse/edge-impulse-sdk/tensorflow/lite/micro/kernels/while.o
    380	      0	      0	    380	    17c	build/apollo5b_evb/arm-none-eabi/src/edge-impulse/edge-impulse-sdk/tensorflow/lite/micro/kernels/zeros_like.o
  11222	      0	      0	  11222	   2bd6	build/apollo5b_evb/arm-none-eabi/src/edge-impulse/edge-impulse-sdk/tensorflow/lite/micro/all_ops_resolver.o
    384	      0	    256	    640	    280	build/apollo5b_evb/arm-none-eabi/src/edge-impulse/edge-impulse-sdk/tensorflow/lite/micro/fake_micro_context.o
     56	      0	      0	     56	     38	build/apollo5b_evb/arm-none-eabi/src/edge-impulse/edge-impulse-sdk/tensorflow/lite/micro/flatbuffer_conversions_bridge.o
    859	      0	      0	    859	    35b	build/apollo5b_evb/arm-none-eabi/src/edge-impulse/edge-impulse-sdk/tensorflow/lite/micro/flatbuffer_utils.o
   1104	      0	      0	   1104	    450	build/apollo5b_evb/arm-none-eabi/src/edge-impulse/edge-impulse-sdk/tensorflow/lite/micro/memory_helpers.o
   3918	      0	      0	   3918	    f4e	build/apollo5b_evb/arm-none-eabi/src/edge-impulse/edge-impulse-sdk/tensorflow/lite/micro/micro_allocation_info.o
   5380	      0	      0	   5380	   1504	build/apollo5b_evb/arm-none-eabi/src/edge-impulse/edge-impulse-sdk/tensorflow/lite/micro/micro_allocator.o
    520	      0	      0	    520	    208	build/apollo5b_evb/arm-none-eabi/src/edge-impulse/edge-impulse-sdk/tensorflow/lite/micro/micro_context.o
    163	      0	      8	    171	     ab	build/apollo5b_evb/arm-none-eabi/src/edge-impulse/edge-impulse-sdk/tensorflow/lite/micro/micro_error_reporter.o
   2268	      0	      0	   2268	    8dc	build/apollo5b_evb/arm-none-eabi/src/edge-impulse/edge-impulse-sdk/tensorflow/lite/micro/micro_graph.o
   2564	      0	      0	   2564	    a04	build/apollo5b_evb/arm-none-eabi/src/edge-impulse/edge-impulse-sdk/tensorflow/lite/micro/micro_interpreter.o
      4	      0	      0	      4	      4	build/apollo5b_evb/arm-none-eabi/src/edge-impulse/edge-impulse-sdk/tensorflow/lite/micro/micro_log.o
    459	      0	      0	    459	    1cb	build/apollo5b_evb/arm-none-eabi/src/edge-impulse/edge-impulse-sdk/tensorflow/lite/micro/micro_profiler.o
    488	      0	      0	    488	    1e8	build/apollo5b_evb/arm-none-eabi/src/edge-impulse/edge-impulse-sdk/tensorflow/lite/micro/micro_resource_variable.o
   1480	      0	      0	   1480	    5c8	build/apollo5b_evb/arm-none-eabi/src/edge-impulse/edge-impulse-sdk/tensorflow/lite/micro/micro_string.o
      8	      0	      0	      8	      8	build/apollo5b_evb/arm-none-eabi/src/edge-impulse/edge-impulse-sdk/tensorflow/lite/micro/micro_time.o
   1016	      0	      0	   1016	    3f8	build/apollo5b_evb/arm-none-eabi/src/edge-impulse/edge-impulse-sdk/tensorflow/lite/micro/micro_utils.o
    330	      0	      0	    330	    14a	build/apollo5b_evb/arm-none-eabi/src/edge-impulse/edge-impulse-sdk/tensorflow/lite/micro/mock_micro_graph.o
    714	      0	      0	    714	    2ca	build/apollo5b_evb/arm-none-eabi/src/edge-impulse/edge-impulse-sdk/tensorflow/lite/micro/non_persistent_arena_buffer_allocator.o
     28	      0	      0	     28	     1c	build/apollo5b_evb/arm-none-eabi/src/edge-impulse/edge-impulse-sdk/tensorflow/lite/micro/op_resolver_bridge.o
    204	      0	      0	    204	     cc	build/apollo5b_evb/arm-none-eabi/src/edge-impulse/edge-impulse-sdk/tensorflow/lite/micro/persistent_arena_buffer_allocator.o
   1391	      0	      0	   1391	    56f	build/apollo5b_evb/arm-none-eabi/src/edge-impulse/edge-impulse-sdk/tensorflow/lite/micro/recording_micro_allocator.o
    683	      0	      0	    683	    2ab	build/apollo5b_evb/arm-none-eabi/src/edge-impulse/edge-impulse-sdk/tensorflow/lite/micro/recording_single_arena_buffer_allocator.o
     84	      0	      0	     84	     54	build/apollo5b_evb/arm-none-eabi/src/edge-impulse/edge-impulse-sdk/tensorflow/lite/micro/schema_utils.o
   1165	      0	      0	   1165	    48d	build/apollo5b_evb/arm-none-eabi/src/edge-impulse/edge-impulse-sdk/tensorflow/lite/micro/single_arena_buffer_allocator.o
      4	      0	      0	      4	      4	build/apollo5b_evb/arm-none-eabi/src/edge-impulse/edge-impulse-sdk/tensorflow/lite/micro/system_setup.o
    384	      0	     37	    421	    1a5	build/apollo5b_evb/arm-none-eabi/src/edge-impulse/edge-impulse-sdk/tensorflow/lite/micro/test_helper_custom_ops.o
  36144	      0	   8479	  44623	   ae4f	build/apollo5b_evb/arm-none-eabi/src/edge-impulse/edge-impulse-sdk/tensorflow/lite/micro/test_helpers.o
   1437	      0	      0	   1437	    59d	build/apollo5b_evb/arm-none-eabi/src/edge-impulse/edge-impulse-sdk/tensorflow/lite/micro/memory_planner/greedy_memory_planner.o
    281	      0	      0	    281	    119	build/apollo5b_evb/arm-none-eabi/src/edge-impulse/edge-impulse-sdk/tensorflow/lite/micro/memory_planner/linear_memory_planner.o
    248	      0	      0	    248	     f8	build/apollo5b_evb/arm-none-eabi/src/edge-impulse/edge-impulse-sdk/tensorflow/lite/micro/memory_planner/non_persistent_buffer_planner_shim.o
    550	      0	      0	    550	    226	build/apollo5b_evb/arm-none-eabi/src/edge-impulse/edge-impulse-sdk/tensorflow/lite/core/api/common.o
     64	      0	      0	     64	     40	build/apollo5b_evb/arm-none-eabi/src/edge-impulse/edge-impulse-sdk/tensorflow/lite/core/api/error_reporter.o
   6264	      0	      0	   6264	   1878	build/apollo5b_evb/arm-none-eabi/src/edge-impulse/edge-impulse-sdk/tensorflow/lite/core/api/flatbuffer_conversions.o
    144	      0	      0	    144	     90	build/apollo5b_evb/arm-none-eabi/src/edge-impulse/edge-impulse-sdk/tensorflow/lite/core/api/op_resolver.o
     44	      0	      0	     44	     2c	build/apollo5b_evb/arm-none-eabi/src/edge-impulse/edge-impulse-sdk/tensorflow/lite/core/api/tensor_utils.o
      0	      0	      0	      0	      0	build/apollo5b_evb/arm-none-eabi/src/edge-impulse/edge-impulse-sdk/classifier/ei_run_classifier_c.o
    788	      0	      0	    788	    314	build/apollo5b_evb/arm-none-eabi/src/edge-impulse/edge-impulse-sdk/dsp/dct/fast-dct-fft.o
   5608	      0	      0	   5608	   15e8	build/apollo5b_evb/arm-none-eabi/src/edge-impulse/edge-impulse-sdk/dsp/kissfft//kiss_fft.o
    943	      0	      0	    943	    3af	build/apollo5b_evb/arm-none-eabi/src/edge-impulse/edge-impulse-sdk/dsp/kissfft//kiss_fftr.o
   3324	      0	      0	   3324	    cfc	build/apollo5b_evb/arm-none-eabi/src/edge-impulse/edge-impulse-sdk/dsp/image/processing.o
      0	      0	      8	      8	      8	build/apollo5b_evb/arm-none-eabi/src/edge-impulse/edge-impulse-sdk/dsp/memory.o
     15	      0	      0	     15	      f	build/apollo5b_evb/arm-none-eabi/src/edge-impulse/edge-impulse-sdk/porting/ambiq/debug_log.o
    206	      0	      0	    206	     ce	build/apollo5b_evb/arm-none-eabi/src/edge-impulse/edge-impulse-sdk/porting/ambiq/ei_classifier_porting.o
  29825	    784	 238152	 268761	  419d9	build/apollo5b_evb/arm-none-eabi/src/edge-impulse/model/tflite-model/tflite_learn_7_compiled.o
 267568	   3372	 493200	 764140	  ba8ec	build/apollo5b_evb/arm-none-eabi/vision.axf
