   text	   data	    bss	    dec	    hex	filename
   1204	   4096	      4	   5304	   14b8	build/apollo5b_eb_revb/arm-none-eabi/src/ns-core/apollo5b/gcc/startup_gcc.o
    968	      0	      0	    968	    3c8	build/apollo5b_eb_revb/arm-none-eabi/src/edge-impulse/edge-impulse-sdk/CMSIS/DSP/Source/TransformFunctions/arm_bitreversal.o
    284	      0	      0	    284	    11c	build/apollo5b_eb_revb/arm-none-eabi/src/edge-impulse/edge-impulse-sdk/CMSIS/DSP/Source/TransformFunctions/arm_bitreversal2.o
    532	      0	      0	    532	    214	build/apollo5b_eb_revb/arm-none-eabi/src/edge-impulse/edge-impulse-sdk/CMSIS/DSP/Source/TransformFunctions/arm_bitreversal_f16.o
   1696	      0	      0	   1696	    6a0	build/apollo5b_eb_revb/arm-none-eabi/src/edge-impulse/edge-impulse-sdk/CMSIS/DSP/Source/TransformFunctions/arm_cfft_f16.o
   1612	      0	      0	   1612	    64c	build/apollo5b_eb_revb/arm-none-eabi/src/edge-impulse/edge-impulse-sdk/CMSIS/DSP/Source/TransformFunctions/arm_cfft_f32.o
    868	      0	      0	    868	    364	build/apollo5b_eb_revb/arm-none-eabi/src/edge-impulse/edge-impulse-sdk/CMSIS/DSP/Source/TransformFunctions/arm_cfft_f64.o
    860	      0	      0	    860	    35c	build/apollo5b_eb_revb/arm-none-eabi/src/edge-impulse/edge-impulse-sdk/CMSIS/DSP/Source/TransformFunctions/arm_cfft_init_f16.o
    860	      0	      0	    860	    35c	build/apollo5b_eb_revb/arm-none-eabi/src/edge-impulse/edge-impulse-sdk/CMSIS/DSP/Source/TransformFunctions/arm_cfft_init_f32.o
    152	      0	      0	    152	     98	build/apollo5b_eb_revb/arm-none-eabi/src/edge-impulse/edge-impulse-sdk/CMSIS/DSP/Source/TransformFunctions/arm_cfft_init_f64.o
    860	      0	      0	    860	    35c	build/apollo5b_eb_revb/arm-none-eabi/src/edge-impulse/edge-impulse-sdk/CMSIS/DSP/Source/TransformFunctions/arm_cfft_init_q15.o
    860	      0	      0	    860	    35c	build/apollo5b_eb_revb/arm-none-eabi/src/edge-impulse/edge-impulse-sdk/CMSIS/DSP/Source/TransformFunctions/arm_cfft_init_q31.o
   1696	      0	      0	   1696	    6a0	build/apollo5b_eb_revb/arm-none-eabi/src/edge-impulse/edge-impulse-sdk/CMSIS/DSP/Source/TransformFunctions/arm_cfft_q15.o
   1608	      0	      0	   1608	    648	build/apollo5b_eb_revb/arm-none-eabi/src/edge-impulse/edge-impulse-sdk/CMSIS/DSP/Source/TransformFunctions/arm_cfft_q31.o
   6640	      0	      0	   6640	   19f0	build/apollo5b_eb_revb/arm-none-eabi/src/edge-impulse/edge-impulse-sdk/CMSIS/DSP/Source/TransformFunctions/arm_cfft_radix2_f16.o
   3616	      0	      0	   3616	    e20	build/apollo5b_eb_revb/arm-none-eabi/src/edge-impulse/edge-impulse-sdk/CMSIS/DSP/Source/TransformFunctions/arm_cfft_radix2_f32.o
    284	      0	      0	    284	    11c	build/apollo5b_eb_revb/arm-none-eabi/src/edge-impulse/edge-impulse-sdk/CMSIS/DSP/Source/TransformFunctions/arm_cfft_radix2_init_f16.o
    284	      0	      0	    284	    11c	build/apollo5b_eb_revb/arm-none-eabi/src/edge-impulse/edge-impulse-sdk/CMSIS/DSP/Source/TransformFunctions/arm_cfft_radix2_init_f32.o
    228	      0	      0	    228	     e4	build/apollo5b_eb_revb/arm-none-eabi/src/edge-impulse/edge-impulse-sdk/CMSIS/DSP/Source/TransformFunctions/arm_cfft_radix2_init_q15.o
    228	      0	      0	    228	     e4	build/apollo5b_eb_revb/arm-none-eabi/src/edge-impulse/edge-impulse-sdk/CMSIS/DSP/Source/TransformFunctions/arm_cfft_radix2_init_q31.o
   1008	      0	      0	   1008	    3f0	build/apollo5b_eb_revb/arm-none-eabi/src/edge-impulse/edge-impulse-sdk/CMSIS/DSP/Source/TransformFunctions/arm_cfft_radix2_q15.o
   1580	      0	      0	   1580	    62c	build/apollo5b_eb_revb/arm-none-eabi/src/edge-impulse/edge-impulse-sdk/CMSIS/DSP/Source/TransformFunctions/arm_cfft_radix2_q31.o
   4928	      0	      0	   4928	   1340	build/apollo5b_eb_revb/arm-none-eabi/src/edge-impulse/edge-impulse-sdk/CMSIS/DSP/Source/TransformFunctions/arm_cfft_radix4_f16.o
   1188	      0	      0	   1188	    4a4	build/apollo5b_eb_revb/arm-none-eabi/src/edge-impulse/edge-impulse-sdk/CMSIS/DSP/Source/TransformFunctions/arm_cfft_radix4_f32.o
    172	      0	      0	    172	     ac	build/apollo5b_eb_revb/arm-none-eabi/src/edge-impulse/edge-impulse-sdk/CMSIS/DSP/Source/TransformFunctions/arm_cfft_radix4_init_f16.o
    172	      0	      0	    172	     ac	build/apollo5b_eb_revb/arm-none-eabi/src/edge-impulse/edge-impulse-sdk/CMSIS/DSP/Source/TransformFunctions/arm_cfft_radix4_init_f32.o
    140	      0	      0	    140	     8c	build/apollo5b_eb_revb/arm-none-eabi/src/edge-impulse/edge-impulse-sdk/CMSIS/DSP/Source/TransformFunctions/arm_cfft_radix4_init_q15.o
    140	      0	      0	    140	     8c	build/apollo5b_eb_revb/arm-none-eabi/src/edge-impulse/edge-impulse-sdk/CMSIS/DSP/Source/TransformFunctions/arm_cfft_radix4_init_q31.o
   1700	      0	      0	   1700	    6a4	build/apollo5b_eb_revb/arm-none-eabi/src/edge-impulse/edge-impulse-sdk/CMSIS/DSP/Source/TransformFunctions/arm_cfft_radix4_q15.o
   2564	      0	      0	   2564	    a04	build/apollo5b_eb_revb/arm-none-eabi/src/edge-impulse/edge-impulse-sdk/CMSIS/DSP/Source/TransformFunctions/arm_cfft_radix4_q31.o
   1548	      0	      0	   1548	    60c	build/apollo5b_eb_revb/arm-none-eabi/src/edge-impulse/edge-impulse-sdk/CMSIS/DSP/Source/TransformFunctions/arm_cfft_radix8_f16.o
   1448	      0	      0	   1448	    5a8	build/apollo5b_eb_revb/arm-none-eabi/src/edge-impulse/edge-impulse-sdk/CMSIS/DSP/Source/TransformFunctions/arm_cfft_radix8_f32.o
    448	      0	      0	    448	    1c0	build/apollo5b_eb_revb/arm-none-eabi/src/edge-impulse/edge-impulse-sdk/CMSIS/DSP/Source/TransformFunctions/arm_dct4_f32.o
    156	      0	      0	    156	     9c	build/apollo5b_eb_revb/arm-none-eabi/src/edge-impulse/edge-impulse-sdk/CMSIS/DSP/Source/TransformFunctions/arm_dct4_init_f32.o
    156	      0	      0	    156	     9c	build/apollo5b_eb_revb/arm-none-eabi/src/edge-impulse/edge-impulse-sdk/CMSIS/DSP/Source/TransformFunctions/arm_dct4_init_q15.o
    156	      0	      0	    156	     9c	build/apollo5b_eb_revb/arm-none-eabi/src/edge-impulse/edge-impulse-sdk/CMSIS/DSP/Source/TransformFunctions/arm_dct4_init_q31.o
    348	      0	      0	    348	    15c	build/apollo5b_eb_revb/arm-none-eabi/src/edge-impulse/edge-impulse-sdk/CMSIS/DSP/Source/TransformFunctions/arm_dct4_q15.o
    328	      0	      0	    328	    148	build/apollo5b_eb_revb/arm-none-eabi/src/edge-impulse/edge-impulse-sdk/CMSIS/DSP/Source/TransformFunctions/arm_dct4_q31.o
    232	      0	      0	    232	     e8	build/apollo5b_eb_revb/arm-none-eabi/src/edge-impulse/edge-impulse-sdk/CMSIS/DSP/Source/TransformFunctions/arm_mfcc_f16.o
    220	      0	      0	    220	     dc	build/apollo5b_eb_revb/arm-none-eabi/src/edge-impulse/edge-impulse-sdk/CMSIS/DSP/Source/TransformFunctions/arm_mfcc_f32.o
     52	      0	      0	     52	     34	build/apollo5b_eb_revb/arm-none-eabi/src/edge-impulse/edge-impulse-sdk/CMSIS/DSP/Source/TransformFunctions/arm_mfcc_init_f16.o
     52	      0	      0	     52	     34	build/apollo5b_eb_revb/arm-none-eabi/src/edge-impulse/edge-impulse-sdk/CMSIS/DSP/Source/TransformFunctions/arm_mfcc_init_f32.o
     52	      0	      0	     52	     34	build/apollo5b_eb_revb/arm-none-eabi/src/edge-impulse/edge-impulse-sdk/CMSIS/DSP/Source/TransformFunctions/arm_mfcc_init_q15.o
     52	      0	      0	     52	     34	build/apollo5b_eb_revb/arm-none-eabi/src/edge-impulse/edge-impulse-sdk/CMSIS/DSP/Source/TransformFunctions/arm_mfcc_init_q31.o
    348	      0	      0	    348	    15c	build/apollo5b_eb_revb/arm-none-eabi/src/edge-impulse/edge-impulse-sdk/CMSIS/DSP/Source/TransformFunctions/arm_mfcc_q15.o
    312	      0	      0	    312	    138	build/apollo5b_eb_revb/arm-none-eabi/src/edge-impulse/edge-impulse-sdk/CMSIS/DSP/Source/TransformFunctions/arm_mfcc_q31.o
    936	      0	      0	    936	    3a8	build/apollo5b_eb_revb/arm-none-eabi/src/edge-impulse/edge-impulse-sdk/CMSIS/DSP/Source/TransformFunctions/arm_rfft_f32.o
   1748	      0	      0	   1748	    6d4	build/apollo5b_eb_revb/arm-none-eabi/src/edge-impulse/edge-impulse-sdk/CMSIS/DSP/Source/TransformFunctions/arm_rfft_fast_f16.o
   1124	      0	      0	   1124	    464	build/apollo5b_eb_revb/arm-none-eabi/src/edge-impulse/edge-impulse-sdk/CMSIS/DSP/Source/TransformFunctions/arm_rfft_fast_f32.o
    396	      0	      0	    396	    18c	build/apollo5b_eb_revb/arm-none-eabi/src/edge-impulse/edge-impulse-sdk/CMSIS/DSP/Source/TransformFunctions/arm_rfft_fast_f64.o
    420	      0	      0	    420	    1a4	build/apollo5b_eb_revb/arm-none-eabi/src/edge-impulse/edge-impulse-sdk/CMSIS/DSP/Source/TransformFunctions/arm_rfft_fast_init_f16.o
    420	      0	      0	    420	    1a4	build/apollo5b_eb_revb/arm-none-eabi/src/edge-impulse/edge-impulse-sdk/CMSIS/DSP/Source/TransformFunctions/arm_rfft_fast_init_f32.o
    616	      0	      0	    616	    268	build/apollo5b_eb_revb/arm-none-eabi/src/edge-impulse/edge-impulse-sdk/CMSIS/DSP/Source/TransformFunctions/arm_rfft_fast_init_f64.o
    148	      0	      0	    148	     94	build/apollo5b_eb_revb/arm-none-eabi/src/edge-impulse/edge-impulse-sdk/CMSIS/DSP/Source/TransformFunctions/arm_rfft_init_f32.o
    244	      0	      0	    244	     f4	build/apollo5b_eb_revb/arm-none-eabi/src/edge-impulse/edge-impulse-sdk/CMSIS/DSP/Source/TransformFunctions/arm_rfft_init_q15.o
    244	      0	      0	    244	     f4	build/apollo5b_eb_revb/arm-none-eabi/src/edge-impulse/edge-impulse-sdk/CMSIS/DSP/Source/TransformFunctions/arm_rfft_init_q31.o
    636	      0	      0	    636	    27c	build/apollo5b_eb_revb/arm-none-eabi/src/edge-impulse/edge-impulse-sdk/CMSIS/DSP/Source/TransformFunctions/arm_rfft_q15.o
    712	      0	      0	    712	    2c8	build/apollo5b_eb_revb/arm-none-eabi/src/edge-impulse/edge-impulse-sdk/CMSIS/DSP/Source/TransformFunctions/arm_rfft_q31.o
 920994	      0	      0	 920994	  e0da2	build/apollo5b_eb_revb/arm-none-eabi/src/edge-impulse/edge-impulse-sdk/CMSIS/DSP/Source/CommonTables/arm_common_tables.o
  49056	      0	      0	  49056	   bfa0	build/apollo5b_eb_revb/arm-none-eabi/src/edge-impulse/edge-impulse-sdk/CMSIS/DSP/Source/CommonTables/arm_common_tables_f16.o
    336	      0	      0	    336	    150	build/apollo5b_eb_revb/arm-none-eabi/src/edge-impulse/edge-impulse-sdk/CMSIS/DSP/Source/CommonTables/arm_const_structs.o
      0	      0	      0	      0	      0	build/apollo5b_eb_revb/arm-none-eabi/src/edge-impulse/edge-impulse-sdk/CMSIS/DSP/Source/CommonTables/arm_const_structs_f16.o
      0	 109368	     72	 109440	  1ab80	build/apollo5b_eb_revb/arm-none-eabi/src/edge-impulse/edge-impulse-sdk/CMSIS/DSP/Source/CommonTables/arm_mve_tables.o
      0	  21960	     24	  21984	   55e0	build/apollo5b_eb_revb/arm-none-eabi/src/edge-impulse/edge-impulse-sdk/CMSIS/DSP/Source/CommonTables/arm_mve_tables_f16.o
     68	      0	      0	     68	     44	build/apollo5b_eb_revb/arm-none-eabi/src/edge-impulse/edge-impulse-sdk/CMSIS/DSP/Source/BasicMathFunctions/arm_abs_f16.o
     76	      0	      0	     76	     4c	build/apollo5b_eb_revb/arm-none-eabi/src/edge-impulse/edge-impulse-sdk/CMSIS/DSP/Source/BasicMathFunctions/arm_abs_f32.o
     32	      0	      0	     32	     20	build/apollo5b_eb_revb/arm-none-eabi/src/edge-impulse/edge-impulse-sdk/CMSIS/DSP/Source/BasicMathFunctions/arm_abs_f64.o
     68	      0	      0	     68	     44	build/apollo5b_eb_revb/arm-none-eabi/src/edge-impulse/edge-impulse-sdk/CMSIS/DSP/Source/BasicMathFunctions/arm_abs_q15.o
     68	      0	      0	     68	     44	build/apollo5b_eb_revb/arm-none-eabi/src/edge-impulse/edge-impulse-sdk/CMSIS/DSP/Source/BasicMathFunctions/arm_abs_q31.o
     84	      0	      0	     84	     54	build/apollo5b_eb_revb/arm-none-eabi/src/edge-impulse/edge-impulse-sdk/CMSIS/DSP/Source/BasicMathFunctions/arm_abs_q7.o
     80	      0	      0	     80	     50	build/apollo5b_eb_revb/arm-none-eabi/src/edge-impulse/edge-impulse-sdk/CMSIS/DSP/Source/BasicMathFunctions/arm_add_f16.o
     92	      0	      0	     92	     5c	build/apollo5b_eb_revb/arm-none-eabi/src/edge-impulse/edge-impulse-sdk/CMSIS/DSP/Source/BasicMathFunctions/arm_add_f32.o
     36	      0	      0	     36	     24	build/apollo5b_eb_revb/arm-none-eabi/src/edge-impulse/edge-impulse-sdk/CMSIS/DSP/Source/BasicMathFunctions/arm_add_f64.o
     80	      0	      0	     80	     50	build/apollo5b_eb_revb/arm-none-eabi/src/edge-impulse/edge-impulse-sdk/CMSIS/DSP/Source/BasicMathFunctions/arm_add_q15.o
     80	      0	      0	     80	     50	build/apollo5b_eb_revb/arm-none-eabi/src/edge-impulse/edge-impulse-sdk/CMSIS/DSP/Source/BasicMathFunctions/arm_add_q31.o
     92	      0	      0	     92	     5c	build/apollo5b_eb_revb/arm-none-eabi/src/edge-impulse/edge-impulse-sdk/CMSIS/DSP/Source/BasicMathFunctions/arm_add_q7.o
     80	      0	      0	     80	     50	build/apollo5b_eb_revb/arm-none-eabi/src/edge-impulse/edge-impulse-sdk/CMSIS/DSP/Source/BasicMathFunctions/arm_and_u16.o
     80	      0	      0	     80	     50	build/apollo5b_eb_revb/arm-none-eabi/src/edge-impulse/edge-impulse-sdk/CMSIS/DSP/Source/BasicMathFunctions/arm_and_u32.o
     92	      0	      0	     92	     5c	build/apollo5b_eb_revb/arm-none-eabi/src/edge-impulse/edge-impulse-sdk/CMSIS/DSP/Source/BasicMathFunctions/arm_and_u8.o
    144	      0	      0	    144	     90	build/apollo5b_eb_revb/arm-none-eabi/src/edge-impulse/edge-impulse-sdk/CMSIS/DSP/Source/BasicMathFunctions/arm_clip_f16.o
    148	      0	      0	    148	     94	build/apollo5b_eb_revb/arm-none-eabi/src/edge-impulse/edge-impulse-sdk/CMSIS/DSP/Source/BasicMathFunctions/arm_clip_f32.o
    136	      0	      0	    136	     88	build/apollo5b_eb_revb/arm-none-eabi/src/edge-impulse/edge-impulse-sdk/CMSIS/DSP/Source/BasicMathFunctions/arm_clip_q15.o
    136	      0	      0	    136	     88	build/apollo5b_eb_revb/arm-none-eabi/src/edge-impulse/edge-impulse-sdk/CMSIS/DSP/Source/BasicMathFunctions/arm_clip_q31.o
    156	      0	      0	    156	     9c	build/apollo5b_eb_revb/arm-none-eabi/src/edge-impulse/edge-impulse-sdk/CMSIS/DSP/Source/BasicMathFunctions/arm_clip_q7.o
    112	      0	      0	    112	     70	build/apollo5b_eb_revb/arm-none-eabi/src/edge-impulse/edge-impulse-sdk/CMSIS/DSP/Source/BasicMathFunctions/arm_dot_prod_f16.o
    112	      0	      0	    112	     70	build/apollo5b_eb_revb/arm-none-eabi/src/edge-impulse/edge-impulse-sdk/CMSIS/DSP/Source/BasicMathFunctions/arm_dot_prod_f32.o
     56	      0	      0	     56	     38	build/apollo5b_eb_revb/arm-none-eabi/src/edge-impulse/edge-impulse-sdk/CMSIS/DSP/Source/BasicMathFunctions/arm_dot_prod_f64.o
     80	      0	      0	     80	     50	build/apollo5b_eb_revb/arm-none-eabi/src/edge-impulse/edge-impulse-sdk/CMSIS/DSP/Source/BasicMathFunctions/arm_dot_prod_q15.o
     96	      0	      0	     96	     60	build/apollo5b_eb_revb/arm-none-eabi/src/edge-impulse/edge-impulse-sdk/CMSIS/DSP/Source/BasicMathFunctions/arm_dot_prod_q31.o
     92	      0	      0	     92	     5c	build/apollo5b_eb_revb/arm-none-eabi/src/edge-impulse/edge-impulse-sdk/CMSIS/DSP/Source/BasicMathFunctions/arm_dot_prod_q7.o
     80	      0	      0	     80	     50	build/apollo5b_eb_revb/arm-none-eabi/src/edge-impulse/edge-impulse-sdk/CMSIS/DSP/Source/BasicMathFunctions/arm_mult_f16.o
     92	      0	      0	     92	     5c	build/apollo5b_eb_revb/arm-none-eabi/src/edge-impulse/edge-impulse-sdk/CMSIS/DSP/Source/BasicMathFunctions/arm_mult_f32.o
     36	      0	      0	     36	     24	build/apollo5b_eb_revb/arm-none-eabi/src/edge-impulse/edge-impulse-sdk/CMSIS/DSP/Source/BasicMathFunctions/arm_mult_f64.o
     80	      0	      0	     80	     50	build/apollo5b_eb_revb/arm-none-eabi/src/edge-impulse/edge-impulse-sdk/CMSIS/DSP/Source/BasicMathFunctions/arm_mult_q15.o
     80	      0	      0	     80	     50	build/apollo5b_eb_revb/arm-none-eabi/src/edge-impulse/edge-impulse-sdk/CMSIS/DSP/Source/BasicMathFunctions/arm_mult_q31.o
     92	      0	      0	     92	     5c	build/apollo5b_eb_revb/arm-none-eabi/src/edge-impulse/edge-impulse-sdk/CMSIS/DSP/Source/BasicMathFunctions/arm_mult_q7.o
     68	      0	      0	     68	     44	build/apollo5b_eb_revb/arm-none-eabi/src/edge-impulse/edge-impulse-sdk/CMSIS/DSP/Source/BasicMathFunctions/arm_negate_f16.o
     76	      0	      0	     76	     4c	build/apollo5b_eb_revb/arm-none-eabi/src/edge-impulse/edge-impulse-sdk/CMSIS/DSP/Source/BasicMathFunctions/arm_negate_f32.o
     32	      0	      0	     32	     20	build/apollo5b_eb_revb/arm-none-eabi/src/edge-impulse/edge-impulse-sdk/CMSIS/DSP/Source/BasicMathFunctions/arm_negate_f64.o
     68	      0	      0	     68	     44	build/apollo5b_eb_revb/arm-none-eabi/src/edge-impulse/edge-impulse-sdk/CMSIS/DSP/Source/BasicMathFunctions/arm_negate_q15.o
     68	      0	      0	     68	     44	build/apollo5b_eb_revb/arm-none-eabi/src/edge-impulse/edge-impulse-sdk/CMSIS/DSP/Source/BasicMathFunctions/arm_negate_q31.o
     84	      0	      0	     84	     54	build/apollo5b_eb_revb/arm-none-eabi/src/edge-impulse/edge-impulse-sdk/CMSIS/DSP/Source/BasicMathFunctions/arm_negate_q7.o
     68	      0	      0	     68	     44	build/apollo5b_eb_revb/arm-none-eabi/src/edge-impulse/edge-impulse-sdk/CMSIS/DSP/Source/BasicMathFunctions/arm_not_u16.o
     68	      0	      0	     68	     44	build/apollo5b_eb_revb/arm-none-eabi/src/edge-impulse/edge-impulse-sdk/CMSIS/DSP/Source/BasicMathFunctions/arm_not_u32.o
     84	      0	      0	     84	     54	build/apollo5b_eb_revb/arm-none-eabi/src/edge-impulse/edge-impulse-sdk/CMSIS/DSP/Source/BasicMathFunctions/arm_not_u8.o
     72	      0	      0	     72	     48	build/apollo5b_eb_revb/arm-none-eabi/src/edge-impulse/edge-impulse-sdk/CMSIS/DSP/Source/BasicMathFunctions/arm_offset_f16.o
     80	      0	      0	     80	     50	build/apollo5b_eb_revb/arm-none-eabi/src/edge-impulse/edge-impulse-sdk/CMSIS/DSP/Source/BasicMathFunctions/arm_offset_f32.o
     32	      0	      0	     32	     20	build/apollo5b_eb_revb/arm-none-eabi/src/edge-impulse/edge-impulse-sdk/CMSIS/DSP/Source/BasicMathFunctions/arm_offset_f64.o
     68	      0	      0	     68	     44	build/apollo5b_eb_revb/arm-none-eabi/src/edge-impulse/edge-impulse-sdk/CMSIS/DSP/Source/BasicMathFunctions/arm_offset_q15.o
     68	      0	      0	     68	     44	build/apollo5b_eb_revb/arm-none-eabi/src/edge-impulse/edge-impulse-sdk/CMSIS/DSP/Source/BasicMathFunctions/arm_offset_q31.o
     84	      0	      0	     84	     54	build/apollo5b_eb_revb/arm-none-eabi/src/edge-impulse/edge-impulse-sdk/CMSIS/DSP/Source/BasicMathFunctions/arm_offset_q7.o
     80	      0	      0	     80	     50	build/apollo5b_eb_revb/arm-none-eabi/src/edge-impulse/edge-impulse-sdk/CMSIS/DSP/Source/BasicMathFunctions/arm_or_u16.o
     80	      0	      0	     80	     50	build/apollo5b_eb_revb/arm-none-eabi/src/edge-impulse/edge-impulse-sdk/CMSIS/DSP/Source/BasicMathFunctions/arm_or_u32.o
     92	      0	      0	     92	     5c	build/apollo5b_eb_revb/arm-none-eabi/src/edge-impulse/edge-impulse-sdk/CMSIS/DSP/Source/BasicMathFunctions/arm_or_u8.o
     72	      0	      0	     72	     48	build/apollo5b_eb_revb/arm-none-eabi/src/edge-impulse/edge-impulse-sdk/CMSIS/DSP/Source/BasicMathFunctions/arm_scale_f16.o
     80	      0	      0	     80	     50	build/apollo5b_eb_revb/arm-none-eabi/src/edge-impulse/edge-impulse-sdk/CMSIS/DSP/Source/BasicMathFunctions/arm_scale_f32.o
     32	      0	      0	     32	     20	build/apollo5b_eb_revb/arm-none-eabi/src/edge-impulse/edge-impulse-sdk/CMSIS/DSP/Source/BasicMathFunctions/arm_scale_f64.o
     88	      0	      0	     88	     58	build/apollo5b_eb_revb/arm-none-eabi/src/edge-impulse/edge-impulse-sdk/CMSIS/DSP/Source/BasicMathFunctions/arm_scale_q15.o
     88	      0	      0	     88	     58	build/apollo5b_eb_revb/arm-none-eabi/src/edge-impulse/edge-impulse-sdk/CMSIS/DSP/Source/BasicMathFunctions/arm_scale_q31.o
    108	      0	      0	    108	     6c	build/apollo5b_eb_revb/arm-none-eabi/src/edge-impulse/edge-impulse-sdk/CMSIS/DSP/Source/BasicMathFunctions/arm_scale_q7.o
     68	      0	      0	     68	     44	build/apollo5b_eb_revb/arm-none-eabi/src/edge-impulse/edge-impulse-sdk/CMSIS/DSP/Source/BasicMathFunctions/arm_shift_q15.o
     68	      0	      0	     68	     44	build/apollo5b_eb_revb/arm-none-eabi/src/edge-impulse/edge-impulse-sdk/CMSIS/DSP/Source/BasicMathFunctions/arm_shift_q31.o
     84	      0	      0	     84	     54	build/apollo5b_eb_revb/arm-none-eabi/src/edge-impulse/edge-impulse-sdk/CMSIS/DSP/Source/BasicMathFunctions/arm_shift_q7.o
     80	      0	      0	     80	     50	build/apollo5b_eb_revb/arm-none-eabi/src/edge-impulse/edge-impulse-sdk/CMSIS/DSP/Source/BasicMathFunctions/arm_sub_f16.o
     92	      0	      0	     92	     5c	build/apollo5b_eb_revb/arm-none-eabi/src/edge-impulse/edge-impulse-sdk/CMSIS/DSP/Source/BasicMathFunctions/arm_sub_f32.o
     36	      0	      0	     36	     24	build/apollo5b_eb_revb/arm-none-eabi/src/edge-impulse/edge-impulse-sdk/CMSIS/DSP/Source/BasicMathFunctions/arm_sub_f64.o
     80	      0	      0	     80	     50	build/apollo5b_eb_revb/arm-none-eabi/src/edge-impulse/edge-impulse-sdk/CMSIS/DSP/Source/BasicMathFunctions/arm_sub_q15.o
     80	      0	      0	     80	     50	build/apollo5b_eb_revb/arm-none-eabi/src/edge-impulse/edge-impulse-sdk/CMSIS/DSP/Source/BasicMathFunctions/arm_sub_q31.o
     92	      0	      0	     92	     5c	build/apollo5b_eb_revb/arm-none-eabi/src/edge-impulse/edge-impulse-sdk/CMSIS/DSP/Source/BasicMathFunctions/arm_sub_q7.o
     80	      0	      0	     80	     50	build/apollo5b_eb_revb/arm-none-eabi/src/edge-impulse/edge-impulse-sdk/CMSIS/DSP/Source/BasicMathFunctions/arm_xor_u16.o
     80	      0	      0	     80	     50	build/apollo5b_eb_revb/arm-none-eabi/src/edge-impulse/edge-impulse-sdk/CMSIS/DSP/Source/BasicMathFunctions/arm_xor_u32.o
     92	      0	      0	     92	     5c	build/apollo5b_eb_revb/arm-none-eabi/src/edge-impulse/edge-impulse-sdk/CMSIS/DSP/Source/BasicMathFunctions/arm_xor_u8.o
    152	      0	      0	    152	     98	build/apollo5b_eb_revb/arm-none-eabi/src/edge-impulse/edge-impulse-sdk/CMSIS/DSP/Source/ComplexMathFunctions/arm_cmplx_conj_f16.o
     88	      0	      0	     88	     58	build/apollo5b_eb_revb/arm-none-eabi/src/edge-impulse/edge-impulse-sdk/CMSIS/DSP/Source/ComplexMathFunctions/arm_cmplx_conj_f32.o
    244	      0	      0	    244	     f4	build/apollo5b_eb_revb/arm-none-eabi/src/edge-impulse/edge-impulse-sdk/CMSIS/DSP/Source/ComplexMathFunctions/arm_cmplx_conj_q15.o
    128	      0	      0	    128	     80	build/apollo5b_eb_revb/arm-none-eabi/src/edge-impulse/edge-impulse-sdk/CMSIS/DSP/Source/ComplexMathFunctions/arm_cmplx_conj_q31.o
    436	      0	      0	    436	    1b4	build/apollo5b_eb_revb/arm-none-eabi/src/edge-impulse/edge-impulse-sdk/CMSIS/DSP/Source/ComplexMathFunctions/arm_cmplx_dot_prod_f16.o
    436	      0	      0	    436	    1b4	build/apollo5b_eb_revb/arm-none-eabi/src/edge-impulse/edge-impulse-sdk/CMSIS/DSP/Source/ComplexMathFunctions/arm_cmplx_dot_prod_f32.o
    460	      0	      0	    460	    1cc	build/apollo5b_eb_revb/arm-none-eabi/src/edge-impulse/edge-impulse-sdk/CMSIS/DSP/Source/ComplexMathFunctions/arm_cmplx_dot_prod_q15.o
    456	      0	      0	    456	    1c8	build/apollo5b_eb_revb/arm-none-eabi/src/edge-impulse/edge-impulse-sdk/CMSIS/DSP/Source/ComplexMathFunctions/arm_cmplx_dot_prod_q31.o
    304	      0	      0	    304	    130	build/apollo5b_eb_revb/arm-none-eabi/src/edge-impulse/edge-impulse-sdk/CMSIS/DSP/Source/ComplexMathFunctions/arm_cmplx_mag_f16.o
    244	      0	      0	    244	     f4	build/apollo5b_eb_revb/arm-none-eabi/src/edge-impulse/edge-impulse-sdk/CMSIS/DSP/Source/ComplexMathFunctions/arm_cmplx_mag_f32.o
     48	      0	      0	     48	     30	build/apollo5b_eb_revb/arm-none-eabi/src/edge-impulse/edge-impulse-sdk/CMSIS/DSP/Source/ComplexMathFunctions/arm_cmplx_mag_f64.o
    264	      0	      0	    264	    108	build/apollo5b_eb_revb/arm-none-eabi/src/edge-impulse/edge-impulse-sdk/CMSIS/DSP/Source/ComplexMathFunctions/arm_cmplx_mag_fast_q15.o
    628	      0	      0	    628	    274	build/apollo5b_eb_revb/arm-none-eabi/src/edge-impulse/edge-impulse-sdk/CMSIS/DSP/Source/ComplexMathFunctions/arm_cmplx_mag_q15.o
    352	      0	      0	    352	    160	build/apollo5b_eb_revb/arm-none-eabi/src/edge-impulse/edge-impulse-sdk/CMSIS/DSP/Source/ComplexMathFunctions/arm_cmplx_mag_q31.o
     72	      0	      0	     72	     48	build/apollo5b_eb_revb/arm-none-eabi/src/edge-impulse/edge-impulse-sdk/CMSIS/DSP/Source/ComplexMathFunctions/arm_cmplx_mag_squared_f16.o
    124	      0	      0	    124	     7c	build/apollo5b_eb_revb/arm-none-eabi/src/edge-impulse/edge-impulse-sdk/CMSIS/DSP/Source/ComplexMathFunctions/arm_cmplx_mag_squared_f32.o
     44	      0	      0	     44	     2c	build/apollo5b_eb_revb/arm-none-eabi/src/edge-impulse/edge-impulse-sdk/CMSIS/DSP/Source/ComplexMathFunctions/arm_cmplx_mag_squared_f64.o
    156	      0	      0	    156	     9c	build/apollo5b_eb_revb/arm-none-eabi/src/edge-impulse/edge-impulse-sdk/CMSIS/DSP/Source/ComplexMathFunctions/arm_cmplx_mag_squared_q15.o
    132	      0	      0	    132	     84	build/apollo5b_eb_revb/arm-none-eabi/src/edge-impulse/edge-impulse-sdk/CMSIS/DSP/Source/ComplexMathFunctions/arm_cmplx_mag_squared_q31.o
    528	      0	      0	    528	    210	build/apollo5b_eb_revb/arm-none-eabi/src/edge-impulse/edge-impulse-sdk/CMSIS/DSP/Source/ComplexMathFunctions/arm_cmplx_mult_cmplx_f16.o
    588	      0	      0	    588	    24c	build/apollo5b_eb_revb/arm-none-eabi/src/edge-impulse/edge-impulse-sdk/CMSIS/DSP/Source/ComplexMathFunctions/arm_cmplx_mult_cmplx_f32.o
     72	      0	      0	     72	     48	build/apollo5b_eb_revb/arm-none-eabi/src/edge-impulse/edge-impulse-sdk/CMSIS/DSP/Source/ComplexMathFunctions/arm_cmplx_mult_cmplx_f64.o
    644	      0	      0	    644	    284	build/apollo5b_eb_revb/arm-none-eabi/src/edge-impulse/edge-impulse-sdk/CMSIS/DSP/Source/ComplexMathFunctions/arm_cmplx_mult_cmplx_q15.o
    580	      0	      0	    580	    244	build/apollo5b_eb_revb/arm-none-eabi/src/edge-impulse/edge-impulse-sdk/CMSIS/DSP/Source/ComplexMathFunctions/arm_cmplx_mult_cmplx_q31.o
    132	      0	      0	    132	     84	build/apollo5b_eb_revb/arm-none-eabi/src/edge-impulse/edge-impulse-sdk/CMSIS/DSP/Source/ComplexMathFunctions/arm_cmplx_mult_real_f16.o
    116	      0	      0	    116	     74	build/apollo5b_eb_revb/arm-none-eabi/src/edge-impulse/edge-impulse-sdk/CMSIS/DSP/Source/ComplexMathFunctions/arm_cmplx_mult_real_f32.o
    220	      0	      0	    220	     dc	build/apollo5b_eb_revb/arm-none-eabi/src/edge-impulse/edge-impulse-sdk/CMSIS/DSP/Source/ComplexMathFunctions/arm_cmplx_mult_real_q15.o
    120	      0	      0	    120	     78	build/apollo5b_eb_revb/arm-none-eabi/src/edge-impulse/edge-impulse-sdk/CMSIS/DSP/Source/ComplexMathFunctions/arm_cmplx_mult_real_q31.o
    500	      0	      0	    500	    1f4	build/apollo5b_eb_revb/arm-none-eabi/src/edge-impulse/edge-impulse-sdk/CMSIS/DSP/Source/FastMathFunctions/arm_atan2_f16.o
    720	      0	      0	    720	    2d0	build/apollo5b_eb_revb/arm-none-eabi/src/edge-impulse/edge-impulse-sdk/CMSIS/DSP/Source/FastMathFunctions/arm_atan2_f32.o
   1044	      0	      0	   1044	    414	build/apollo5b_eb_revb/arm-none-eabi/src/edge-impulse/edge-impulse-sdk/CMSIS/DSP/Source/FastMathFunctions/arm_atan2_q15.o
   2784	      0	      0	   2784	    ae0	build/apollo5b_eb_revb/arm-none-eabi/src/edge-impulse/edge-impulse-sdk/CMSIS/DSP/Source/FastMathFunctions/arm_atan2_q31.o
    164	      0	      0	    164	     a4	build/apollo5b_eb_revb/arm-none-eabi/src/edge-impulse/edge-impulse-sdk/CMSIS/DSP/Source/FastMathFunctions/arm_cos_f32.o
     68	      0	      0	     68	     44	build/apollo5b_eb_revb/arm-none-eabi/src/edge-impulse/edge-impulse-sdk/CMSIS/DSP/Source/FastMathFunctions/arm_cos_q15.o
     68	      0	      0	     68	     44	build/apollo5b_eb_revb/arm-none-eabi/src/edge-impulse/edge-impulse-sdk/CMSIS/DSP/Source/FastMathFunctions/arm_cos_q31.o
    124	      0	      0	    124	     7c	build/apollo5b_eb_revb/arm-none-eabi/src/edge-impulse/edge-impulse-sdk/CMSIS/DSP/Source/FastMathFunctions/arm_divide_q15.o
    128	      0	      0	    128	     80	build/apollo5b_eb_revb/arm-none-eabi/src/edge-impulse/edge-impulse-sdk/CMSIS/DSP/Source/FastMathFunctions/arm_divide_q31.o
    148	      0	      0	    148	     94	build/apollo5b_eb_revb/arm-none-eabi/src/edge-impulse/edge-impulse-sdk/CMSIS/DSP/Source/FastMathFunctions/arm_sin_f32.o
     64	      0	      0	     64	     40	build/apollo5b_eb_revb/arm-none-eabi/src/edge-impulse/edge-impulse-sdk/CMSIS/DSP/Source/FastMathFunctions/arm_sin_q15.o
     68	      0	      0	     68	     44	build/apollo5b_eb_revb/arm-none-eabi/src/edge-impulse/edge-impulse-sdk/CMSIS/DSP/Source/FastMathFunctions/arm_sin_q31.o
    188	      0	      0	    188	     bc	build/apollo5b_eb_revb/arm-none-eabi/src/edge-impulse/edge-impulse-sdk/CMSIS/DSP/Source/FastMathFunctions/arm_sqrt_q15.o
    200	      0	      0	    200	     c8	build/apollo5b_eb_revb/arm-none-eabi/src/edge-impulse/edge-impulse-sdk/CMSIS/DSP/Source/FastMathFunctions/arm_sqrt_q31.o
    416	      0	      0	    416	    1a0	build/apollo5b_eb_revb/arm-none-eabi/src/edge-impulse/edge-impulse-sdk/CMSIS/DSP/Source/FastMathFunctions/arm_vexp_f16.o
    284	      0	      0	    284	    11c	build/apollo5b_eb_revb/arm-none-eabi/src/edge-impulse/edge-impulse-sdk/CMSIS/DSP/Source/FastMathFunctions/arm_vexp_f32.o
     32	      0	      0	     32	     20	build/apollo5b_eb_revb/arm-none-eabi/src/edge-impulse/edge-impulse-sdk/CMSIS/DSP/Source/FastMathFunctions/arm_vexp_f64.o
    376	      0	      0	    376	    178	build/apollo5b_eb_revb/arm-none-eabi/src/edge-impulse/edge-impulse-sdk/CMSIS/DSP/Source/FastMathFunctions/arm_vinverse_f16.o
   1284	     72	      0	   1356	    54c	build/apollo5b_eb_revb/arm-none-eabi/src/edge-impulse/edge-impulse-sdk/CMSIS/DSP/Source/FastMathFunctions/arm_vlog_f16.o
    272	      0	      0	    272	    110	build/apollo5b_eb_revb/arm-none-eabi/src/edge-impulse/edge-impulse-sdk/CMSIS/DSP/Source/FastMathFunctions/arm_vlog_f32.o
     32	      0	      0	     32	     20	build/apollo5b_eb_revb/arm-none-eabi/src/edge-impulse/edge-impulse-sdk/CMSIS/DSP/Source/FastMathFunctions/arm_vlog_f64.o
   1452	      0	      0	   1452	    5ac	build/apollo5b_eb_revb/arm-none-eabi/src/edge-impulse/edge-impulse-sdk/CMSIS/DSP/Source/FastMathFunctions/arm_vlog_q15.o
    372	      0	      0	    372	    174	build/apollo5b_eb_revb/arm-none-eabi/src/edge-impulse/edge-impulse-sdk/CMSIS/DSP/Source/FastMathFunctions/arm_vlog_q31.o
   1224	      0	      0	   1224	    4c8	build/apollo5b_eb_revb/arm-none-eabi/src/edge-impulse/edge-impulse-sdk/CMSIS/DSP/Source/SupportFunctions/arm_barycenter_f16.o
    768	      0	      0	    768	    300	build/apollo5b_eb_revb/arm-none-eabi/src/edge-impulse/edge-impulse-sdk/CMSIS/DSP/Source/SupportFunctions/arm_barycenter_f32.o
    264	      0	      0	    264	    108	build/apollo5b_eb_revb/arm-none-eabi/src/edge-impulse/edge-impulse-sdk/CMSIS/DSP/Source/SupportFunctions/arm_bitonic_sort_f32.o
    100	      0	      0	    100	     64	build/apollo5b_eb_revb/arm-none-eabi/src/edge-impulse/edge-impulse-sdk/CMSIS/DSP/Source/SupportFunctions/arm_bubble_sort_f32.o
     60	      0	      0	     60	     3c	build/apollo5b_eb_revb/arm-none-eabi/src/edge-impulse/edge-impulse-sdk/CMSIS/DSP/Source/SupportFunctions/arm_copy_f16.o
     64	      0	      0	     64	     40	build/apollo5b_eb_revb/arm-none-eabi/src/edge-impulse/edge-impulse-sdk/CMSIS/DSP/Source/SupportFunctions/arm_copy_f32.o
     28	      0	      0	     28	     1c	build/apollo5b_eb_revb/arm-none-eabi/src/edge-impulse/edge-impulse-sdk/CMSIS/DSP/Source/SupportFunctions/arm_copy_f64.o
    180	      0	      0	    180	     b4	build/apollo5b_eb_revb/arm-none-eabi/src/edge-impulse/edge-impulse-sdk/CMSIS/DSP/Source/SupportFunctions/arm_copy_q15.o
     64	      0	      0	     64	     40	build/apollo5b_eb_revb/arm-none-eabi/src/edge-impulse/edge-impulse-sdk/CMSIS/DSP/Source/SupportFunctions/arm_copy_q31.o
    324	      0	      0	    324	    144	build/apollo5b_eb_revb/arm-none-eabi/src/edge-impulse/edge-impulse-sdk/CMSIS/DSP/Source/SupportFunctions/arm_copy_q7.o
     36	      0	      0	     36	     24	build/apollo5b_eb_revb/arm-none-eabi/src/edge-impulse/edge-impulse-sdk/CMSIS/DSP/Source/SupportFunctions/arm_f16_to_float.o
     92	      0	      0	     92	     5c	build/apollo5b_eb_revb/arm-none-eabi/src/edge-impulse/edge-impulse-sdk/CMSIS/DSP/Source/SupportFunctions/arm_f16_to_q15.o
     68	      0	      0	     68	     44	build/apollo5b_eb_revb/arm-none-eabi/src/edge-impulse/edge-impulse-sdk/CMSIS/DSP/Source/SupportFunctions/arm_fill_f16.o
     88	      0	      0	     88	     58	build/apollo5b_eb_revb/arm-none-eabi/src/edge-impulse/edge-impulse-sdk/CMSIS/DSP/Source/SupportFunctions/arm_fill_f32.o
     28	      0	      0	     28	     1c	build/apollo5b_eb_revb/arm-none-eabi/src/edge-impulse/edge-impulse-sdk/CMSIS/DSP/Source/SupportFunctions/arm_fill_f64.o
    128	      0	      0	    128	     80	build/apollo5b_eb_revb/arm-none-eabi/src/edge-impulse/edge-impulse-sdk/CMSIS/DSP/Source/SupportFunctions/arm_fill_q15.o
     80	      0	      0	     80	     50	build/apollo5b_eb_revb/arm-none-eabi/src/edge-impulse/edge-impulse-sdk/CMSIS/DSP/Source/SupportFunctions/arm_fill_q31.o
     80	      0	      0	     80	     50	build/apollo5b_eb_revb/arm-none-eabi/src/edge-impulse/edge-impulse-sdk/CMSIS/DSP/Source/SupportFunctions/arm_fill_q7.o
     36	      0	      0	     36	     24	build/apollo5b_eb_revb/arm-none-eabi/src/edge-impulse/edge-impulse-sdk/CMSIS/DSP/Source/SupportFunctions/arm_float_to_f16.o
    396	      0	      0	    396	    18c	build/apollo5b_eb_revb/arm-none-eabi/src/edge-impulse/edge-impulse-sdk/CMSIS/DSP/Source/SupportFunctions/arm_float_to_q15.o
    252	      0	      0	    252	     fc	build/apollo5b_eb_revb/arm-none-eabi/src/edge-impulse/edge-impulse-sdk/CMSIS/DSP/Source/SupportFunctions/arm_float_to_q31.o
    848	      0	      0	    848	    350	build/apollo5b_eb_revb/arm-none-eabi/src/edge-impulse/edge-impulse-sdk/CMSIS/DSP/Source/SupportFunctions/arm_float_to_q7.o
    236	      0	      0	    236	     ec	build/apollo5b_eb_revb/arm-none-eabi/src/edge-impulse/edge-impulse-sdk/CMSIS/DSP/Source/SupportFunctions/arm_heap_sort_f32.o
    100	      0	      0	    100	     64	build/apollo5b_eb_revb/arm-none-eabi/src/edge-impulse/edge-impulse-sdk/CMSIS/DSP/Source/SupportFunctions/arm_insertion_sort_f32.o
    440	      0	      0	    440	    1b8	build/apollo5b_eb_revb/arm-none-eabi/src/edge-impulse/edge-impulse-sdk/CMSIS/DSP/Source/SupportFunctions/arm_merge_sort_f32.o
      8	      0	      0	      8	      8	build/apollo5b_eb_revb/arm-none-eabi/src/edge-impulse/edge-impulse-sdk/CMSIS/DSP/Source/SupportFunctions/arm_merge_sort_init_f32.o
     68	      0	      0	     68	     44	build/apollo5b_eb_revb/arm-none-eabi/src/edge-impulse/edge-impulse-sdk/CMSIS/DSP/Source/SupportFunctions/arm_q15_to_f16.o
    124	      0	      0	    124	     7c	build/apollo5b_eb_revb/arm-none-eabi/src/edge-impulse/edge-impulse-sdk/CMSIS/DSP/Source/SupportFunctions/arm_q15_to_float.o
     84	      0	      0	     84	     54	build/apollo5b_eb_revb/arm-none-eabi/src/edge-impulse/edge-impulse-sdk/CMSIS/DSP/Source/SupportFunctions/arm_q15_to_q31.o
    240	      0	      0	    240	     f0	build/apollo5b_eb_revb/arm-none-eabi/src/edge-impulse/edge-impulse-sdk/CMSIS/DSP/Source/SupportFunctions/arm_q15_to_q7.o
    112	      0	      0	    112	     70	build/apollo5b_eb_revb/arm-none-eabi/src/edge-impulse/edge-impulse-sdk/CMSIS/DSP/Source/SupportFunctions/arm_q31_to_float.o
    124	      0	      0	    124	     7c	build/apollo5b_eb_revb/arm-none-eabi/src/edge-impulse/edge-impulse-sdk/CMSIS/DSP/Source/SupportFunctions/arm_q31_to_q15.o
    284	      0	      0	    284	    11c	build/apollo5b_eb_revb/arm-none-eabi/src/edge-impulse/edge-impulse-sdk/CMSIS/DSP/Source/SupportFunctions/arm_q31_to_q7.o
    144	      0	      0	    144	     90	build/apollo5b_eb_revb/arm-none-eabi/src/edge-impulse/edge-impulse-sdk/CMSIS/DSP/Source/SupportFunctions/arm_q7_to_float.o
    156	      0	      0	    156	     9c	build/apollo5b_eb_revb/arm-none-eabi/src/edge-impulse/edge-impulse-sdk/CMSIS/DSP/Source/SupportFunctions/arm_q7_to_q15.o
    104	      0	      0	    104	     68	build/apollo5b_eb_revb/arm-none-eabi/src/edge-impulse/edge-impulse-sdk/CMSIS/DSP/Source/SupportFunctions/arm_q7_to_q31.o
    332	      0	      0	    332	    14c	build/apollo5b_eb_revb/arm-none-eabi/src/edge-impulse/edge-impulse-sdk/CMSIS/DSP/Source/SupportFunctions/arm_quick_sort_f32.o
    140	      0	      0	    140	     8c	build/apollo5b_eb_revb/arm-none-eabi/src/edge-impulse/edge-impulse-sdk/CMSIS/DSP/Source/SupportFunctions/arm_selection_sort_f32.o
     76	      0	      0	     76	     4c	build/apollo5b_eb_revb/arm-none-eabi/src/edge-impulse/edge-impulse-sdk/CMSIS/DSP/Source/SupportFunctions/arm_sort_f32.o
      8	      0	      0	      8	      8	build/apollo5b_eb_revb/arm-none-eabi/src/edge-impulse/edge-impulse-sdk/CMSIS/DSP/Source/SupportFunctions/arm_sort_init_f32.o
    276	      0	      0	    276	    114	build/apollo5b_eb_revb/arm-none-eabi/src/edge-impulse/edge-impulse-sdk/CMSIS/DSP/Source/SupportFunctions/arm_weighted_sum_f16.o
    192	      0	      0	    192	     c0	build/apollo5b_eb_revb/arm-none-eabi/src/edge-impulse/edge-impulse-sdk/CMSIS/DSP/Source/SupportFunctions/arm_weighted_sum_f32.o
    512	      0	      0	    512	    200	build/apollo5b_eb_revb/arm-none-eabi/src/edge-impulse/edge-impulse-sdk/CMSIS/DSP/Source/MatrixFunctions/arm_householder_f16.o
    344	      0	      0	    344	    158	build/apollo5b_eb_revb/arm-none-eabi/src/edge-impulse/edge-impulse-sdk/CMSIS/DSP/Source/MatrixFunctions/arm_householder_f32.o
    204	      0	      0	    204	     cc	build/apollo5b_eb_revb/arm-none-eabi/src/edge-impulse/edge-impulse-sdk/CMSIS/DSP/Source/MatrixFunctions/arm_householder_f64.o
    128	      0	      0	    128	     80	build/apollo5b_eb_revb/arm-none-eabi/src/edge-impulse/edge-impulse-sdk/CMSIS/DSP/Source/MatrixFunctions/arm_mat_add_f16.o
    120	      0	      0	    120	     78	build/apollo5b_eb_revb/arm-none-eabi/src/edge-impulse/edge-impulse-sdk/CMSIS/DSP/Source/MatrixFunctions/arm_mat_add_f32.o
    108	      0	      0	    108	     6c	build/apollo5b_eb_revb/arm-none-eabi/src/edge-impulse/edge-impulse-sdk/CMSIS/DSP/Source/MatrixFunctions/arm_mat_add_q15.o
    108	      0	      0	    108	     6c	build/apollo5b_eb_revb/arm-none-eabi/src/edge-impulse/edge-impulse-sdk/CMSIS/DSP/Source/MatrixFunctions/arm_mat_add_q31.o
    880	      0	      0	    880	    370	build/apollo5b_eb_revb/arm-none-eabi/src/edge-impulse/edge-impulse-sdk/CMSIS/DSP/Source/MatrixFunctions/arm_mat_cholesky_f16.o
    952	      0	      0	    952	    3b8	build/apollo5b_eb_revb/arm-none-eabi/src/edge-impulse/edge-impulse-sdk/CMSIS/DSP/Source/MatrixFunctions/arm_mat_cholesky_f32.o
    276	      0	      0	    276	    114	build/apollo5b_eb_revb/arm-none-eabi/src/edge-impulse/edge-impulse-sdk/CMSIS/DSP/Source/MatrixFunctions/arm_mat_cholesky_f64.o
   1972	      0	      0	   1972	    7b4	build/apollo5b_eb_revb/arm-none-eabi/src/edge-impulse/edge-impulse-sdk/CMSIS/DSP/Source/MatrixFunctions/arm_mat_cmplx_mult_f16.o
   3444	      0	      0	   3444	    d74	build/apollo5b_eb_revb/arm-none-eabi/src/edge-impulse/edge-impulse-sdk/CMSIS/DSP/Source/MatrixFunctions/arm_mat_cmplx_mult_f32.o
    680	      0	      0	    680	    2a8	build/apollo5b_eb_revb/arm-none-eabi/src/edge-impulse/edge-impulse-sdk/CMSIS/DSP/Source/MatrixFunctions/arm_mat_cmplx_mult_q15.o
   2572	      0	      0	   2572	    a0c	build/apollo5b_eb_revb/arm-none-eabi/src/edge-impulse/edge-impulse-sdk/CMSIS/DSP/Source/MatrixFunctions/arm_mat_cmplx_mult_q31.o
    164	      0	      0	    164	     a4	build/apollo5b_eb_revb/arm-none-eabi/src/edge-impulse/edge-impulse-sdk/CMSIS/DSP/Source/MatrixFunctions/arm_mat_cmplx_trans_f16.o
    160	      0	      0	    160	     a0	build/apollo5b_eb_revb/arm-none-eabi/src/edge-impulse/edge-impulse-sdk/CMSIS/DSP/Source/MatrixFunctions/arm_mat_cmplx_trans_f32.o
    164	      0	      0	    164	     a4	build/apollo5b_eb_revb/arm-none-eabi/src/edge-impulse/edge-impulse-sdk/CMSIS/DSP/Source/MatrixFunctions/arm_mat_cmplx_trans_q15.o
    160	      0	      0	    160	     a0	build/apollo5b_eb_revb/arm-none-eabi/src/edge-impulse/edge-impulse-sdk/CMSIS/DSP/Source/MatrixFunctions/arm_mat_cmplx_trans_q31.o
      8	      0	      0	      8	      8	build/apollo5b_eb_revb/arm-none-eabi/src/edge-impulse/edge-impulse-sdk/CMSIS/DSP/Source/MatrixFunctions/arm_mat_init_f16.o
      8	      0	      0	      8	      8	build/apollo5b_eb_revb/arm-none-eabi/src/edge-impulse/edge-impulse-sdk/CMSIS/DSP/Source/MatrixFunctions/arm_mat_init_f32.o
      8	      0	      0	      8	      8	build/apollo5b_eb_revb/arm-none-eabi/src/edge-impulse/edge-impulse-sdk/CMSIS/DSP/Source/MatrixFunctions/arm_mat_init_q15.o
      8	      0	      0	      8	      8	build/apollo5b_eb_revb/arm-none-eabi/src/edge-impulse/edge-impulse-sdk/CMSIS/DSP/Source/MatrixFunctions/arm_mat_init_q31.o
   1280	      0	      0	   1280	    500	build/apollo5b_eb_revb/arm-none-eabi/src/edge-impulse/edge-impulse-sdk/CMSIS/DSP/Source/MatrixFunctions/arm_mat_inverse_f16.o
   1372	      0	      0	   1372	    55c	build/apollo5b_eb_revb/arm-none-eabi/src/edge-impulse/edge-impulse-sdk/CMSIS/DSP/Source/MatrixFunctions/arm_mat_inverse_f32.o
    928	      0	      0	    928	    3a0	build/apollo5b_eb_revb/arm-none-eabi/src/edge-impulse/edge-impulse-sdk/CMSIS/DSP/Source/MatrixFunctions/arm_mat_inverse_f64.o
   1240	      0	      0	   1240	    4d8	build/apollo5b_eb_revb/arm-none-eabi/src/edge-impulse/edge-impulse-sdk/CMSIS/DSP/Source/MatrixFunctions/arm_mat_ldlt_f32.o
    724	      0	      0	    724	    2d4	build/apollo5b_eb_revb/arm-none-eabi/src/edge-impulse/edge-impulse-sdk/CMSIS/DSP/Source/MatrixFunctions/arm_mat_ldlt_f64.o
   1272	      0	      0	   1272	    4f8	build/apollo5b_eb_revb/arm-none-eabi/src/edge-impulse/edge-impulse-sdk/CMSIS/DSP/Source/MatrixFunctions/arm_mat_mult_f16.o
   1304	      0	      0	   1304	    518	build/apollo5b_eb_revb/arm-none-eabi/src/edge-impulse/edge-impulse-sdk/CMSIS/DSP/Source/MatrixFunctions/arm_mat_mult_f32.o
    280	      0	      0	    280	    118	build/apollo5b_eb_revb/arm-none-eabi/src/edge-impulse/edge-impulse-sdk/CMSIS/DSP/Source/MatrixFunctions/arm_mat_mult_f64.o
   1184	      0	      0	   1184	    4a0	build/apollo5b_eb_revb/arm-none-eabi/src/edge-impulse/edge-impulse-sdk/CMSIS/DSP/Source/MatrixFunctions/arm_mat_mult_fast_q15.o
    712	      0	      0	    712	    2c8	build/apollo5b_eb_revb/arm-none-eabi/src/edge-impulse/edge-impulse-sdk/CMSIS/DSP/Source/MatrixFunctions/arm_mat_mult_fast_q31.o
   1648	      0	      0	   1648	    670	build/apollo5b_eb_revb/arm-none-eabi/src/edge-impulse/edge-impulse-sdk/CMSIS/DSP/Source/MatrixFunctions/arm_mat_mult_opt_q31.o
   1740	      0	      0	   1740	    6cc	build/apollo5b_eb_revb/arm-none-eabi/src/edge-impulse/edge-impulse-sdk/CMSIS/DSP/Source/MatrixFunctions/arm_mat_mult_q15.o
   1456	      0	      0	   1456	    5b0	build/apollo5b_eb_revb/arm-none-eabi/src/edge-impulse/edge-impulse-sdk/CMSIS/DSP/Source/MatrixFunctions/arm_mat_mult_q31.o
   1588	      0	      0	   1588	    634	build/apollo5b_eb_revb/arm-none-eabi/src/edge-impulse/edge-impulse-sdk/CMSIS/DSP/Source/MatrixFunctions/arm_mat_mult_q7.o
   3732	      0	      0	   3732	    e94	build/apollo5b_eb_revb/arm-none-eabi/src/edge-impulse/edge-impulse-sdk/CMSIS/DSP/Source/MatrixFunctions/arm_mat_qr_f16.o
   2460	      0	      0	   2460	    99c	build/apollo5b_eb_revb/arm-none-eabi/src/edge-impulse/edge-impulse-sdk/CMSIS/DSP/Source/MatrixFunctions/arm_mat_qr_f32.o
   1788	      0	      0	   1788	    6fc	build/apollo5b_eb_revb/arm-none-eabi/src/edge-impulse/edge-impulse-sdk/CMSIS/DSP/Source/MatrixFunctions/arm_mat_qr_f64.o
     92	      0	      0	     92	     5c	build/apollo5b_eb_revb/arm-none-eabi/src/edge-impulse/edge-impulse-sdk/CMSIS/DSP/Source/MatrixFunctions/arm_mat_scale_f16.o
    104	      0	      0	    104	     68	build/apollo5b_eb_revb/arm-none-eabi/src/edge-impulse/edge-impulse-sdk/CMSIS/DSP/Source/MatrixFunctions/arm_mat_scale_f32.o
    104	      0	      0	    104	     68	build/apollo5b_eb_revb/arm-none-eabi/src/edge-impulse/edge-impulse-sdk/CMSIS/DSP/Source/MatrixFunctions/arm_mat_scale_q15.o
    104	      0	      0	    104	     68	build/apollo5b_eb_revb/arm-none-eabi/src/edge-impulse/edge-impulse-sdk/CMSIS/DSP/Source/MatrixFunctions/arm_mat_scale_q31.o
    992	      0	      0	    992	    3e0	build/apollo5b_eb_revb/arm-none-eabi/src/edge-impulse/edge-impulse-sdk/CMSIS/DSP/Source/MatrixFunctions/arm_mat_solve_lower_triangular_f16.o
    664	      0	      0	    664	    298	build/apollo5b_eb_revb/arm-none-eabi/src/edge-impulse/edge-impulse-sdk/CMSIS/DSP/Source/MatrixFunctions/arm_mat_solve_lower_triangular_f32.o
    212	      0	      0	    212	     d4	build/apollo5b_eb_revb/arm-none-eabi/src/edge-impulse/edge-impulse-sdk/CMSIS/DSP/Source/MatrixFunctions/arm_mat_solve_lower_triangular_f64.o
    460	      0	      0	    460	    1cc	build/apollo5b_eb_revb/arm-none-eabi/src/edge-impulse/edge-impulse-sdk/CMSIS/DSP/Source/MatrixFunctions/arm_mat_solve_upper_triangular_f16.o
    432	      0	      0	    432	    1b0	build/apollo5b_eb_revb/arm-none-eabi/src/edge-impulse/edge-impulse-sdk/CMSIS/DSP/Source/MatrixFunctions/arm_mat_solve_upper_triangular_f32.o
    252	      0	      0	    252	     fc	build/apollo5b_eb_revb/arm-none-eabi/src/edge-impulse/edge-impulse-sdk/CMSIS/DSP/Source/MatrixFunctions/arm_mat_solve_upper_triangular_f64.o
    128	      0	      0	    128	     80	build/apollo5b_eb_revb/arm-none-eabi/src/edge-impulse/edge-impulse-sdk/CMSIS/DSP/Source/MatrixFunctions/arm_mat_sub_f16.o
    120	      0	      0	    120	     78	build/apollo5b_eb_revb/arm-none-eabi/src/edge-impulse/edge-impulse-sdk/CMSIS/DSP/Source/MatrixFunctions/arm_mat_sub_f32.o
     56	      0	      0	     56	     38	build/apollo5b_eb_revb/arm-none-eabi/src/edge-impulse/edge-impulse-sdk/CMSIS/DSP/Source/MatrixFunctions/arm_mat_sub_f64.o
    108	      0	      0	    108	     6c	build/apollo5b_eb_revb/arm-none-eabi/src/edge-impulse/edge-impulse-sdk/CMSIS/DSP/Source/MatrixFunctions/arm_mat_sub_q15.o
    108	      0	      0	    108	     6c	build/apollo5b_eb_revb/arm-none-eabi/src/edge-impulse/edge-impulse-sdk/CMSIS/DSP/Source/MatrixFunctions/arm_mat_sub_q31.o
    316	      0	      0	    316	    13c	build/apollo5b_eb_revb/arm-none-eabi/src/edge-impulse/edge-impulse-sdk/CMSIS/DSP/Source/MatrixFunctions/arm_mat_trans_f16.o
    312	      0	      0	    312	    138	build/apollo5b_eb_revb/arm-none-eabi/src/edge-impulse/edge-impulse-sdk/CMSIS/DSP/Source/MatrixFunctions/arm_mat_trans_f32.o
    128	      0	      0	    128	     80	build/apollo5b_eb_revb/arm-none-eabi/src/edge-impulse/edge-impulse-sdk/CMSIS/DSP/Source/MatrixFunctions/arm_mat_trans_f64.o
    312	      0	      0	    312	    138	build/apollo5b_eb_revb/arm-none-eabi/src/edge-impulse/edge-impulse-sdk/CMSIS/DSP/Source/MatrixFunctions/arm_mat_trans_q15.o
    312	      0	      0	    312	    138	build/apollo5b_eb_revb/arm-none-eabi/src/edge-impulse/edge-impulse-sdk/CMSIS/DSP/Source/MatrixFunctions/arm_mat_trans_q31.o
    120	      0	      0	    120	     78	build/apollo5b_eb_revb/arm-none-eabi/src/edge-impulse/edge-impulse-sdk/CMSIS/DSP/Source/MatrixFunctions/arm_mat_trans_q7.o
    848	      0	      0	    848	    350	build/apollo5b_eb_revb/arm-none-eabi/src/edge-impulse/edge-impulse-sdk/CMSIS/DSP/Source/MatrixFunctions/arm_mat_vec_mult_f16.o
    880	      0	      0	    880	    370	build/apollo5b_eb_revb/arm-none-eabi/src/edge-impulse/edge-impulse-sdk/CMSIS/DSP/Source/MatrixFunctions/arm_mat_vec_mult_f32.o
    592	      0	      0	    592	    250	build/apollo5b_eb_revb/arm-none-eabi/src/edge-impulse/edge-impulse-sdk/CMSIS/DSP/Source/MatrixFunctions/arm_mat_vec_mult_q15.o
    580	      0	      0	    580	    244	build/apollo5b_eb_revb/arm-none-eabi/src/edge-impulse/edge-impulse-sdk/CMSIS/DSP/Source/MatrixFunctions/arm_mat_vec_mult_q31.o
    676	      0	      0	    676	    2a4	build/apollo5b_eb_revb/arm-none-eabi/src/edge-impulse/edge-impulse-sdk/CMSIS/DSP/Source/MatrixFunctions/arm_mat_vec_mult_q7.o
    168	      0	      0	    168	     a8	build/apollo5b_eb_revb/arm-none-eabi/src/edge-impulse/edge-impulse-sdk/CMSIS/DSP/Source/StatisticsFunctions/arm_absmax_f16.o
    140	      0	      0	    140	     8c	build/apollo5b_eb_revb/arm-none-eabi/src/edge-impulse/edge-impulse-sdk/CMSIS/DSP/Source/StatisticsFunctions/arm_absmax_f32.o
     84	      0	      0	     84	     54	build/apollo5b_eb_revb/arm-none-eabi/src/edge-impulse/edge-impulse-sdk/CMSIS/DSP/Source/StatisticsFunctions/arm_absmax_f64.o
     96	      0	      0	     96	     60	build/apollo5b_eb_revb/arm-none-eabi/src/edge-impulse/edge-impulse-sdk/CMSIS/DSP/Source/StatisticsFunctions/arm_absmax_no_idx_f16.o
    108	      0	      0	    108	     6c	build/apollo5b_eb_revb/arm-none-eabi/src/edge-impulse/edge-impulse-sdk/CMSIS/DSP/Source/StatisticsFunctions/arm_absmax_no_idx_f32.o
     48	      0	      0	     48	     30	build/apollo5b_eb_revb/arm-none-eabi/src/edge-impulse/edge-impulse-sdk/CMSIS/DSP/Source/StatisticsFunctions/arm_absmax_no_idx_f64.o
     92	      0	      0	     92	     5c	build/apollo5b_eb_revb/arm-none-eabi/src/edge-impulse/edge-impulse-sdk/CMSIS/DSP/Source/StatisticsFunctions/arm_absmax_no_idx_q15.o
    104	      0	      0	    104	     68	build/apollo5b_eb_revb/arm-none-eabi/src/edge-impulse/edge-impulse-sdk/CMSIS/DSP/Source/StatisticsFunctions/arm_absmax_no_idx_q31.o
    104	      0	      0	    104	     68	build/apollo5b_eb_revb/arm-none-eabi/src/edge-impulse/edge-impulse-sdk/CMSIS/DSP/Source/StatisticsFunctions/arm_absmax_no_idx_q7.o
    140	      0	      0	    140	     8c	build/apollo5b_eb_revb/arm-none-eabi/src/edge-impulse/edge-impulse-sdk/CMSIS/DSP/Source/StatisticsFunctions/arm_absmax_q15.o
    140	      0	      0	    140	     8c	build/apollo5b_eb_revb/arm-none-eabi/src/edge-impulse/edge-impulse-sdk/CMSIS/DSP/Source/StatisticsFunctions/arm_absmax_q31.o
   2692	      0	      0	   2692	    a84	build/apollo5b_eb_revb/arm-none-eabi/src/edge-impulse/edge-impulse-sdk/CMSIS/DSP/Source/StatisticsFunctions/arm_absmax_q7.o
    168	      0	      0	    168	     a8	build/apollo5b_eb_revb/arm-none-eabi/src/edge-impulse/edge-impulse-sdk/CMSIS/DSP/Source/StatisticsFunctions/arm_absmin_f16.o
    144	      0	      0	    144	     90	build/apollo5b_eb_revb/arm-none-eabi/src/edge-impulse/edge-impulse-sdk/CMSIS/DSP/Source/StatisticsFunctions/arm_absmin_f32.o
     80	      0	      0	     80	     50	build/apollo5b_eb_revb/arm-none-eabi/src/edge-impulse/edge-impulse-sdk/CMSIS/DSP/Source/StatisticsFunctions/arm_absmin_f64.o
     84	      0	      0	     84	     54	build/apollo5b_eb_revb/arm-none-eabi/src/edge-impulse/edge-impulse-sdk/CMSIS/DSP/Source/StatisticsFunctions/arm_absmin_no_idx_f16.o
    112	      0	      0	    112	     70	build/apollo5b_eb_revb/arm-none-eabi/src/edge-impulse/edge-impulse-sdk/CMSIS/DSP/Source/StatisticsFunctions/arm_absmin_no_idx_f32.o
     48	      0	      0	     48	     30	build/apollo5b_eb_revb/arm-none-eabi/src/edge-impulse/edge-impulse-sdk/CMSIS/DSP/Source/StatisticsFunctions/arm_absmin_no_idx_f64.o
     96	      0	      0	     96	     60	build/apollo5b_eb_revb/arm-none-eabi/src/edge-impulse/edge-impulse-sdk/CMSIS/DSP/Source/StatisticsFunctions/arm_absmin_no_idx_q15.o
    108	      0	      0	    108	     6c	build/apollo5b_eb_revb/arm-none-eabi/src/edge-impulse/edge-impulse-sdk/CMSIS/DSP/Source/StatisticsFunctions/arm_absmin_no_idx_q31.o
    104	      0	      0	    104	     68	build/apollo5b_eb_revb/arm-none-eabi/src/edge-impulse/edge-impulse-sdk/CMSIS/DSP/Source/StatisticsFunctions/arm_absmin_no_idx_q7.o
    148	      0	      0	    148	     94	build/apollo5b_eb_revb/arm-none-eabi/src/edge-impulse/edge-impulse-sdk/CMSIS/DSP/Source/StatisticsFunctions/arm_absmin_q15.o
    160	      0	      0	    160	     a0	build/apollo5b_eb_revb/arm-none-eabi/src/edge-impulse/edge-impulse-sdk/CMSIS/DSP/Source/StatisticsFunctions/arm_absmin_q31.o
   1144	      0	      0	   1144	    478	build/apollo5b_eb_revb/arm-none-eabi/src/edge-impulse/edge-impulse-sdk/CMSIS/DSP/Source/StatisticsFunctions/arm_absmin_q7.o
    456	      0	      0	    456	    1c8	build/apollo5b_eb_revb/arm-none-eabi/src/edge-impulse/edge-impulse-sdk/CMSIS/DSP/Source/StatisticsFunctions/arm_accumulate_f16.o
    104	      0	      0	    104	     68	build/apollo5b_eb_revb/arm-none-eabi/src/edge-impulse/edge-impulse-sdk/CMSIS/DSP/Source/StatisticsFunctions/arm_accumulate_f32.o
     56	      0	      0	     56	     38	build/apollo5b_eb_revb/arm-none-eabi/src/edge-impulse/edge-impulse-sdk/CMSIS/DSP/Source/StatisticsFunctions/arm_accumulate_f64.o
    448	      0	      0	    448	    1c0	build/apollo5b_eb_revb/arm-none-eabi/src/edge-impulse/edge-impulse-sdk/CMSIS/DSP/Source/StatisticsFunctions/arm_entropy_f16.o
    328	      0	      0	    328	    148	build/apollo5b_eb_revb/arm-none-eabi/src/edge-impulse/edge-impulse-sdk/CMSIS/DSP/Source/StatisticsFunctions/arm_entropy_f32.o
     64	      0	      0	     64	     40	build/apollo5b_eb_revb/arm-none-eabi/src/edge-impulse/edge-impulse-sdk/CMSIS/DSP/Source/StatisticsFunctions/arm_entropy_f64.o
    756	      0	      0	    756	    2f4	build/apollo5b_eb_revb/arm-none-eabi/src/edge-impulse/edge-impulse-sdk/CMSIS/DSP/Source/StatisticsFunctions/arm_kullback_leibler_f16.o
    572	      0	      0	    572	    23c	build/apollo5b_eb_revb/arm-none-eabi/src/edge-impulse/edge-impulse-sdk/CMSIS/DSP/Source/StatisticsFunctions/arm_kullback_leibler_f32.o
     72	      0	      0	     72	     48	build/apollo5b_eb_revb/arm-none-eabi/src/edge-impulse/edge-impulse-sdk/CMSIS/DSP/Source/StatisticsFunctions/arm_kullback_leibler_f64.o
     28	      0	      0	     28	     1c	build/apollo5b_eb_revb/arm-none-eabi/src/edge-impulse/edge-impulse-sdk/CMSIS/DSP/Source/StatisticsFunctions/arm_logsumexp_dot_prod_f16.o
     28	      0	      0	     28	     1c	build/apollo5b_eb_revb/arm-none-eabi/src/edge-impulse/edge-impulse-sdk/CMSIS/DSP/Source/StatisticsFunctions/arm_logsumexp_dot_prod_f32.o
    560	      0	      0	    560	    230	build/apollo5b_eb_revb/arm-none-eabi/src/edge-impulse/edge-impulse-sdk/CMSIS/DSP/Source/StatisticsFunctions/arm_logsumexp_f16.o
    380	      0	      0	    380	    17c	build/apollo5b_eb_revb/arm-none-eabi/src/edge-impulse/edge-impulse-sdk/CMSIS/DSP/Source/StatisticsFunctions/arm_logsumexp_f32.o
    356	      0	      0	    356	    164	build/apollo5b_eb_revb/arm-none-eabi/src/edge-impulse/edge-impulse-sdk/CMSIS/DSP/Source/StatisticsFunctions/arm_max_f16.o
    188	      0	      0	    188	     bc	build/apollo5b_eb_revb/arm-none-eabi/src/edge-impulse/edge-impulse-sdk/CMSIS/DSP/Source/StatisticsFunctions/arm_max_f32.o
     76	      0	      0	     76	     4c	build/apollo5b_eb_revb/arm-none-eabi/src/edge-impulse/edge-impulse-sdk/CMSIS/DSP/Source/StatisticsFunctions/arm_max_f64.o
    228	      0	      0	    228	     e4	build/apollo5b_eb_revb/arm-none-eabi/src/edge-impulse/edge-impulse-sdk/CMSIS/DSP/Source/StatisticsFunctions/arm_max_no_idx_f16.o
     96	      0	      0	     96	     60	build/apollo5b_eb_revb/arm-none-eabi/src/edge-impulse/edge-impulse-sdk/CMSIS/DSP/Source/StatisticsFunctions/arm_max_no_idx_f32.o
     56	      0	      0	     56	     38	build/apollo5b_eb_revb/arm-none-eabi/src/edge-impulse/edge-impulse-sdk/CMSIS/DSP/Source/StatisticsFunctions/arm_max_no_idx_f64.o
     72	      0	      0	     72	     48	build/apollo5b_eb_revb/arm-none-eabi/src/edge-impulse/edge-impulse-sdk/CMSIS/DSP/Source/StatisticsFunctions/arm_max_no_idx_q15.o
    108	      0	      0	    108	     6c	build/apollo5b_eb_revb/arm-none-eabi/src/edge-impulse/edge-impulse-sdk/CMSIS/DSP/Source/StatisticsFunctions/arm_max_no_idx_q31.o
     68	      0	      0	     68	     44	build/apollo5b_eb_revb/arm-none-eabi/src/edge-impulse/edge-impulse-sdk/CMSIS/DSP/Source/StatisticsFunctions/arm_max_no_idx_q7.o
    140	      0	      0	    140	     8c	build/apollo5b_eb_revb/arm-none-eabi/src/edge-impulse/edge-impulse-sdk/CMSIS/DSP/Source/StatisticsFunctions/arm_max_q15.o
    144	      0	      0	    144	     90	build/apollo5b_eb_revb/arm-none-eabi/src/edge-impulse/edge-impulse-sdk/CMSIS/DSP/Source/StatisticsFunctions/arm_max_q31.o
   2520	      0	      0	   2520	    9d8	build/apollo5b_eb_revb/arm-none-eabi/src/edge-impulse/edge-impulse-sdk/CMSIS/DSP/Source/StatisticsFunctions/arm_max_q7.o
    128	      0	      0	    128	     80	build/apollo5b_eb_revb/arm-none-eabi/src/edge-impulse/edge-impulse-sdk/CMSIS/DSP/Source/StatisticsFunctions/arm_mean_f16.o
    132	      0	      0	    132	     84	build/apollo5b_eb_revb/arm-none-eabi/src/edge-impulse/edge-impulse-sdk/CMSIS/DSP/Source/StatisticsFunctions/arm_mean_f32.o
     80	      0	      0	     80	     50	build/apollo5b_eb_revb/arm-none-eabi/src/edge-impulse/edge-impulse-sdk/CMSIS/DSP/Source/StatisticsFunctions/arm_mean_f64.o
    120	      0	      0	    120	     78	build/apollo5b_eb_revb/arm-none-eabi/src/edge-impulse/edge-impulse-sdk/CMSIS/DSP/Source/StatisticsFunctions/arm_mean_q15.o
    160	      0	      0	    160	     a0	build/apollo5b_eb_revb/arm-none-eabi/src/edge-impulse/edge-impulse-sdk/CMSIS/DSP/Source/StatisticsFunctions/arm_mean_q31.o
    216	      0	      0	    216	     d8	build/apollo5b_eb_revb/arm-none-eabi/src/edge-impulse/edge-impulse-sdk/CMSIS/DSP/Source/StatisticsFunctions/arm_mean_q7.o
    136	      0	      0	    136	     88	build/apollo5b_eb_revb/arm-none-eabi/src/edge-impulse/edge-impulse-sdk/CMSIS/DSP/Source/StatisticsFunctions/arm_min_f16.o
    200	      0	      0	    200	     c8	build/apollo5b_eb_revb/arm-none-eabi/src/edge-impulse/edge-impulse-sdk/CMSIS/DSP/Source/StatisticsFunctions/arm_min_f32.o
     72	      0	      0	     72	     48	build/apollo5b_eb_revb/arm-none-eabi/src/edge-impulse/edge-impulse-sdk/CMSIS/DSP/Source/StatisticsFunctions/arm_min_f64.o
    228	      0	      0	    228	     e4	build/apollo5b_eb_revb/arm-none-eabi/src/edge-impulse/edge-impulse-sdk/CMSIS/DSP/Source/StatisticsFunctions/arm_min_no_idx_f16.o
     96	      0	      0	     96	     60	build/apollo5b_eb_revb/arm-none-eabi/src/edge-impulse/edge-impulse-sdk/CMSIS/DSP/Source/StatisticsFunctions/arm_min_no_idx_f32.o
     56	      0	      0	     56	     38	build/apollo5b_eb_revb/arm-none-eabi/src/edge-impulse/edge-impulse-sdk/CMSIS/DSP/Source/StatisticsFunctions/arm_min_no_idx_f64.o
     72	      0	      0	     72	     48	build/apollo5b_eb_revb/arm-none-eabi/src/edge-impulse/edge-impulse-sdk/CMSIS/DSP/Source/StatisticsFunctions/arm_min_no_idx_q15.o
    108	      0	      0	    108	     6c	build/apollo5b_eb_revb/arm-none-eabi/src/edge-impulse/edge-impulse-sdk/CMSIS/DSP/Source/StatisticsFunctions/arm_min_no_idx_q31.o
     68	      0	      0	     68	     44	build/apollo5b_eb_revb/arm-none-eabi/src/edge-impulse/edge-impulse-sdk/CMSIS/DSP/Source/StatisticsFunctions/arm_min_no_idx_q7.o
    140	      0	      0	    140	     8c	build/apollo5b_eb_revb/arm-none-eabi/src/edge-impulse/edge-impulse-sdk/CMSIS/DSP/Source/StatisticsFunctions/arm_min_q15.o
    144	      0	      0	    144	     90	build/apollo5b_eb_revb/arm-none-eabi/src/edge-impulse/edge-impulse-sdk/CMSIS/DSP/Source/StatisticsFunctions/arm_min_q31.o
   1304	      0	      0	   1304	    518	build/apollo5b_eb_revb/arm-none-eabi/src/edge-impulse/edge-impulse-sdk/CMSIS/DSP/Source/StatisticsFunctions/arm_min_q7.o
    144	      0	      0	    144	     90	build/apollo5b_eb_revb/arm-none-eabi/src/edge-impulse/edge-impulse-sdk/CMSIS/DSP/Source/StatisticsFunctions/arm_mse_f16.o
    132	      0	      0	    132	     84	build/apollo5b_eb_revb/arm-none-eabi/src/edge-impulse/edge-impulse-sdk/CMSIS/DSP/Source/StatisticsFunctions/arm_mse_f32.o
     88	      0	      0	     88	     58	build/apollo5b_eb_revb/arm-none-eabi/src/edge-impulse/edge-impulse-sdk/CMSIS/DSP/Source/StatisticsFunctions/arm_mse_f64.o
    120	      0	      0	    120	     78	build/apollo5b_eb_revb/arm-none-eabi/src/edge-impulse/edge-impulse-sdk/CMSIS/DSP/Source/StatisticsFunctions/arm_mse_q15.o
    132	      0	      0	    132	     84	build/apollo5b_eb_revb/arm-none-eabi/src/edge-impulse/edge-impulse-sdk/CMSIS/DSP/Source/StatisticsFunctions/arm_mse_q31.o
    128	      0	      0	    128	     80	build/apollo5b_eb_revb/arm-none-eabi/src/edge-impulse/edge-impulse-sdk/CMSIS/DSP/Source/StatisticsFunctions/arm_mse_q7.o
    100	      0	      0	    100	     64	build/apollo5b_eb_revb/arm-none-eabi/src/edge-impulse/edge-impulse-sdk/CMSIS/DSP/Source/StatisticsFunctions/arm_power_f16.o
    120	      0	      0	    120	     78	build/apollo5b_eb_revb/arm-none-eabi/src/edge-impulse/edge-impulse-sdk/CMSIS/DSP/Source/StatisticsFunctions/arm_power_f32.o
     56	      0	      0	     56	     38	build/apollo5b_eb_revb/arm-none-eabi/src/edge-impulse/edge-impulse-sdk/CMSIS/DSP/Source/StatisticsFunctions/arm_power_f64.o
    132	      0	      0	    132	     84	build/apollo5b_eb_revb/arm-none-eabi/src/edge-impulse/edge-impulse-sdk/CMSIS/DSP/Source/StatisticsFunctions/arm_power_q15.o
    136	      0	      0	    136	     88	build/apollo5b_eb_revb/arm-none-eabi/src/edge-impulse/edge-impulse-sdk/CMSIS/DSP/Source/StatisticsFunctions/arm_power_q31.o
    240	      0	      0	    240	     f0	build/apollo5b_eb_revb/arm-none-eabi/src/edge-impulse/edge-impulse-sdk/CMSIS/DSP/Source/StatisticsFunctions/arm_power_q7.o
     84	      0	      0	     84	     54	build/apollo5b_eb_revb/arm-none-eabi/src/edge-impulse/edge-impulse-sdk/CMSIS/DSP/Source/StatisticsFunctions/arm_rms_f16.o
     72	      0	      0	     72	     48	build/apollo5b_eb_revb/arm-none-eabi/src/edge-impulse/edge-impulse-sdk/CMSIS/DSP/Source/StatisticsFunctions/arm_rms_f32.o
     68	      0	      0	     68	     44	build/apollo5b_eb_revb/arm-none-eabi/src/edge-impulse/edge-impulse-sdk/CMSIS/DSP/Source/StatisticsFunctions/arm_rms_q15.o
     72	      0	      0	     72	     48	build/apollo5b_eb_revb/arm-none-eabi/src/edge-impulse/edge-impulse-sdk/CMSIS/DSP/Source/StatisticsFunctions/arm_rms_q31.o
     60	      0	      0	     60	     3c	build/apollo5b_eb_revb/arm-none-eabi/src/edge-impulse/edge-impulse-sdk/CMSIS/DSP/Source/StatisticsFunctions/arm_std_f16.o
     48	      0	      0	     48	     30	build/apollo5b_eb_revb/arm-none-eabi/src/edge-impulse/edge-impulse-sdk/CMSIS/DSP/Source/StatisticsFunctions/arm_std_f32.o
     28	      0	      0	     28	     1c	build/apollo5b_eb_revb/arm-none-eabi/src/edge-impulse/edge-impulse-sdk/CMSIS/DSP/Source/StatisticsFunctions/arm_std_f64.o
     36	      0	      0	     36	     24	build/apollo5b_eb_revb/arm-none-eabi/src/edge-impulse/edge-impulse-sdk/CMSIS/DSP/Source/StatisticsFunctions/arm_std_q15.o
     28	      0	      0	     28	     1c	build/apollo5b_eb_revb/arm-none-eabi/src/edge-impulse/edge-impulse-sdk/CMSIS/DSP/Source/StatisticsFunctions/arm_std_q31.o
    192	      0	      0	    192	     c0	build/apollo5b_eb_revb/arm-none-eabi/src/edge-impulse/edge-impulse-sdk/CMSIS/DSP/Source/StatisticsFunctions/arm_var_f16.o
    240	      0	      0	    240	     f0	build/apollo5b_eb_revb/arm-none-eabi/src/edge-impulse/edge-impulse-sdk/CMSIS/DSP/Source/StatisticsFunctions/arm_var_f32.o
    104	      0	      0	    104	     68	build/apollo5b_eb_revb/arm-none-eabi/src/edge-impulse/edge-impulse-sdk/CMSIS/DSP/Source/StatisticsFunctions/arm_var_f64.o
    376	      0	      0	    376	    178	build/apollo5b_eb_revb/arm-none-eabi/src/edge-impulse/edge-impulse-sdk/CMSIS/DSP/Source/StatisticsFunctions/arm_var_q15.o
    224	      0	      0	    224	     e0	build/apollo5b_eb_revb/arm-none-eabi/src/edge-impulse/edge-impulse-sdk/CMSIS/DSP/Source/StatisticsFunctions/arm_var_q31.o
    120	      0	      0	    120	     78	build/apollo5b_eb_revb/arm-none-eabi/src/edge-impulse/edge-impulse-sdk/CMSIS/NN/Source/ActivationFunctions/arm_nn_activations_q15.o
     64	      0	      0	     64	     40	build/apollo5b_eb_revb/arm-none-eabi/src/edge-impulse/edge-impulse-sdk/CMSIS/NN/Source/ActivationFunctions/arm_nn_activations_q7.o
    468	      0	      0	    468	    1d4	build/apollo5b_eb_revb/arm-none-eabi/src/edge-impulse/edge-impulse-sdk/CMSIS/NN/Source/ActivationFunctions/arm_relu6_s8.o
     32	      0	      0	     32	     20	build/apollo5b_eb_revb/arm-none-eabi/src/edge-impulse/edge-impulse-sdk/CMSIS/NN/Source/ActivationFunctions/arm_relu_q15.o
     24	      0	      0	     24	     18	build/apollo5b_eb_revb/arm-none-eabi/src/edge-impulse/edge-impulse-sdk/CMSIS/NN/Source/ActivationFunctions/arm_relu_q7.o
    892	      0	      0	    892	    37c	build/apollo5b_eb_revb/arm-none-eabi/src/edge-impulse/edge-impulse-sdk/CMSIS/NN/Source/BasicMathFunctions/arm_elementwise_add_s16.o
    388	      0	      0	    388	    184	build/apollo5b_eb_revb/arm-none-eabi/src/edge-impulse/edge-impulse-sdk/CMSIS/NN/Source/BasicMathFunctions/arm_elementwise_add_s8.o
    376	      0	      0	    376	    178	build/apollo5b_eb_revb/arm-none-eabi/src/edge-impulse/edge-impulse-sdk/CMSIS/NN/Source/BasicMathFunctions/arm_elementwise_mul_s16.o
    212	      0	      0	    212	     d4	build/apollo5b_eb_revb/arm-none-eabi/src/edge-impulse/edge-impulse-sdk/CMSIS/NN/Source/BasicMathFunctions/arm_elementwise_mul_s8.o
     48	      0	      0	     48	     30	build/apollo5b_eb_revb/arm-none-eabi/src/edge-impulse/edge-impulse-sdk/CMSIS/NN/Source/ConcatenationFunctions/arm_concatenation_s8_w.o
     60	      0	      0	     60	     3c	build/apollo5b_eb_revb/arm-none-eabi/src/edge-impulse/edge-impulse-sdk/CMSIS/NN/Source/ConcatenationFunctions/arm_concatenation_s8_x.o
     68	      0	      0	     68	     44	build/apollo5b_eb_revb/arm-none-eabi/src/edge-impulse/edge-impulse-sdk/CMSIS/NN/Source/ConcatenationFunctions/arm_concatenation_s8_y.o
     68	      0	      0	     68	     44	build/apollo5b_eb_revb/arm-none-eabi/src/edge-impulse/edge-impulse-sdk/CMSIS/NN/Source/ConcatenationFunctions/arm_concatenation_s8_z.o
    540	      0	      0	    540	    21c	build/apollo5b_eb_revb/arm-none-eabi/src/edge-impulse/edge-impulse-sdk/CMSIS/NN/Source/ConvolutionFunctions/arm_convolve_1_x_n_s8.o
    460	      0	      0	    460	    1cc	build/apollo5b_eb_revb/arm-none-eabi/src/edge-impulse/edge-impulse-sdk/CMSIS/NN/Source/ConvolutionFunctions/arm_convolve_1x1_HWC_q7_fast_nonsquare.o
    212	      0	      0	    212	     d4	build/apollo5b_eb_revb/arm-none-eabi/src/edge-impulse/edge-impulse-sdk/CMSIS/NN/Source/ConvolutionFunctions/arm_convolve_1x1_s8_fast.o
    520	      0	      0	    520	    208	build/apollo5b_eb_revb/arm-none-eabi/src/edge-impulse/edge-impulse-sdk/CMSIS/NN/Source/ConvolutionFunctions/arm_convolve_HWC_q15_basic.o
    544	      0	      0	    544	    220	build/apollo5b_eb_revb/arm-none-eabi/src/edge-impulse/edge-impulse-sdk/CMSIS/NN/Source/ConvolutionFunctions/arm_convolve_HWC_q15_fast.o
    540	      0	      0	    540	    21c	build/apollo5b_eb_revb/arm-none-eabi/src/edge-impulse/edge-impulse-sdk/CMSIS/NN/Source/ConvolutionFunctions/arm_convolve_HWC_q15_fast_nonsquare.o
    504	      0	      0	    504	    1f8	build/apollo5b_eb_revb/arm-none-eabi/src/edge-impulse/edge-impulse-sdk/CMSIS/NN/Source/ConvolutionFunctions/arm_convolve_HWC_q7_RGB.o
    496	      0	      0	    496	    1f0	build/apollo5b_eb_revb/arm-none-eabi/src/edge-impulse/edge-impulse-sdk/CMSIS/NN/Source/ConvolutionFunctions/arm_convolve_HWC_q7_basic.o
    480	      0	      0	    480	    1e0	build/apollo5b_eb_revb/arm-none-eabi/src/edge-impulse/edge-impulse-sdk/CMSIS/NN/Source/ConvolutionFunctions/arm_convolve_HWC_q7_basic_nonsquare.o
    532	      0	      0	    532	    214	build/apollo5b_eb_revb/arm-none-eabi/src/edge-impulse/edge-impulse-sdk/CMSIS/NN/Source/ConvolutionFunctions/arm_convolve_HWC_q7_fast.o
    500	      0	      0	    500	    1f4	build/apollo5b_eb_revb/arm-none-eabi/src/edge-impulse/edge-impulse-sdk/CMSIS/NN/Source/ConvolutionFunctions/arm_convolve_HWC_q7_fast_nonsquare.o
     64	      0	      0	     64	     40	build/apollo5b_eb_revb/arm-none-eabi/src/edge-impulse/edge-impulse-sdk/CMSIS/NN/Source/ConvolutionFunctions/arm_convolve_fast_s16.o
    872	      0	      0	    872	    368	build/apollo5b_eb_revb/arm-none-eabi/src/edge-impulse/edge-impulse-sdk/CMSIS/NN/Source/ConvolutionFunctions/arm_convolve_s16.o
    848	      0	      0	    848	    350	build/apollo5b_eb_revb/arm-none-eabi/src/edge-impulse/edge-impulse-sdk/CMSIS/NN/Source/ConvolutionFunctions/arm_convolve_s8.o
     12	      0	      0	     12	      c	build/apollo5b_eb_revb/arm-none-eabi/src/edge-impulse/edge-impulse-sdk/CMSIS/NN/Source/ConvolutionFunctions/arm_convolve_wrapper_s16.o
    300	      0	      0	    300	    12c	build/apollo5b_eb_revb/arm-none-eabi/src/edge-impulse/edge-impulse-sdk/CMSIS/NN/Source/ConvolutionFunctions/arm_convolve_wrapper_s8.o
   3532	      0	      0	   3532	    dcc	build/apollo5b_eb_revb/arm-none-eabi/src/edge-impulse/edge-impulse-sdk/CMSIS/NN/Source/ConvolutionFunctions/arm_depthwise_conv_3x3_s8.o
   1428	      0	      0	   1428	    594	build/apollo5b_eb_revb/arm-none-eabi/src/edge-impulse/edge-impulse-sdk/CMSIS/NN/Source/ConvolutionFunctions/arm_depthwise_conv_fast_s16.o
    936	      0	      0	    936	    3a8	build/apollo5b_eb_revb/arm-none-eabi/src/edge-impulse/edge-impulse-sdk/CMSIS/NN/Source/ConvolutionFunctions/arm_depthwise_conv_s16.o
   1808	      0	      0	   1808	    710	build/apollo5b_eb_revb/arm-none-eabi/src/edge-impulse/edge-impulse-sdk/CMSIS/NN/Source/ConvolutionFunctions/arm_depthwise_conv_s8.o
   1176	      0	      0	   1176	    498	build/apollo5b_eb_revb/arm-none-eabi/src/edge-impulse/edge-impulse-sdk/CMSIS/NN/Source/ConvolutionFunctions/arm_depthwise_conv_s8_opt.o
   1664	      0	      0	   1664	    680	build/apollo5b_eb_revb/arm-none-eabi/src/edge-impulse/edge-impulse-sdk/CMSIS/NN/Source/ConvolutionFunctions/arm_depthwise_conv_u8_basic_ver1.o
    200	      0	      0	    200	     c8	build/apollo5b_eb_revb/arm-none-eabi/src/edge-impulse/edge-impulse-sdk/CMSIS/NN/Source/ConvolutionFunctions/arm_depthwise_conv_wrapper_s16.o
    164	      0	      0	    164	     a4	build/apollo5b_eb_revb/arm-none-eabi/src/edge-impulse/edge-impulse-sdk/CMSIS/NN/Source/ConvolutionFunctions/arm_depthwise_conv_wrapper_s8.o
    412	      0	      0	    412	    19c	build/apollo5b_eb_revb/arm-none-eabi/src/edge-impulse/edge-impulse-sdk/CMSIS/NN/Source/ConvolutionFunctions/arm_depthwise_separable_conv_HWC_q7.o
    436	      0	      0	    436	    1b4	build/apollo5b_eb_revb/arm-none-eabi/src/edge-impulse/edge-impulse-sdk/CMSIS/NN/Source/ConvolutionFunctions/arm_depthwise_separable_conv_HWC_q7_nonsquare.o
    928	      0	      0	    928	    3a0	build/apollo5b_eb_revb/arm-none-eabi/src/edge-impulse/edge-impulse-sdk/CMSIS/NN/Source/ConvolutionFunctions/arm_nn_depthwise_conv_s8_core.o
    820	      0	      0	    820	    334	build/apollo5b_eb_revb/arm-none-eabi/src/edge-impulse/edge-impulse-sdk/CMSIS/NN/Source/ConvolutionFunctions/arm_nn_mat_mult_kernel_q7_q15.o
    564	      0	      0	    564	    234	build/apollo5b_eb_revb/arm-none-eabi/src/edge-impulse/edge-impulse-sdk/CMSIS/NN/Source/ConvolutionFunctions/arm_nn_mat_mult_kernel_q7_q15_reordered.o
      4	      0	      0	      4	      4	build/apollo5b_eb_revb/arm-none-eabi/src/edge-impulse/edge-impulse-sdk/CMSIS/NN/Source/ConvolutionFunctions/arm_nn_mat_mult_kernel_s8_s16.o
    772	      0	      0	    772	    304	build/apollo5b_eb_revb/arm-none-eabi/src/edge-impulse/edge-impulse-sdk/CMSIS/NN/Source/ConvolutionFunctions/arm_nn_mat_mult_s8.o
    136	      0	      0	    136	     88	build/apollo5b_eb_revb/arm-none-eabi/src/edge-impulse/edge-impulse-sdk/CMSIS/NN/Source/FullyConnectedFunctions/arm_fully_connected_mat_q7_vec_q15.o
    560	      0	      0	    560	    230	build/apollo5b_eb_revb/arm-none-eabi/src/edge-impulse/edge-impulse-sdk/CMSIS/NN/Source/FullyConnectedFunctions/arm_fully_connected_mat_q7_vec_q15_opt.o
    148	      0	      0	    148	     94	build/apollo5b_eb_revb/arm-none-eabi/src/edge-impulse/edge-impulse-sdk/CMSIS/NN/Source/FullyConnectedFunctions/arm_fully_connected_q15.o
    584	      0	      0	    584	    248	build/apollo5b_eb_revb/arm-none-eabi/src/edge-impulse/edge-impulse-sdk/CMSIS/NN/Source/FullyConnectedFunctions/arm_fully_connected_q15_opt.o
    124	      0	      0	    124	     7c	build/apollo5b_eb_revb/arm-none-eabi/src/edge-impulse/edge-impulse-sdk/CMSIS/NN/Source/FullyConnectedFunctions/arm_fully_connected_q7.o
    824	      0	      0	    824	    338	build/apollo5b_eb_revb/arm-none-eabi/src/edge-impulse/edge-impulse-sdk/CMSIS/NN/Source/FullyConnectedFunctions/arm_fully_connected_q7_opt.o
    128	      0	      0	    128	     80	build/apollo5b_eb_revb/arm-none-eabi/src/edge-impulse/edge-impulse-sdk/CMSIS/NN/Source/FullyConnectedFunctions/arm_fully_connected_s16.o
    116	      0	      0	    116	     74	build/apollo5b_eb_revb/arm-none-eabi/src/edge-impulse/edge-impulse-sdk/CMSIS/NN/Source/FullyConnectedFunctions/arm_fully_connected_s8.o
     48	      0	      0	     48	     30	build/apollo5b_eb_revb/arm-none-eabi/src/edge-impulse/edge-impulse-sdk/CMSIS/NN/Source/NNSupportFunctions/arm_nn_accumulate_q7_to_q15.o
     32	      0	      0	     32	     20	build/apollo5b_eb_revb/arm-none-eabi/src/edge-impulse/edge-impulse-sdk/CMSIS/NN/Source/NNSupportFunctions/arm_nn_add_q7.o
    552	      0	      0	    552	    228	build/apollo5b_eb_revb/arm-none-eabi/src/edge-impulse/edge-impulse-sdk/CMSIS/NN/Source/NNSupportFunctions/arm_nn_depthwise_conv_nt_t_padded_s8.o
   1404	      0	      0	   1404	    57c	build/apollo5b_eb_revb/arm-none-eabi/src/edge-impulse/edge-impulse-sdk/CMSIS/NN/Source/NNSupportFunctions/arm_nn_depthwise_conv_nt_t_s16.o
    560	      0	      0	    560	    230	build/apollo5b_eb_revb/arm-none-eabi/src/edge-impulse/edge-impulse-sdk/CMSIS/NN/Source/NNSupportFunctions/arm_nn_depthwise_conv_nt_t_s8.o
    928	      0	      0	    928	    3a0	build/apollo5b_eb_revb/arm-none-eabi/src/edge-impulse/edge-impulse-sdk/CMSIS/NN/Source/NNSupportFunctions/arm_nn_mat_mul_core_1x_s8.o
    600	      0	      0	    600	    258	build/apollo5b_eb_revb/arm-none-eabi/src/edge-impulse/edge-impulse-sdk/CMSIS/NN/Source/NNSupportFunctions/arm_nn_mat_mul_core_4x_s8.o
      4	      0	      0	      4	      4	build/apollo5b_eb_revb/arm-none-eabi/src/edge-impulse/edge-impulse-sdk/CMSIS/NN/Source/NNSupportFunctions/arm_nn_mat_mul_kernel_s16.o
   2476	      0	      0	   2476	    9ac	build/apollo5b_eb_revb/arm-none-eabi/src/edge-impulse/edge-impulse-sdk/CMSIS/NN/Source/NNSupportFunctions/arm_nn_mat_mult_nt_t_s8.o
     48	      0	      0	     48	     30	build/apollo5b_eb_revb/arm-none-eabi/src/edge-impulse/edge-impulse-sdk/CMSIS/NN/Source/NNSupportFunctions/arm_nn_mult_q15.o
     52	      0	      0	     52	     34	build/apollo5b_eb_revb/arm-none-eabi/src/edge-impulse/edge-impulse-sdk/CMSIS/NN/Source/NNSupportFunctions/arm_nn_mult_q7.o
   1220	      0	      0	   1220	    4c4	build/apollo5b_eb_revb/arm-none-eabi/src/edge-impulse/edge-impulse-sdk/CMSIS/NN/Source/NNSupportFunctions/arm_nn_vec_mat_mult_t_s16.o
    912	      0	      0	    912	    390	build/apollo5b_eb_revb/arm-none-eabi/src/edge-impulse/edge-impulse-sdk/CMSIS/NN/Source/NNSupportFunctions/arm_nn_vec_mat_mult_t_s8.o
    824	      0	      0	    824	    338	build/apollo5b_eb_revb/arm-none-eabi/src/edge-impulse/edge-impulse-sdk/CMSIS/NN/Source/NNSupportFunctions/arm_nn_vec_mat_mult_t_svdf_s8.o
   2816	      0	      0	   2816	    b00	build/apollo5b_eb_revb/arm-none-eabi/src/edge-impulse/edge-impulse-sdk/CMSIS/NN/Source/NNSupportFunctions/arm_nntables.o
    112	      0	      0	    112	     70	build/apollo5b_eb_revb/arm-none-eabi/src/edge-impulse/edge-impulse-sdk/CMSIS/NN/Source/NNSupportFunctions/arm_q7_to_q15_no_shift.o
     28	      0	      0	     28	     1c	build/apollo5b_eb_revb/arm-none-eabi/src/edge-impulse/edge-impulse-sdk/CMSIS/NN/Source/NNSupportFunctions/arm_q7_to_q15_reordered_no_shift.o
    124	      0	      0	    124	     7c	build/apollo5b_eb_revb/arm-none-eabi/src/edge-impulse/edge-impulse-sdk/CMSIS/NN/Source/NNSupportFunctions/arm_q7_to_q15_reordered_with_offset.o
    132	      0	      0	    132	     84	build/apollo5b_eb_revb/arm-none-eabi/src/edge-impulse/edge-impulse-sdk/CMSIS/NN/Source/NNSupportFunctions/arm_q7_to_q15_with_offset.o
    688	      0	      0	    688	    2b0	build/apollo5b_eb_revb/arm-none-eabi/src/edge-impulse/edge-impulse-sdk/CMSIS/NN/Source/PoolingFunctions/arm_avgpool_s16.o
   1016	      0	      0	   1016	    3f8	build/apollo5b_eb_revb/arm-none-eabi/src/edge-impulse/edge-impulse-sdk/CMSIS/NN/Source/PoolingFunctions/arm_avgpool_s8.o
    560	      0	      0	    560	    230	build/apollo5b_eb_revb/arm-none-eabi/src/edge-impulse/edge-impulse-sdk/CMSIS/NN/Source/PoolingFunctions/arm_max_pool_s16.o
    584	      0	      0	    584	    248	build/apollo5b_eb_revb/arm-none-eabi/src/edge-impulse/edge-impulse-sdk/CMSIS/NN/Source/PoolingFunctions/arm_max_pool_s8.o
   1228	      0	      0	   1228	    4cc	build/apollo5b_eb_revb/arm-none-eabi/src/edge-impulse/edge-impulse-sdk/CMSIS/NN/Source/PoolingFunctions/arm_pool_q7_HWC.o
     24	      0	      0	     24	     18	build/apollo5b_eb_revb/arm-none-eabi/src/edge-impulse/edge-impulse-sdk/CMSIS/NN/Source/ReshapeFunctions/arm_reshape_s8.o
   4832	      0	      0	   4832	   12e0	build/apollo5b_eb_revb/arm-none-eabi/src/edge-impulse/edge-impulse-sdk/CMSIS/NN/Source/SoftmaxFunctions/arm_nn_softmax_common_s8.o
    164	      0	      0	    164	     a4	build/apollo5b_eb_revb/arm-none-eabi/src/edge-impulse/edge-impulse-sdk/CMSIS/NN/Source/SoftmaxFunctions/arm_softmax_q15.o
    136	      0	      0	    136	     88	build/apollo5b_eb_revb/arm-none-eabi/src/edge-impulse/edge-impulse-sdk/CMSIS/NN/Source/SoftmaxFunctions/arm_softmax_q7.o
    844	      0	      0	    844	    34c	build/apollo5b_eb_revb/arm-none-eabi/src/edge-impulse/edge-impulse-sdk/CMSIS/NN/Source/SoftmaxFunctions/arm_softmax_s16.o
   5860	      0	      0	   5860	   16e4	build/apollo5b_eb_revb/arm-none-eabi/src/edge-impulse/edge-impulse-sdk/CMSIS/NN/Source/SoftmaxFunctions/arm_softmax_s8.o
     28	      0	      0	     28	     1c	build/apollo5b_eb_revb/arm-none-eabi/src/edge-impulse/edge-impulse-sdk/CMSIS/NN/Source/SoftmaxFunctions/arm_softmax_s8_s16.o
   4980	      0	      0	   4980	   1374	build/apollo5b_eb_revb/arm-none-eabi/src/edge-impulse/edge-impulse-sdk/CMSIS/NN/Source/SoftmaxFunctions/arm_softmax_u8.o
     44	      0	      0	     44	     2c	build/apollo5b_eb_revb/arm-none-eabi/src/edge-impulse/edge-impulse-sdk/CMSIS/NN/Source/SoftmaxFunctions/arm_softmax_with_batch_q7.o
   1340	      0	      0	   1340	    53c	build/apollo5b_eb_revb/arm-none-eabi/src/edge-impulse/edge-impulse-sdk/CMSIS/NN/Source/SVDFunctions/arm_svdf_s8.o
   1348	      0	      0	   1348	    544	build/apollo5b_eb_revb/arm-none-eabi/src/edge-impulse/edge-impulse-sdk/CMSIS/NN/Source/SVDFunctions/arm_svdf_state_s16_s8.o
  47973	  37017	  87153	 172143	  2a06f	build/apollo5b_eb_revb/arm-none-eabi/src/fomo.o
   1868	      0	      0	   1868	    74c	build/apollo5b_eb_revb/arm-none-eabi/src/edge-impulse/edge-impulse-sdk/tensorflow/lite/kernels/kernel_util_lite.o
    792	      0	      0	    792	    318	build/apollo5b_eb_revb/arm-none-eabi/src/edge-impulse/edge-impulse-sdk/tensorflow/lite/kernels/internal/portable_tensor_utils.o
   2612	      0	      0	   2612	    a34	build/apollo5b_eb_revb/arm-none-eabi/src/edge-impulse/edge-impulse-sdk/tensorflow/lite/kernels/internal/quantization_util.o
  19036	      0	      0	  19036	   4a5c	build/apollo5b_eb_revb/arm-none-eabi/src/edge-impulse/edge-impulse-sdk/tensorflow/lite/kernels/internal/reference_portable_tensor_utils.o
   1256	      0	      0	   1256	    4e8	build/apollo5b_eb_revb/arm-none-eabi/src/edge-impulse/edge-impulse-sdk/tensorflow/lite/kernels/internal/tensor_utils.o
    412	      0	      0	    412	    19c	build/apollo5b_eb_revb/arm-none-eabi/src/edge-impulse/edge-impulse-sdk/tensorflow/lite/micro/kernels/activations.o
   2867	      0	      0	   2867	    b33	build/apollo5b_eb_revb/arm-none-eabi/src/edge-impulse/edge-impulse-sdk/tensorflow/lite/micro/kernels/activations_common.o
  14443	      0	      0	  14443	   386b	build/apollo5b_eb_revb/arm-none-eabi/src/edge-impulse/edge-impulse-sdk/tensorflow/lite/micro/kernels/add.o
    476	      0	      0	    476	    1dc	build/apollo5b_eb_revb/arm-none-eabi/src/edge-impulse/edge-impulse-sdk/tensorflow/lite/micro/kernels/add_common.o
[...]
   8403	      0	      0	   8403	   20d3	build/apollo5b_eb_revb/arm-none-eabi/src/edge-impulse/edge-impulse-sdk/tensorflow/lite/micro/kernels/div.o
   5919	      0	      0	   5919	   171f	build/apollo5b_eb_revb/arm-none-eabi/src/edge-impulse/edge-impulse-sdk/tensorflow/lite/micro/kernels/elementwise.o
    816	      0	      0	    816	    330	build/apollo5b_eb_revb/arm-none-eabi/src/edge-impulse/edge-impulse-sdk/tensorflow/lite/micro/kernels/elu.o
     13	      0	      0	     13	      d	build/apollo5b_eb_revb/arm-none-eabi/src/edge-impulse/edge-impulse-sdk/tensorflow/lite/micro/kernels/ethosu.o
    384	      0	      0	    384	    180	build/apollo5b_eb_revb/arm-none-eabi/src/edge-impulse/edge-impulse-sdk/tensorflow/lite/micro/kernels/exp.o
    920	      0	      0	    920	    398	build/apollo5b_eb_revb/arm-none-eabi/src/edge-impulse/edge-impulse-sdk/tensorflow/lite/micro/kernels/expand_dims.o
   1584	      0	      0	   1584	    630	build/apollo5b_eb_revb/arm-none-eabi/src/edge-impulse/edge-impulse-sdk/tensorflow/lite/micro/kernels/fill.o
    248	      0	      0	    248	     f8	build/apollo5b_eb_revb/arm-none-eabi/src/edge-impulse/edge-impulse-sdk/tensorflow/lite/micro/kernels/floor.o
   1272	      0	      0	   1272	    4f8	build/apollo5b_eb_revb/arm-none-eabi/src/edge-impulse/edge-impulse-sdk/tensorflow/lite/micro/kernels/floor_div.o
   1400	      0	      0	   1400	    578	build/apollo5b_eb_revb/arm-none-eabi/src/edge-impulse/edge-impulse-sdk/tensorflow/lite/micro/kernels/floor_mod.o
   1524	      0	      0	   1524	    5f4	build/apollo5b_eb_revb/arm-none-eabi/src/edge-impulse/edge-impulse-sdk/tensorflow/lite/micro/kernels/fully_connected.o
    264	      0	      0	    264	    108	build/apollo5b_eb_revb/arm-none-eabi/src/edge-impulse/edge-impulse-sdk/tensorflow/lite/micro/kernels/fully_connected_common.o
      0	      0	      0	      0	      0	build/apollo5b_eb_revb/arm-none-eabi/src/edge-impulse/edge-impulse-sdk/tensorflow/lite/micro/kernels/gather.o
   1628	      0	      0	   1628	    65c	build/apollo5b_eb_revb/arm-none-eabi/src/edge-impulse/edge-impulse-sdk/tensorflow/lite/micro/kernels/gather_nd.o
   1658	      0	      0	   1658	    67a	build/apollo5b_eb_revb/arm-none-eabi/src/edge-impulse/edge-impulse-sdk/tensorflow/lite/micro/kernels/hard_swish.o
    304	      0	      0	    304	    130	build/apollo5b_eb_revb/arm-none-eabi/src/edge-impulse/edge-impulse-sdk/tensorflow/lite/micro/kernels/hard_swish_common.o
    372	      0	      0	    372	    174	build/apollo5b_eb_revb/arm-none-eabi/src/edge-impulse/edge-impulse-sdk/tensorflow/lite/micro/kernels/if.o
    404	      0	  10000	  10404	   28a4	build/apollo5b_eb_revb/arm-none-eabi/src/edge-impulse/edge-impulse-sdk/tensorflow/lite/micro/kernels/kernel_runner.o
   1392	      0	      0	   1392	    570	build/apollo5b_eb_revb/arm-none-eabi/src/edge-impulse/edge-impulse-sdk/tensorflow/lite/micro/kernels/kernel_util_micro.o
   1308	      0	      0	   1308	    51c	build/apollo5b_eb_revb/arm-none-eabi/src/edge-impulse/edge-impulse-sdk/tensorflow/lite/micro/kernels/l2_pool_2d.o
   3964	      0	      0	   3964	    f7c	build/apollo5b_eb_revb/arm-none-eabi/src/edge-impulse/edge-impulse-sdk/tensorflow/lite/micro/kernels/l2norm.o
   2335	      0	      0	   2335	    91f	build/apollo5b_eb_revb/arm-none-eabi/src/edge-impulse/edge-impulse-sdk/tensorflow/lite/micro/kernels/leaky_relu.o
    392	      0	      0	    392	    188	build/apollo5b_eb_revb/arm-none-eabi/src/edge-impulse/edge-impulse-sdk/tensorflow/lite/micro/kernels/leaky_relu_common.o
   5279	      0	      0	   5279	   149f	build/apollo5b_eb_revb/arm-none-eabi/src/edge-impulse/edge-impulse-sdk/tensorflow/lite/micro/kernels/log_softmax.o
     80	      0	      0	     80	     50	build/apollo5b_eb_revb/arm-none-eabi/src/edge-impulse/edge-impulse-sdk/tensorflow/lite/micro/kernels/logical.o
   1084	      0	      0	   1084	    43c	build/apollo5b_eb_revb/arm-none-eabi/src/edge-impulse/edge-impulse-sdk/tensorflow/lite/micro/kernels/logical_common.o
   3495	      0	      0	   3495	    da7	build/apollo5b_eb_revb/arm-none-eabi/src/edge-impulse/edge-impulse-sdk/tensorflow/lite/micro/kernels/logistic.o
    720	      0	      0	    720	    2d0	build/apollo5b_eb_revb/arm-none-eabi/src/edge-impulse/edge-impulse-sdk/tensorflow/lite/micro/kernels/logistic_common.o
   7196	      0	      0	   7196	   1c1c	build/apollo5b_eb_revb/arm-none-eabi/src/edge-impulse/edge-impulse-sdk/tensorflow/lite/micro/kernels/lstm_eval.o
   7268	      0	      0	   7268	   1c64	build/apollo5b_eb_revb/arm-none-eabi/src/edge-impulse/edge-impulse-sdk/tensorflow/lite/micro/kernels/maximum_minimum.o
    252	      0	      0	    252	     fc	build/apollo5b_eb_revb/arm-none-eabi/src/edge-impulse/edge-impulse-sdk/tensorflow/lite/micro/kernels/micro_tensor_utils.o
   1140	      0	      0	   1140	    474	build/apollo5b_eb_revb/arm-none-eabi/src/edge-impulse/edge-impulse-sdk/tensorflow/lite/micro/kernels/mirror_pad.o
      0	      0	      0	      0	      0	build/apollo5b_eb_revb/arm-none-eabi/src/edge-impulse/edge-impulse-sdk/tensorflow/lite/micro/kernels/mli_interface.o
      0	      0	      0	      0	      0	build/apollo5b_eb_revb/arm-none-eabi/src/edge-impulse/edge-impulse-sdk/tensorflow/lite/micro/kernels/mli_slicers.o
   6959	      0	      0	   6959	   1b2f	build/apollo5b_eb_revb/arm-none-eabi/src/edge-impulse/edge-impulse-sdk/tensorflow/lite/micro/kernels/mul.o
  15171	      0	      0	  15171	   3b43	build/apollo5b_eb_revb/arm-none-eabi/src/edge-impulse/edge-impulse-sdk/tensorflow/lite/micro/kernels/mul_common.o
    396	      0	      0	    396	    18c	build/apollo5b_eb_revb/arm-none-eabi/src/edge-impulse/edge-impulse-sdk/tensorflow/lite/micro/kernels/neg.o
   3420	      0	      0	   3420	    d5c	build/apollo5b_eb_revb/arm-none-eabi/src/edge-impulse/edge-impulse-sdk/tensorflow/lite/micro/kernels/pack.o
   6536	      0	      0	   6536	   1988	build/apollo5b_eb_revb/arm-none-eabi/src/edge-impulse/edge-impulse-sdk/tensorflow/lite/micro/kernels/pad.o
   1544	      0	      0	   1544	    608	build/apollo5b_eb_revb/arm-none-eabi/src/edge-impulse/edge-impulse-sdk/tensorflow/lite/micro/kernels/pooling.o
   1868	      0	      0	   1868	    74c	build/apollo5b_eb_revb/arm-none-eabi/src/edge-impulse/edge-impulse-sdk/tensorflow/lite/micro/kernels/pooling_common.o
   2383	      0	      0	   2383	    94f	build/apollo5b_eb_revb/arm-none-eabi/src/edge-impulse/edge-impulse-sdk/tensorflow/lite/micro/kernels/prelu.o
   1512	      0	      0	   1512	    5e8	build/apollo5b_eb_revb/arm-none-eabi/src/edge-impulse/edge-impulse-sdk/tensorflow/lite/micro/kernels/prelu_common.o
     56	      0	      0	     56	     38	build/apollo5b_eb_revb/arm-none-eabi/src/edge-impulse/edge-impulse-sdk/tensorflow/lite/micro/kernels/quantize.o
   3959	      0	      0	   3959	    f77	build/apollo5b_eb_revb/arm-none-eabi/src/edge-impulse/edge-impulse-sdk/tensorflow/lite/micro/kernels/quantize_common.o
    204	      0	      0	    204	     cc	build/apollo5b_eb_revb/arm-none-eabi/src/edge-impulse/edge-impulse-sdk/tensorflow/lite/micro/kernels/read_variable.o
   1120	      0	      0	   1120	    460	build/apollo5b_eb_revb/arm-none-eabi/src/edge-impulse/edge-impulse-sdk/tensorflow/lite/micro/kernels/real.o
    312	      0	      0	    312	    138	build/apollo5b_eb_revb/arm-none-eabi/src/edge-impulse/edge-impulse-sdk/tensorflow/lite/micro/kernels/reduce.o
  11921	      0	      0	  11921	   2e91	build/apollo5b_eb_revb/arm-none-eabi/src/edge-impulse/edge-impulse-sdk/tensorflow/lite/micro/kernels/reduce_common.o
    388	      0	      0	    388	    184	build/apollo5b_eb_revb/arm-none-eabi/src/edge-impulse/edge-impulse-sdk/tensorflow/lite/micro/kernels/reshape.o
   2956	      0	      0	   2956	    b8c	build/apollo5b_eb_revb/arm-none-eabi/src/edge-impulse/edge-impulse-sdk/tensorflow/lite/micro/kernels/resize_bilinear.o
   3044	      0	      0	   3044	    be4	build/apollo5b_eb_revb/arm-none-eabi/src/edge-impulse/edge-impulse-sdk/tensorflow/lite/micro/kernels/resize_nearest_neighbor.o
   1375	      0	      0	   1375	    55f	build/apollo5b_eb_revb/arm-none-eabi/src/edge-impulse/edge-impulse-sdk/tensorflow/lite/micro/kernels/rfft2d.o
    432	      0	      0	    432	    1b0	build/apollo5b_eb_revb/arm-none-eabi/src/edge-impulse/edge-impulse-sdk/tensorflow/lite/micro/kernels/round.o
   7881	      0	      0	   7881	   1ec9	build/apollo5b_eb_revb/arm-none-eabi/src/edge-impulse/edge-impulse-sdk/tensorflow/lite/micro/kernels/scatter_nd.o
      0	      0	      0	      0	      0	build/apollo5b_eb_revb/arm-none-eabi/src/edge-impulse/edge-impulse-sdk/tensorflow/lite/micro/kernels/scratch_buf_mgr.o
      0	      0	      0	      0	      0	build/apollo5b_eb_revb/arm-none-eabi/src/edge-impulse/edge-impulse-sdk/tensorflow/lite/micro/kernels/scratch_buffers.o
      0	      0	      0	      0	      0	build/apollo5b_eb_revb/arm-none-eabi/src/edge-impulse/edge-impulse-sdk/tensorflow/lite/micro/kernels/select.o
    208	      0	      0	    208	     d0	build/apollo5b_eb_revb/arm-none-eabi/src/edge-impulse/edge-impulse-sdk/tensorflow/lite/micro/kernels/shape.o
   3840	      0	      0	   3840	    f00	build/apollo5b_eb_revb/arm-none-eabi/src/edge-impulse/edge-impulse-sdk/tensorflow/lite/micro/kernels/slice.o
    892	      0	      0	    892	    37c	build/apollo5b_eb_revb/arm-none-eabi/src/edge-impulse/edge-impulse-sdk/tensorflow/lite/micro/kernels/softmax.o
    332	      0	      0	    332	    14c	build/apollo5b_eb_revb/arm-none-eabi/src/edge-impulse/edge-impulse-sdk/tensorflow/lite/micro/kernels/softmax_common.o
   1652	      0	      0	   1652	    674	build/apollo5b_eb_revb/arm-none-eabi/src/edge-impulse/edge-impulse-sdk/tensorflow/lite/micro/kernels/space_to_batch_nd.o
   1820	      0	      0	   1820	    71c	build/apollo5b_eb_revb/arm-none-eabi/src/edge-impulse/edge-impulse-sdk/tensorflow/lite/micro/kernels/space_to_depth.o
   2508	      0	      0	   2508	    9cc	build/apollo5b_eb_revb/arm-none-eabi/src/edge-impulse/edge-impulse-sdk/tensorflow/lite/micro/kernels/split.o
   2724	      0	      0	   2724	    aa4	build/apollo5b_eb_revb/arm-none-eabi/src/edge-impulse/edge-impulse-sdk/tensorflow/lite/micro/kernels/split_v.o
   8599	      0	      0	   8599	   2197	build/apollo5b_eb_revb/arm-none-eabi/src/edge-impulse/edge-impulse-sdk/tensorflow/lite/micro/kernels/squared_difference.o
    676	      0	      0	    676	    2a4	build/apollo5b_eb_revb/arm-none-eabi/src/edge-impulse/edge-impulse-sdk/tensorflow/lite/micro/kernels/squeeze.o
  17076	      0	      0	  17076	   42b4	build/apollo5b_eb_revb/arm-none-eabi/src/edge-impulse/edge-impulse-sdk/tensorflow/lite/micro/kernels/strided_slice.o
  10247	      0	      0	  10247	   2807	build/apollo5b_eb_revb/arm-none-eabi/src/edge-impulse/edge-impulse-sdk/tensorflow/lite/micro/kernels/sub.o
    404	      0	      0	    404	    194	build/apollo5b_eb_revb/arm-none-eabi/src/edge-impulse/edge-impulse-sdk/tensorflow/lite/micro/kernels/sub_common.o
    880	      0	      0	    880	    370	build/apollo5b_eb_revb/arm-none-eabi/src/edge-impulse/edge-impulse-sdk/tensorflow/lite/micro/kernels/svdf.o
   4967	      0	      0	   4967	   1367	build/apollo5b_eb_revb/arm-none-eabi/src/edge-impulse/edge-impulse-sdk/tensorflow/lite/micro/kernels/svdf_common.o
   4299	      0	      0	   4299	   10cb	build/apollo5b_eb_revb/arm-none-eabi/src/edge-impulse/edge-impulse-sdk/tensorflow/lite/micro/kernels/tanh.o
  15376	      0	      0	  15376	   3c10	build/apollo5b_eb_revb/arm-none-eabi/src/edge-impulse/edge-impulse-sdk/tensorflow/lite/micro/kernels/tile.o
  27166	      0	      0	  27166	   6a1e	build/apollo5b_eb_revb/arm-none-eabi/src/edge-impulse/edge-impulse-sdk/tensorflow/lite/micro/kernels/topk_v2.o
  18532	      0	      0	  18532	   4864	build/apollo5b_eb_revb/arm-none-eabi/src/edge-impulse/edge-impulse-sdk/tensorflow/lite/micro/kernels/transpose.o
   8960	      0	      0	   8960	   2300	build/apollo5b_eb_revb/arm-none-eabi/src/edge-impulse/edge-impulse-sdk/tensorflow/lite/micro/kernels/transpose_conv.o
   6623	     40	      0	   6663	   1a07	build/apollo5b_eb_revb/arm-none-eabi/src/edge-impulse/edge-impulse-sdk/tensorflow/lite/micro/kernels/tree_ensemble_classifier.o
  12328	      0	      0	  12328	   3028	build/apollo5b_eb_revb/arm-none-eabi/src/edge-impulse/edge-impulse-sdk/tensorflow/lite/micro/kernels/unidirectional_sequence_lstm.o
   2748	      0	      0	   2748	    abc	build/apollo5b_eb_revb/arm-none-eabi/src/edge-impulse/edge-impulse-sdk/tensorflow/lite/micro/kernels/unpack.o
    140	      0	      0	    140	     8c	build/apollo5b_eb_revb/arm-none-eabi/src/edge-impulse/edge-impulse-sdk/tensorflow/lite/micro/kernels/var_handle.o
    384	      0	      0	    384	    180	build/apollo5b_eb_revb/arm-none-eabi/src/edge-impulse/edge-impulse-sdk/tensorflow/lite/micro/kernels/while.o
    376	      0	      0	    376	    178	build/apollo5b_eb_revb/arm-none-eabi/src/edge-impulse/edge-impulse-sdk/tensorflow/lite/micro/kernels/zeros_like.o
  10054	      0	      0	  10054	   2746	build/apollo5b_eb_revb/arm-none-eabi/src/edge-impulse/edge-impulse-sdk/tensorflow/lite/micro/all_ops_resolver.o
    384	      0	    256	    640	    280	build/apollo5b_eb_revb/arm-none-eabi/src/edge-impulse/edge-impulse-sdk/tensorflow/lite/micro/fake_micro_context.o
     56	      0	      0	     56	     38	build/apollo5b_eb_revb/arm-none-eabi/src/edge-impulse/edge-impulse-sdk/tensorflow/lite/micro/flatbuffer_conversions_bridge.o
    859	      0	      0	    859	    35b	build/apollo5b_eb_revb/arm-none-eabi/src/edge-impulse/edge-impulse-sdk/tensorflow/lite/micro/flatbuffer_utils.o
   1000	      0	      0	   1000	    3e8	build/apollo5b_eb_revb/arm-none-eabi/src/edge-impulse/edge-impulse-sdk/tensorflow/lite/micro/memory_helpers.o
   4082	      0	      0	   4082	    ff2	build/apollo5b_eb_revb/arm-none-eabi/src/edge-impulse/edge-impulse-sdk/tensorflow/lite/micro/micro_allocation_info.o
   5400	      0	      0	   5400	   1518	build/apollo5b_eb_revb/arm-none-eabi/src/edge-impulse/edge-impulse-sdk/tensorflow/lite/micro/micro_allocator.o
    520	      0	      0	    520	    208	build/apollo5b_eb_revb/arm-none-eabi/src/edge-impulse/edge-impulse-sdk/tensorflow/lite/micro/micro_context.o
    163	      0	      8	    171	     ab	build/apollo5b_eb_revb/arm-none-eabi/src/edge-impulse/edge-impulse-sdk/tensorflow/lite/micro/micro_error_reporter.o
   2268	      0	      0	   2268	    8dc	build/apollo5b_eb_revb/arm-none-eabi/src/edge-impulse/edge-impulse-sdk/tensorflow/lite/micro/micro_graph.o
   2560	      0	      0	   2560	    a00	build/apollo5b_eb_revb/arm-none-eabi/src/edge-impulse/edge-impulse-sdk/tensorflow/lite/micro/micro_interpreter.o
      4	      0	      0	      4	      4	build/apollo5b_eb_revb/arm-none-eabi/src/edge-impulse/edge-impulse-sdk/tensorflow/lite/micro/micro_log.o
    459	      0	      0	    459	    1cb	build/apollo5b_eb_revb/arm-none-eabi/src/edge-impulse/edge-impulse-sdk/tensorflow/lite/micro/micro_profiler.o
    488	      0	      0	    488	    1e8	build/apollo5b_eb_revb/arm-none-eabi/src/edge-impulse/edge-impulse-sdk/tensorflow/lite/micro/micro_resource_variable.o
   1396	      0	      0	   1396	    574	build/apollo5b_eb_revb/arm-none-eabi/src/edge-impulse/edge-impulse-sdk/tensorflow/lite/micro/micro_string.o
      8	      0	      0	      8	      8	build/apollo5b_eb_revb/arm-none-eabi/src/edge-impulse/edge-impulse-sdk/tensorflow/lite/micro/micro_time.o
   1008	      0	      0	   1008	    3f0	build/apollo5b_eb_revb/arm-none-eabi/src/edge-impulse/edge-impulse-sdk/tensorflow/lite/micro/micro_utils.o
    330	      0	      0	    330	    14a	build/apollo5b_eb_revb/arm-none-eabi/src/edge-impulse/edge-impulse-sdk/tensorflow/lite/micro/mock_micro_graph.o
    714	      0	      0	    714	    2ca	build/apollo5b_eb_revb/arm-none-eabi/src/edge-impulse/edge-impulse-sdk/tensorflow/lite/micro/non_persistent_arena_buffer_allocator.o
     28	      0	      0	     28	     1c	build/apollo5b_eb_revb/arm-none-eabi/src/edge-impulse/edge-impulse-sdk/tensorflow/lite/micro/op_resolver_bridge.o
    204	      0	      0	    204	     cc	build/apollo5b_eb_revb/arm-none-eabi/src/edge-impulse/edge-impulse-sdk/tensorflow/lite/micro/persistent_arena_buffer_allocator.o
   1391	      0	      0	   1391	    56f	build/apollo5b_eb_revb/arm-none-eabi/src/edge-impulse/edge-impulse-sdk/tensorflow/lite/micro/recording_micro_allocator.o
    683	      0	      0	    683	    2ab	build/apollo5b_eb_revb/arm-none-eabi/src/edge-impulse/edge-impulse-sdk/tensorflow/lite/micro/recording_single_arena_buffer_allocator.o
     88	      0	      0	     88	     58	build/apollo5b_eb_revb/arm-none-eabi/src/edge-impulse/edge-impulse-sdk/tensorflow/lite/micro/schema_utils.o
   1177	      0	      0	   1177	    499	build/apollo5b_eb_revb/arm-none-eabi/src/edge-impulse/edge-impulse-sdk/tensorflow/lite/micro/single_arena_buffer_allocator.o
      4	      0	      0	      4	      4	build/apollo5b_eb_revb/arm-none-eabi/src/edge-impulse/edge-impulse-sdk/tensorflow/lite/micro/system_setup.o
    360	      0	     37	    397	    18d	build/apollo5b_eb_revb/arm-none-eabi/src/edge-impulse/edge-impulse-sdk/tensorflow/lite/micro/test_helper_custom_ops.o
  35876	      0	   8479	  44355	   ad43	build/apollo5b_eb_revb/arm-none-eabi/src/edge-impulse/edge-impulse-sdk/tensorflow/lite/micro/test_helpers.o
   1421	      0	      0	   1421	    58d	build/apollo5b_eb_revb/arm-none-eabi/src/edge-impulse/edge-impulse-sdk/tensorflow/lite/micro/memory_planner/greedy_memory_planner.o
    281	      0	      0	    281	    119	build/apollo5b_eb_revb/arm-none-eabi/src/edge-impulse/edge-impulse-sdk/tensorflow/lite/micro/memory_planner/linear_memory_planner.o
    248	      0	      0	    248	     f8	build/apollo5b_eb_revb/arm-none-eabi/src/edge-impulse/edge-impulse-sdk/tensorflow/lite/micro/memory_planner/non_persistent_buffer_planner_shim.o
    550	      0	      0	    550	    226	build/apollo5b_eb_revb/arm-none-eabi/src/edge-impulse/edge-impulse-sdk/tensorflow/lite/core/api/common.o
     64	      0	      0	     64	     40	build/apollo5b_eb_revb/arm-none-eabi/src/edge-impulse/edge-impulse-sdk/tensorflow/lite/core/api/error_reporter.o
   6228	      0	      0	   6228	   1854	build/apollo5b_eb_revb/arm-none-eabi/src/edge-impulse/edge-impulse-sdk/tensorflow/lite/core/api/flatbuffer_conversions.o
    144	      0	      0	    144	     90	build/apollo5b_eb_revb/arm-none-eabi/src/edge-impulse/edge-impulse-sdk/tensorflow/lite/core/api/op_resolver.o
     44	      0	      0	     44	     2c	build/apollo5b_eb_revb/arm-none-eabi/src/edge-impulse/edge-impulse-sdk/tensorflow/lite/core/api/tensor_utils.o
      0	      0	      0	      0	      0	build/apollo5b_eb_revb/arm-none-eabi/src/edge-impulse/edge-impulse-sdk/classifier/ei_run_classifier_c.o
    772	      0	      0	    772	    304	build/apollo5b_eb_revb/arm-none-eabi/src/edge-impulse/edge-impulse-sdk/dsp/dct/fast-dct-fft.o
   5392	      0	      0	   5392	   1510	build/apollo5b_eb_revb/arm-none-eabi/src/edge-impulse/edge-impulse-sdk/dsp/kissfft//kiss_fft.o
    943	      0	      0	    943	    3af	build/apollo5b_eb_revb/arm-none-eabi/src/edge-impulse/edge-impulse-sdk/dsp/kissfft//kiss_fftr.o
   3300	      0	      0	   3300	    ce4	build/apollo5b_eb_revb/arm-none-eabi/src/edge-impulse/edge-impulse-sdk/dsp/image/processing.o
      0	      0	      8	      8	      8	build/apollo5b_eb_revb/arm-none-eabi/src/edge-impulse/edge-impulse-sdk/dsp/memory.o
     15	      0	      0	     15	      f	build/apollo5b_eb_revb/arm-none-eabi/src/edge-impulse/edge-impulse-sdk/porting/ambiq/debug_log.o
    206	      0	      0	    206	     ce	build/apollo5b_eb_revb/arm-none-eabi/src/edge-impulse/edge-impulse-sdk/porting/ambiq/ei_classifier_porting.o
  29825	    784	 238152	 268761	  419d9	build/apollo5b_eb_revb/arm-none-eabi/src/edge-impulse/model/tflite-model/tflite_learn_7_compiled.o
 186724	  39516	 289420	 515660	  7de4c	build/apollo5b_eb_revb/arm-none-eabi/vision.axf
